Archive member included because of file (symbol)

c:/program files (x86)/gnu tools arm embedded/4.8 2013q4/bin/../lib/gcc/arm-none-eabi/4.8.3/../../../../arm-none-eabi/lib/armv7e-m\libm.a(lib_a-w_pow.o)
                              ../build/obj/bget.o (pow)
c:/program files (x86)/gnu tools arm embedded/4.8 2013q4/bin/../lib/gcc/arm-none-eabi/4.8.3/../../../../arm-none-eabi/lib/armv7e-m\libm.a(lib_a-e_pow.o)
                              c:/program files (x86)/gnu tools arm embedded/4.8 2013q4/bin/../lib/gcc/arm-none-eabi/4.8.3/../../../../arm-none-eabi/lib/armv7e-m\libm.a(lib_a-w_pow.o) (__ieee754_pow)
c:/program files (x86)/gnu tools arm embedded/4.8 2013q4/bin/../lib/gcc/arm-none-eabi/4.8.3/../../../../arm-none-eabi/lib/armv7e-m\libm.a(lib_a-e_sqrt.o)
                              c:/program files (x86)/gnu tools arm embedded/4.8 2013q4/bin/../lib/gcc/arm-none-eabi/4.8.3/../../../../arm-none-eabi/lib/armv7e-m\libm.a(lib_a-e_pow.o) (__ieee754_sqrt)
c:/program files (x86)/gnu tools arm embedded/4.8 2013q4/bin/../lib/gcc/arm-none-eabi/4.8.3/../../../../arm-none-eabi/lib/armv7e-m\libm.a(lib_a-s_fabs.o)
                              c:/program files (x86)/gnu tools arm embedded/4.8 2013q4/bin/../lib/gcc/arm-none-eabi/4.8.3/../../../../arm-none-eabi/lib/armv7e-m\libm.a(lib_a-e_pow.o) (fabs)
c:/program files (x86)/gnu tools arm embedded/4.8 2013q4/bin/../lib/gcc/arm-none-eabi/4.8.3/../../../../arm-none-eabi/lib/armv7e-m\libm.a(lib_a-s_finite.o)
                              c:/program files (x86)/gnu tools arm embedded/4.8 2013q4/bin/../lib/gcc/arm-none-eabi/4.8.3/../../../../arm-none-eabi/lib/armv7e-m\libm.a(lib_a-w_pow.o) (finite)
c:/program files (x86)/gnu tools arm embedded/4.8 2013q4/bin/../lib/gcc/arm-none-eabi/4.8.3/../../../../arm-none-eabi/lib/armv7e-m\libm.a(lib_a-s_fpclassify.o)
                              c:/program files (x86)/gnu tools arm embedded/4.8 2013q4/bin/../lib/gcc/arm-none-eabi/4.8.3/../../../../arm-none-eabi/lib/armv7e-m\libm.a(lib_a-w_pow.o) (__fpclassifyd)
c:/program files (x86)/gnu tools arm embedded/4.8 2013q4/bin/../lib/gcc/arm-none-eabi/4.8.3/../../../../arm-none-eabi/lib/armv7e-m\libm.a(lib_a-s_lib_ver.o)
                              c:/program files (x86)/gnu tools arm embedded/4.8 2013q4/bin/../lib/gcc/arm-none-eabi/4.8.3/../../../../arm-none-eabi/lib/armv7e-m\libm.a(lib_a-w_pow.o) (__fdlib_version)
c:/program files (x86)/gnu tools arm embedded/4.8 2013q4/bin/../lib/gcc/arm-none-eabi/4.8.3/../../../../arm-none-eabi/lib/armv7e-m\libm.a(lib_a-s_matherr.o)
                              c:/program files (x86)/gnu tools arm embedded/4.8 2013q4/bin/../lib/gcc/arm-none-eabi/4.8.3/../../../../arm-none-eabi/lib/armv7e-m\libm.a(lib_a-w_pow.o) (matherr)
c:/program files (x86)/gnu tools arm embedded/4.8 2013q4/bin/../lib/gcc/arm-none-eabi/4.8.3/../../../../arm-none-eabi/lib/armv7e-m\libm.a(lib_a-s_nan.o)
                              c:/program files (x86)/gnu tools arm embedded/4.8 2013q4/bin/../lib/gcc/arm-none-eabi/4.8.3/../../../../arm-none-eabi/lib/armv7e-m\libm.a(lib_a-e_pow.o) (nan)
c:/program files (x86)/gnu tools arm embedded/4.8 2013q4/bin/../lib/gcc/arm-none-eabi/4.8.3/../../../../arm-none-eabi/lib/armv7e-m\libm.a(lib_a-s_rint.o)
                              c:/program files (x86)/gnu tools arm embedded/4.8 2013q4/bin/../lib/gcc/arm-none-eabi/4.8.3/../../../../arm-none-eabi/lib/armv7e-m\libm.a(lib_a-w_pow.o) (rint)
c:/program files (x86)/gnu tools arm embedded/4.8 2013q4/bin/../lib/gcc/arm-none-eabi/4.8.3/../../../../arm-none-eabi/lib/armv7e-m\libm.a(lib_a-s_scalbn.o)
                              c:/program files (x86)/gnu tools arm embedded/4.8 2013q4/bin/../lib/gcc/arm-none-eabi/4.8.3/../../../../arm-none-eabi/lib/armv7e-m\libm.a(lib_a-e_pow.o) (scalbn)
c:/program files (x86)/gnu tools arm embedded/4.8 2013q4/bin/../lib/gcc/arm-none-eabi/4.8.3/../../../../arm-none-eabi/lib/armv7e-m\libm.a(lib_a-s_copysign.o)
                              c:/program files (x86)/gnu tools arm embedded/4.8 2013q4/bin/../lib/gcc/arm-none-eabi/4.8.3/../../../../arm-none-eabi/lib/armv7e-m\libm.a(lib_a-s_scalbn.o) (copysign)
c:/program files (x86)/gnu tools arm embedded/4.8 2013q4/bin/../lib/gcc/arm-none-eabi/4.8.3/../../../../arm-none-eabi/lib/armv7e-m\libstdc++.a(pointer_type_info.o)
                              ../build/obj/udp_color_server.o (vtable for __cxxabiv1::__pointer_type_info)
c:/program files (x86)/gnu tools arm embedded/4.8 2013q4/bin/../lib/gcc/arm-none-eabi/4.8.3/../../../../arm-none-eabi/lib/armv7e-m\libstdc++.a(fundamental_type_info.o)
                              c:/program files (x86)/gnu tools arm embedded/4.8 2013q4/bin/../lib/gcc/arm-none-eabi/4.8.3/../../../../arm-none-eabi/lib/armv7e-m\libstdc++.a(pointer_type_info.o) (typeinfo for void)
c:/program files (x86)/gnu tools arm embedded/4.8 2013q4/bin/../lib/gcc/arm-none-eabi/4.8.3/../../../../arm-none-eabi/lib/armv7e-m\libstdc++.a(si_class_type_info.o)
[...]
Memory Configuration

Name             Origin             Length             Attributes
FLASH            0x08000000         0x00100000         xr
RAM              0x20000000         0x00020000         xrw
CCMRAM           0x10000000         0x00010000         rw
*default*        0x00000000         0xffffffff

Linker script and memory map

LOAD c:/program files (x86)/gnu tools arm embedded/4.8 2013q4/bin/../lib/gcc/arm-none-eabi/4.8.3/armv7e-m/crti.o
LOAD c:/program files (x86)/gnu tools arm embedded/4.8 2013q4/bin/../lib/gcc/arm-none-eabi/4.8.3/armv7e-m/crtbegin.o
LOAD c:/program files (x86)/gnu tools arm embedded/4.8 2013q4/bin/../lib/gcc/arm-none-eabi/4.8.3/../../../../arm-none-eabi/lib/armv7e-m/crt0.o
LOAD ../build/obj/system_stm32f4xx.o
LOAD ../build/obj/bget.o
LOAD ../build/obj/api_lib.o
LOAD ../build/obj/api_msg.o
LOAD ../build/obj/err.o
LOAD ../build/obj/netbuf.o
LOAD ../build/obj/netdb.o
LOAD ../build/obj/netifapi.o
LOAD ../build/obj/sockets.o
LOAD ../build/obj/tcpip.o
LOAD ../build/obj/def.o
LOAD ../build/obj/dhcp.o
LOAD ../build/obj/dns.o
LOAD ../build/obj/init.o
LOAD ../build/obj/mem.o
LOAD ../build/obj/memp.o
LOAD ../build/obj/netif.o
LOAD ../build/obj/pbuf.o
LOAD ../build/obj/raw.o
LOAD ../build/obj/stats.o
LOAD ../build/obj/sys.o
LOAD ../build/obj/tcp.o
LOAD ../build/obj/tcp_in.o
LOAD ../build/obj/tcp_out.o
LOAD ../build/obj/timers.o
LOAD ../build/obj/udp.o
LOAD ../build/obj/autoip.o
LOAD ../build/obj/icmp.o
LOAD ../build/obj/igmp.o
LOAD ../build/obj/inet.o
LOAD ../build/obj/inet_chksum.o
LOAD ../build/obj/ip.o
LOAD ../build/obj/ip_addr.o
LOAD ../build/obj/ip_frag.o
LOAD ../build/obj/etharp.o
LOAD ../build/obj/slipif.o
LOAD ../build/obj/ethernetif.o
LOAD ../build/obj/stm32f4x7_eth_bsp.o
LOAD ../build/obj/stm32f4x7_eth.o
LOAD ../build/obj/misc.o
LOAD ../build/obj/stm32f4xx_dma.o
LOAD ../build/obj/stm32f4xx_exti.o
LOAD ../build/obj/stm32f4xx_gpio.o
LOAD ../build/obj/stm32f4xx_rcc.o
LOAD ../build/obj/stm32f4xx_syscfg.o
LOAD ../build/obj/stm32f4xx_tim.o
LOAD ../build/obj/netconf.o
LOAD ../build/obj/startup_stm32f4xx.o
LOAD ../build/obj/oscreceivedelements.o
LOAD ../build/obj/osctypes.o
LOAD ../build/obj/buffs_iram1.o
LOAD ../build/obj/buffs_iram2.o
LOAD ../build/obj/sys_conf.o
LOAD ../build/obj/stm32f4xx_it.o
LOAD ../build/obj/grizzlysys.o
LOAD ../build/obj/grizzlyapp.o
LOAD ../build/obj/udp_color_server.o
LOAD ../build/obj/main.o
LOAD c:/program files (x86)/gnu tools arm embedded/4.8 2013q4/bin/../lib/gcc/arm-none-eabi/4.8.3/../../../../arm-none-eabi/lib/armv7e-m\libm.a
LOAD c:/program files (x86)/gnu tools arm embedded/4.8 2013q4/bin/../lib/gcc/arm-none-eabi/4.8.3/../../../../arm-none-eabi/lib/armv7e-m\libstdc++.a
START GROUP
LOAD c:/program files (x86)/gnu tools arm embedded/4.8 2013q4/bin/../lib/gcc/arm-none-eabi/4.8.3/armv7e-m\libgcc.a
LOAD c:/program files (x86)/gnu tools arm embedded/4.8 2013q4/bin/../lib/gcc/arm-none-eabi/4.8.3/../../../../arm-none-eabi/lib/armv7e-m\libc.a
END GROUP
LOAD c:/program files (x86)/gnu tools arm embedded/4.8 2013q4/bin/../lib/gcc/arm-none-eabi/4.8.3/armv7e-m/crtend.o
LOAD c:/program files (x86)/gnu tools arm embedded/4.8 2013q4/bin/../lib/gcc/arm-none-eabi/4.8.3/armv7e-m/crtn.o
                0x2001ffff                _estack = 0x2001ffff
                0x00000000                _Min_Heap_Size = 0x0
                0x00000400                _Min_Stack_Size = 0x400

.isr_vector     0x08000000      0x188
                0x08000000                . = ALIGN (0x4)
 *(.isr_vector)
 .isr_vector    0x08000000      0x188 ../build/obj/startup_stm32f4xx.o
                0x08000000                g_pfnVectors
                0x08000188                . = ALIGN (0x4)

.text           0x08000188    0x227cc
                0x08000188                . = ALIGN (0x4)
 *(.text)
 .text          0x08000188        0x0 c:/program files (x86)/gnu tools arm embedded/4.8 2013q4/bin/../lib/gcc/arm-none-eabi/4.8.3/armv7e-m/crti.o
 .text          0x08000188       0x54 c:/program files (x86)/gnu tools arm embedded/4.8 2013q4/bin/../lib/gcc/arm-none-eabi/4.8.3/armv7e-m/crtbegin.o
 .text          0x080001dc       0x74 c:/program files (x86)/gnu tools arm embedded/4.8 2013q4/bin/../lib/gcc/arm-none-eabi/4.8.3/../../../../arm-none-eabi/lib/armv7e-m/crt0.o
                0x080001dc                _start
                0x080001dc                _mainCRTStartup
 .text          0x08000250      0x170 ../build/obj/system_stm32f4xx.o
                0x08000250                SystemInit
                0x08000350                SystemCoreClockUpdate
 .text          0x080003c0      0xa40 ../build/obj/bget.o
                0x080003d4                brel
                0x080005e8                bectl
                0x080005fc                bpool
                0x080006a4                bget
                0x08000814                bgetz
                0x08000854                bgetr
                0x080008a4                bstats
                0x08000934                bstatse
                0x080009d8                bufdump
                0x08000aac                bpoold
                0x08000b44                bpoolv
                0x08000bd4                rand
                0x08000c30                srand
                0x08000c3c                main_mem_test
 .text          0x08000e00        0x0 ../build/obj/api_lib.o
 .text          0x08000e00        0x0 ../build/obj/api_msg.o
 .text          0x08000e00        0x0 ../build/obj/err.o
 .text          0x08000e00        0x0 ../build/obj/netbuf.o
 .text          0x08000e00        0x0 ../build/obj/netdb.o
 .text          0x08000e00        0x0 ../build/obj/netifapi.o
 .text          0x08000e00        0x0 ../build/obj/sockets.o
 .text          0x08000e00        0x0 ../build/obj/tcpip.o
 .text          0x08000e00       0x14 ../build/obj/def.o
                0x08000e00                lwip_htons
                0x08000e06                lwip_ntohs
                0x08000e0c                lwip_htonl
                0x08000e10                lwip_ntohl
 .text          0x08000e14      0xddc ../build/obj/dhcp.o
                0x08001784                dhcp_set_struct
                0x08001798                dhcp_cleanup
                0x080017aa                dhcp_inform
                0x08001844                dhcp_network_changed
                0x08001882                dhcp_arp_reply
                0x08001904                dhcp_renew
                0x0800198c                dhcp_coarse_tmr
                0x080019e0                dhcp_release
                0x08001a88                dhcp_fine_tmr
                0x08001b24                dhcp_stop
                0x08001b52                dhcp_start
 .text          0x08001bf0        0x0 ../build/obj/dns.o
 .text          0x08001bf0       0x1a ../build/obj/init.o
                0x08001bf0                lwip_init
 *fill*         0x08001c0a        0x2 
 .text          0x08001c0c      0x2c4 ../build/obj/mem.o
                0x08001c0c                mem_init
                0x08001c48                mem_free
                0x08001cec                mem_trim
                0x08001db8                mem_malloc
                0x08001eb4                mem_calloc
 .text          0x08001ed0       0xfc ../build/obj/memp.o
                0x08001ed0                memp_init
                0x08001f40                memp_malloc
                0x08001f9c                memp_free
 .text          0x08001fcc      0x1a4 ../build/obj/netif.o
                0x08001fcc                netif_init
                0x08001fce                netif_set_addr
                0x08001fe2                netif_add
                0x08002034                netif_find
                0x08002068                netif_set_ipaddr
                0x08002070                netif_set_gw
                0x08002078                netif_set_netmask
                0x08002080                netif_set_default
                0x0800208c                netif_set_up
                0x080020ac                netif_set_down
                0x080020c6                netif_remove
                0x08002114                netif_set_link_up
                0x0800214e                netif_set_link_down
                0x08002168                netif_set_link_callback
 .text          0x08002170      0x50a ../build/obj/pbuf.o
                0x08002170                pbuf_alloced_custom
                0x080021c0                pbuf_header
                0x0800221a                pbuf_free
                0x0800226a                pbuf_alloc
                0x0800236a                pbuf_realloc
                0x080023b6                pbuf_clen
                0x080023c6                pbuf_ref
                0x080023d0                pbuf_cat
                0x080023f2                pbuf_chain
                0x08002404                pbuf_dechain
                0x0800242a                pbuf_copy
                0x080024be                pbuf_copy_partial
                0x08002520                pbuf_take
                0x08002568                pbuf_coalesce
                0x08002594                pbuf_get_at
                0x080025aa                pbuf_memcmp
                0x080025fc                pbuf_memfind
                0x0800263a                pbuf_strstr
 *fill*         0x0800267a        0x2 
 .text          0x0800267c      0x180 ../build/obj/raw.o
                0x0800267c                raw_input
                0x080026f4                raw_bind
                0x080026fe                raw_connect
                0x08002708                raw_recv
                0x0800270e                raw_sendto
                0x0800279c                raw_send
                0x080027a2                raw_remove
                0x080027d0                raw_new
 .text          0x080027fc        0x2 ../build/obj/stats.o
                0x080027fc                stats_init
 .text          0x080027fe        0x0 ../build/obj/sys.o
 .text          0x080027fe        0x0 ../build/obj/tcp.o
 .text          0x080027fe        0x0 ../build/obj/tcp_in.o
 .text          0x080027fe        0x0 ../build/obj/tcp_out.o
 .text          0x080027fe        0x2 ../build/obj/timers.o
                0x080027fe                tcp_timer_needed
 .text          0x08002800      0x3fc ../build/obj/udp.o
                0x08002800                udp_init
                0x08002802                udp_input
                0x080029a8                udp_bind
                0x08002a3c                udp_sendto_if
                0x08002b0c                udp_sendto
                0x08002b48                udp_send
                0x08002b50                udp_connect
                0x08002b9c                udp_disconnect
                0x08002bac                udp_recv
                0x08002bb2                udp_remove
                0x08002be0                udp_new
 .text          0x08002bfc        0x0 ../build/obj/autoip.o
 .text          0x08002bfc      0x234 ../build/obj/icmp.o
                0x08002c88                icmp_input
                0x08002e1c                icmp_dest_unreach
                0x08002e26                icmp_time_exceeded
 .text          0x08002e30        0x0 ../build/obj/igmp.o
 .text          0x08002e30        0x0 ../build/obj/inet.o
 .text          0x08002e30      0x1ce ../build/obj/inet_chksum.o
                0x08002e88                inet_chksum_pseudo
                0x08002f0c                inet_chksum_pseudo_partial
                0x08002fac                inet_chksum
                0x08002fb8                inet_chksum_pbuf
 *fill*         0x08002ffe        0x2 
 .text          0x08003000      0x320 ../build/obj/ip.o
                0x08003000                ip_route
                0x0800304c                ip_input
                0x0800320c                ip_output_if
                0x080032d8                ip_output
 .text          0x08003320      0x228 ../build/obj/ip_addr.o
                0x08003320                ip4_addr_isbroadcast
                0x08003354                ip4_addr_netmask_valid
                0x08003382                ipaddr_aton
                0x0800348c                ipaddr_addr
                0x080034a4                ipaddr_ntoa_r
                0x0800353c                ipaddr_ntoa
 .text          0x08003548      0x5c8 ../build/obj/ip_frag.o
                0x08003658                ip_reass_tmr
                0x08003680                ip_reass
                0x08003970                ip_frag
 .text          0x08003b10      0x6c0 ../build/obj/etharp.o
                0x08003c30                etharp_tmr
                0x08003c70                etharp_cleanup_netif
                0x08003c98                etharp_find_addr
                0x08003cd0                etharp_request
                0x08003dd0                etharp_query
                0x08003ed8                etharp_output
                0x08003fe0                ethernet_input
 .text          0x080041d0        0x0 ../build/obj/slipif.o
 .text          0x080041d0      0x224 ../build/obj/ethernetif.o
                0x08004278                ethernetif_input
                0x08004354                ethernetif_init
 .text          0x080043f4      0x3f4 ../build/obj/stm32f4x7_eth_bsp.o
                0x080043f4                Eth_Link_PHYITConfig
                0x0800442c                Eth_Link_EXTIConfig
                0x0800449c                ETH_BSP_Config
                0x080046ec                Eth_Link_ITHandler
                0x08004720                ETH_link_callback
 .text          0x080047e8     0x196c ../build/obj/stm32f4x7_eth.o
                0x080047e8                ETH_DeInit
                0x08004802                ETH_StructInit
                0x080048aa                ETH_MACTransmissionCmd
                0x080048f0                ETH_MACReceptionCmd
                0x08004934                ETH_GetFlowControlBusyStatus
                0x08004944                ETH_InitiatePauseControlFrame
                0x0800496c                ETH_BackPressureActivationCmd
                0x080049b0                ETH_GetMACFlagStatus
                0x080049ec                ETH_GetMACITStatus
                0x08004a28                ETH_MACITConfig
                0x08004a6c                ETH_MACAddressConfig
                0x08004ab4                ETH_GetMACAddress
                0x08004af4                ETH_MACAddressPerfectFilterCmd
                0x08004b54                ETH_MACAddressFilterConfig
                0x08004bb0                ETH_MACAddressMaskBytesFilterConfig
                0x08004c38                ETH_Get_Received_Frame
                0x08004c64                ETH_Get_Received_Frame_interrupt
                0x08004cf8                ETH_Prepare_Transmit_Descriptors
                0x08004dbc                ETH_DMARxDescChainInit
                0x08004e1c                ETH_CheckFrameReceived
                0x08004e98                ETH_DMATxDescChainInit
                0x08004ee4                ETH_GetDMATxDescFlagStatus
                0x08004f88                ETH_GetDMATxDescCollisionCount
                0x08004f90                ETH_SetDMATxDescOwnBit
                0x08004f9a                ETH_DMATxDescTransmitITConfig
                0x08004fc8                ETH_DMATxDescFrameSegmentConfig
                0x08004ff0                ETH_DMATxDescChecksumInsertionConfig
                0x08005014                ETH_DMATxDescCRCCmd
                0x08005040                ETH_DMATxDescSecondAddressChainedCmd
                0x0800506c                ETH_DMATxDescShortFramePaddingCmd
                0x08005098                ETH_DMATxDescBufferSizeConfig
                0x080050d0                ETH_GetDMARxDescFlagStatus
                0x0800514c                ETH_GetDMAPTPRxDescExtendedFlagStatus
                0x08005194                ETH_SetDMARxDescOwnBit
                0x0800519e                ETH_GetDMARxDescFrameLength
                0x080051a6                ETH_DMARxDescReceiveITConfig
                0x080051d4                ETH_GetDMARxDescBufferSize
                0x08005200                ETH_GetRxPktSize
                0x08005224                ETH_EnhancedDescriptorCmd
                0x08005268                ETH_SoftwareReset
                0x08005278                ETH_GetSoftwareResetStatus
                0x08005288                ETH_GetDMAFlagStatus
                0x0800530c                ETH_DMAClearFlag
                0x08005338                ETH_DMAITConfig
                0x08005388                ETH_GetDMAITStatus
                0x0800540c                ETH_DMAClearITPendingBit
                0x08005438                ETH_GetTransmitProcessState
                0x0800544c                ETH_GetReceiveProcessState
                0x08005460                ETH_FlushTransmitFIFO
                0x0800548c                ETH_Start
                0x080054bc                ETH_GetFlushTransmitFIFOStatus
                0x080054d0                ETH_DMATransmissionCmd
                0x08005508                ETH_DMAReceptionCmd
                0x08005540                ETH_Stop
                0x08005562                ETH_GetDMAOverflowStatus
                0x08005594                ETH_GetRxOverflowMissedFrameCounter
                0x080055a4                ETH_GetBufferUnavailableMissedFrameCounter
                0x080055b0                ETH_GetCurrentTxDescStartAddress
                0x080055c0                ETH_GetCurrentRxDescStartAddress
                0x080055d0                ETH_GetCurrentTxBufferAddress
                0x080055e0                ETH_GetCurrentRxBufferAddress
                0x080055f0                ETH_ResumeDMATransmission
                0x08005600                ETH_ResumeDMAReception
                0x08005610                ETH_SetReceiveWatchdogTimer
                0x08005620                ETH_ReadPHYRegister
                0x08005678                ETH_WritePHYRegister
                0x080056cc                ETH_Init
                0x08005d64                ETH_PHYLoopBackCmd
                0x08005db0                ETH_ResetWakeUpFrameFilterRegisterPointer
                0x08005dd8                ETH_SetWakeUpFrameFilterRegister
                0x08005e04                ETH_GlobalUnicastWakeUpCmd
                0x08005e48                ETH_GetPMTFlagStatus
                0x08005e74                ETH_WakeUpFrameDetectionCmd
                0x08005eb8                ETH_MagicPacketDetectionCmd
                0x08005efc                ETH_PowerDownCmd
                0x08005f40                ETH_MMCCounterFullPreset
                0x08005f54                ETH_MMCCounterHalfPreset
                0x08005f74                ETH_MMCCounterFreezeCmd
                0x08005fac                ETH_MMCResetOnReadCmd
                0x08005fe4                ETH_MMCCounterRolloverCmd
                0x0800601c                ETH_MMCCountersReset
                0x08006030                ETH_MMCITConfig
                0x080060a0                ETH_GetMMCITStatus
                0x08006104                ETH_GetMMCRegister
 .text          0x08006154      0x190 ../build/obj/misc.o
                0x08006154                NVIC_PriorityGroupConfig
                0x08006190                NVIC_Init
                0x0800622c                NVIC_SetVectorTable
                0x08006270                NVIC_SystemLPConfig
                0x080062b4                SysTick_CLKSourceConfig
 .text          0x080062e4     0x1058 ../build/obj/stm32f4xx_dma.o
                0x080062e4                DMA_DeInit
                0x08006470                DMA_Init
                0x08006640                DMA_StructInit
                0x08006662                DMA_Cmd
                0x08006700                DMA_PeriphIncOffsetSizeConfig
                0x080067a0                DMA_FlowControllerConfig
                0x0800683c                DMA_SetCurrDataCounter
                0x080068bc                DMA_GetCurrDataCounter
                0x0800693c                DMA_DoubleBufferModeConfig
                0x080069e0                DMA_DoubleBufferModeCmd
                0x08006a80                DMA_MemoryTargetConfig
                0x08006b18                DMA_GetCurrentMemoryTarget
                0x08006b98                DMA_GetCmdStatus
                0x08006c18                DMA_GetFIFOStatus
                0x08006c98                DMA_GetFlagStatus
                0x08006e7c                DMA_ClearFlag
                0x08006f44                DMA_ITConfig
                0x08007020                DMA_GetITStatus
                0x08007274                DMA_ClearITPendingBit
 .text          0x0800733c      0x298 ../build/obj/stm32f4xx_exti.o
                0x0800733c                EXTI_DeInit
                0x08007358                EXTI_Init
                0x08007418                EXTI_StructInit
                0x08007426                EXTI_GenerateSWInterrupt
                0x0800744c                EXTI_GetFlagStatus
                0x080074e8                EXTI_ClearFlag
                0x0800750c                EXTI_GetITStatus
                0x080075b0                EXTI_ClearITPendingBit
 .text          0x080075d4      0x808 ../build/obj/stm32f4xx_gpio.o
                0x080075d4                GPIO_DeInit
                0x080076a8                GPIO_Init
                0x080077c8                GPIO_StructInit
                0x080077da                GPIO_PinLockConfig
                0x08007868                GPIO_ReadInputDataBit
                0x0800792c                GPIO_ReadInputData
                0x08007990                GPIO_ReadOutputDataBit
                0x08007a54                GPIO_ReadOutputData
                0x08007ab8                GPIO_SetBits
                0x08007b28                GPIO_ResetBits
                0x08007b98                GPIO_WriteBit
                0x08007c6c                GPIO_Write
                0x08007cd0                GPIO_ToggleBits
                0x08007d38                GPIO_PinAFConfig
 .text          0x08007ddc      0xae4 ../build/obj/stm32f4xx_rcc.o
                0x08007ddc                RCC_DeInit
                0x08007e18                RCC_HSEConfig
                0x08007e40                RCC_AdjustHSICalibrationValue
                0x08007e6c                RCC_HSICmd
                0x08007e8c                RCC_LSEConfig
                0x08007ec8                RCC_LSICmd
                0x08007ee8                RCC_PLLConfig
                0x08007f74                RCC_PLLCmd
                0x08007f94                RCC_PLLI2SConfig
                0x08007fd4                RCC_PLLI2SCmd
                0x08007ff4                RCC_ClockSecuritySystemCmd
                0x08008014                RCC_MCO1Config
                0x08008064                RCC_MCO2Config
                0x080080b4                RCC_SYSCLKConfig
                0x080080dc                RCC_GetSYSCLKSource
                0x080080ec                RCC_HCLKConfig
                0x08008134                RCC_PCLK1Config
                0x08008170                RCC_PCLK2Config
                0x080081ac                RCC_GetClocksFreq
                0x08008234                RCC_RTCCLKConfig
                0x080082dc                RCC_RTCCLKCmd
                0x080082fc                RCC_BackupResetCmd
                0x0800831c                RCC_I2SCLKConfig
                0x0800833c                RCC_TIMCLKPresConfig
                0x0800835c                RCC_AHB1PeriphClockCmd
                0x080083a4                RCC_AHB2PeriphClockCmd
                0x080083e8                RCC_AHB3PeriphClockCmd
                0x0800842c                RCC_APB1PeriphClockCmd
                0x08008474                RCC_APB2PeriphClockCmd
                0x080084bc                RCC_AHB1PeriphResetCmd
                0x08008504                RCC_AHB2PeriphResetCmd
                0x08008548                RCC_AHB3PeriphResetCmd
                0x0800858c                RCC_APB1PeriphResetCmd
                0x080085d4                RCC_APB2PeriphResetCmd
                0x0800861c                RCC_AHB1PeriphClockLPModeCmd
                0x08008664                RCC_AHB2PeriphClockLPModeCmd
                0x080086a8                RCC_AHB3PeriphClockLPModeCmd
                0x080086ec                RCC_APB1PeriphClockLPModeCmd
                0x08008734                RCC_APB2PeriphClockLPModeCmd
                0x0800877c                RCC_ITConfig
                0x080087c0                RCC_GetFlagStatus
                0x0800881c                RCC_WaitForHSEStartUp
                0x0800884c                RCC_ClearFlag
                0x0800885c                RCC_GetITStatus
                0x0800889c                RCC_ClearITPendingBit
 .text          0x080088c0       0xd4 ../build/obj/stm32f4xx_syscfg.o
                0x080088c0                SYSCFG_DeInit
                0x080088da                SYSCFG_MemoryRemapConfig
                0x080088f8                SYSCFG_EXTILineConfig
                0x08008944                SYSCFG_ETH_MediaInterfaceConfig
                0x08008964                SYSCFG_CompensationCellCmd
                0x08008984                SYSCFG_GetCompensationCellStatus
 .text          0x08008994     0x31e0 ../build/obj/stm32f4xx_tim.o
                0x08008a00                TIM_DeInit
                0x08008b4c                TIM_TimeBaseInit
                0x08008c7c                TIM_TimeBaseStructInit
                0x08008c8e                TIM_PrescalerConfig
                0x08008d28                TIM_CounterModeConfig
                0x08008d98                TIM_SetCounter
                0x08008e20                TIM_SetAutoreload
                0x08008ea8                TIM_GetCounter
                0x08008f30                TIM_GetPrescaler
                0x08008fb8                TIM_UpdateDisableConfig
                0x08009068                TIM_UpdateRequestConfig
                0x08009118                TIM_ARRPreloadConfig
                0x080091c8                TIM_SelectOnePulseMode
                0x08009274                TIM_SetClockDivision
                0x08009314                TIM_Cmd
                0x080093c4                TIM_OC1Init
                0x0800953c                TIM_OC2Init
                0x080096ac                TIM_OC3Init
                0x08009808                TIM_OC4Init
                0x0800990c                TIM_OCStructInit
                0x08009920                TIM_SelectOCxM
                0x08009a00                TIM_SetCompare1
                0x08009a78                TIM_SetCompare2
                0x08009ad0                TIM_SetCompare3
                0x08009b18                TIM_SetCompare4
                0x08009b60                TIM_ForcedOC1Config
                0x08009bf8                TIM_ForcedOC2Config
                0x08009c74                TIM_ForcedOC3Config
                0x08009cdc                TIM_ForcedOC4Config
                0x08009d48                TIM_OC1PreloadConfig
                0x08009ddc                TIM_OC2PreloadConfig
                0x08009e54                TIM_OC3PreloadConfig
                0x08009eb8                TIM_OC4PreloadConfig
                0x08009f20                TIM_OC1FastConfig
                0x08009fb4                TIM_OC2FastConfig
                0x0800a02c                TIM_OC3FastConfig
                0x0800a090                TIM_OC4FastConfig
                0x0800a0f8                TIM_ClearOC1Ref
                0x0800a18c                TIM_ClearOC2Ref
                0x0800a200                TIM_ClearOC3Ref
                0x0800a264                TIM_ClearOC4Ref
                0x0800a2c8                TIM_OC1PolarityConfig
                0x0800a35c                TIM_OC1NPolarityConfig
                0x0800a3a4                TIM_OC2PolarityConfig
                0x0800a41c                TIM_OC2NPolarityConfig
                0x0800a468                TIM_OC3PolarityConfig
                0x0800a4d0                TIM_OC3NPolarityConfig
                0x0800a51c                TIM_OC4PolarityConfig
                0x0800a584                TIM_CCxCmd
                0x0800a634                TIM_CCxNCmd
                0x0800a69c                TIM_ICStructInit
                0x0800a6ac                TIM_GetCapture1
                0x0800a724                TIM_GetCapture2
                0x0800a77c                TIM_GetCapture3
                0x0800a7c4                TIM_GetCapture4
                0x0800a80c                TIM_SetIC1Prescaler
                0x0800a8a8                TIM_SetIC2Prescaler
                0x0800a928                TIM_PWMIConfig
                0x0800a9e4                TIM_SetIC3Prescaler
                0x0800aa50                TIM_SetIC4Prescaler
                0x0800aac0                TIM_ICInit
                0x0800acfc                TIM_BDTRConfig
                0x0800adbc                TIM_BDTRStructInit
                0x0800adce                TIM_CtrlPWMOutputs
                0x0800ae24                TIM_SelectCOM
                0x0800ae74                TIM_CCPreloadControl
                0x0800aec4                TIM_ITConfig
                0x0800af84                TIM_GenerateEvent
                0x0800b020                TIM_GetFlagStatus
                0x0800b0f4                TIM_ClearFlag
                0x0800b180                TIM_GetITStatus
                0x0800b244                TIM_ClearITPendingBit
                0x0800b2d0                TIM_DMAConfig
                0x0800b35c                TIM_DMACmd
                0x0800b3ec                TIM_SelectCCDMA
                0x0800b45c                TIM_InternalClockConfig
                0x0800b4bc                TIM_SelectInputTrigger
                0x0800b558                TIM_ITRxExternalClockConfig
                0x0800b5d0                TIM_TIxExternalClockConfig
                0x0800b698                TIM_SelectOutputTrigger
                0x0800b718                TIM_SelectSlaveMode
                0x0800b794                TIM_SelectMasterSlaveMode
                0x0800b810                TIM_ETRConfig
                0x0800b898                TIM_ETRClockMode1Config
                0x0800b92c                TIM_ETRClockMode2Config
                0x0800b9bc                TIM_EncoderInterfaceConfig
                0x0800ba94                TIM_SelectHallSensor
                0x0800bb14                TIM_RemapConfig
 .text          0x0800bb74       0xb8 ../build/obj/netconf.o
                0x0800bb74                LwIP_Init
                0x0800bbf8                LwIP_Pkt_Handle
                0x0800bc04                LwIP_Periodic_Handle
 .text          0x0800bc2c       0x14 ../build/obj/startup_stm32f4xx.o
 .text          0x0800bc40      0xb44 ../build/obj/oscreceivedelements.o
                0x0800bc88                osc::ReceivedPacket::IsBundle() const
                0x0800bca0                osc::ReceivedBundleElement::Size() const
                0x0800bcbe                osc::ReceivedBundleElement::IsBundle() const
                0x0800bcdc                osc::ReceivedMessageArgument::AsBool() const
                0x0800bd40                osc::ReceivedMessageArgument::AsBoolUnchecked() const
                0x0800bd78                osc::ReceivedMessageArgument::AsInt32Unchecked() const
                0x0800bd96                osc::ReceivedMessageArgument::AsInt32() const
                0x0800bdf4                osc::ReceivedMessageArgument::AsFloatUnchecked() const
                0x0800be12                osc::ReceivedMessageArgument::AsFloat() const
                0x0800be70                osc::ReceivedMessageArgument::AsCharUnchecked() const
                0x0800be76                osc::ReceivedMessageArgument::AsChar() const
                0x0800bed4                osc::ReceivedMessageArgument::AsRgbaColorUnchecked() const
                0x0800beda                osc::ReceivedMessageArgument::AsRgbaColor() const
                0x0800bf38                osc::ReceivedMessageArgument::AsMidiMessageUnchecked() const
                0x0800bf3e                osc::ReceivedMessageArgument::AsMidiMessage() const
                0x0800bf9c                osc::ReceivedMessageArgument::AsInt64Unchecked() const
                0x0800bfd4                osc::ReceivedMessageArgument::AsInt64() const
                0x0800c034                osc::ReceivedMessageArgument::AsTimeTagUnchecked() const
                0x0800c06c                osc::ReceivedMessageArgument::AsTimeTag() const
                0x0800c0cc                osc::ReceivedMessageArgument::AsDoubleUnchecked() const
                0x0800c104                osc::ReceivedMessageArgument::AsDouble() const
                0x0800c164                osc::ReceivedMessageArgument::AsString() const
                0x0800c1c0                osc::ReceivedMessageArgument::AsSymbol() const
                0x0800c21c                osc::ReceivedMessageArgument::AsBlobUnchecked(void const*&, long&) const
                0x0800c264                osc::ReceivedMessageArgument::AsBlob(void const*&, long&) const
                0x0800c2c4                osc::ReceivedMessageArgument::ComputeArrayItemCount() const
                0x0800c31c                osc::ReceivedMessageArgumentIterator::Advance()
                0x0800c3be                osc::ReceivedMessage::AddressPatternIsUInt32() const
                0x0800c3cc                osc::ReceivedMessage::AddressPatternAsUInt32() const
                0x0800c3d2                osc::ReceivedMessage::Init(char const*, long)
                0x0800c5d4                osc::ReceivedMessage::ReceivedMessage(osc::ReceivedPacket const&)
                0x0800c5d4                osc::ReceivedMessage::ReceivedMessage(osc::ReceivedPacket const&)
                0x0800c5e8                osc::ReceivedMessage::ReceivedMessage(osc::ReceivedBundleElement const&)
                0x0800c5e8                osc::ReceivedMessage::ReceivedMessage(osc::ReceivedBundleElement const&)
                0x0800c606                osc::ReceivedBundle::Init(char const*, long)
                0x0800c718                osc::ReceivedBundle::ReceivedBundle(osc::ReceivedPacket const&)
                0x0800c718                osc::ReceivedBundle::ReceivedBundle(osc::ReceivedPacket const&)
                0x0800c72a                osc::ReceivedBundle::ReceivedBundle(osc::ReceivedBundleElement const&)
                0x0800c72a                osc::ReceivedBundle::ReceivedBundle(osc::ReceivedBundleElement const&)
                0x0800c74a                osc::ReceivedBundle::TimeTag() const
 .text          0x0800c784        0x0 ../build/obj/osctypes.o
 .text          0x0800c784        0x0 ../build/obj/buffs_iram1.o
 .text          0x0800c784        0x0 ../build/obj/buffs_iram2.o
 .text          0x0800c784      0x118 ../build/obj/sys_conf.o
                0x0800c784                Delay
                0x0800c7a0                Time_Update
                0x0800c7b0                assert_failed
                0x0800c7b2                malloc
                0x0800c7b6                free
                0x0800c7ba                initialise_monitor_handles
                0x0800c7bc                _getpid
                0x0800c7c0                _kill
                0x0800c7d0                _exit
                0x0800c7dc                _write
                0x0800c7e0                _sbrk
                0x0800c814                _close
                0x0800c81a                _fstat
                0x0800c824                _isatty
                0x0800c828                _lseek
                0x0800c82c                _read
                0x0800c830                _open
                0x0800c83a                _wait
                0x0800c84c                _unlink
                0x0800c85c                _times
                0x0800c862                _stat
                0x0800c86c                _link
                0x0800c87c                _fork
                0x0800c88c                _execve
 .text          0x0800c89c       0xdc ../build/obj/stm32f4xx_it.o
                0x0800c89c                NMI_Handler
                0x0800c89e                HardFault_Handler
                0x0800c8a0                MemManage_Handler
                0x0800c8a2                BusFault_Handler
                0x0800c8a4                UsageFault_Handler
                0x0800c8a6                DebugMon_Handler
                0x0800c8a8                SysTick_Handler
                0x0800c8ac                EXTI15_10_IRQHandler
                0x0800c8cc                TIM2_IRQHandler
                0x0800c8ea                DMA2_Stream0_IRQHandler
                0x0800c90c                DMA2_Stream5_IRQHandler
 .text          0x0800c978      0x5f0 ../build/obj/grizzlysys.o
                0x0800c978                GrizzlyApp::sysConfigRCC()
                0x0800c9f8                GrizzlyApp::sysConfigSysTick()
                0x0800ca5c                GrizzlyApp::sysConfigDebug(unsigned char)
                0x0800ca74                GrizzlyApp::sysDisablePHY()
                0x0800ca84                GrizzlyApp::sysEnablePHY()
                0x0800ca94                GrizzlyApp::gpioConfigEthernet()
                0x0800cba8                GrizzlyApp::gpioConfigLEDOutput()
                0x0800cc90                GrizzlyApp::dmaInitializeRGBData()
                0x0800cd48                GrizzlyApp::dmaInitializeClockRising()
                0x0800cde8                GrizzlyApp::dmaInitializeClockFalling()
                0x0800ce88                GrizzlyApp::dmaSendRGBFrame()
                0x0800ceec                GrizzlyApp::dmaInitLEDFrameTimer()
                0x0800cf40                GrizzlyApp::dmaStartLEDFrameTimer()
                0x0800cf54                GrizzlyApp::dmaStopLEDFrameTimer()
 .text          0x0800cf68       0x34 ../build/obj/grizzlyapp.o
                0x0800cf68                GrizzlyApp::pushNextWorker()
                0x0800cf6a                GrizzlyApp::runWorker()
                0x0800cf6c                GrizzlyApp::processDMA()
                0x0800cf6e                GrizzlyApp::initialize()
                0x0800cf70                GrizzlyApp::initReceivers()
                0x0800cf72                GrizzlyApp::runReceivers()
 .text          0x0800cf9c      0x328 ../build/obj/udp_color_server.o
                0x0800cf9c                GrizzlyLib::ElementBuffer<GrizzlyLib::ARGBFormat>::bufferType()
                0x0800cfa4                GrizzlyLib::ElementBuffer<GrizzlyLib::RGBFormat>::bufferType()
                0x0800cfac                GrizzlyLib::ElementBuffer<GrizzlyLib::XYZFormat>::bufferType()
                0x0800cfb4                GrizzlyLib::ElementBuffer<GrizzlyLib::SlowXYZFormat>::bufferType()
                0x0800cfbc                GrizzlyLib::ElementBuffer<GrizzlyLib::DMAFormat>::bufferType()
                0x0800cfc4                GrizzlyLib::ElementBuffer<GrizzlyLib::SlowDMAFormat>::bufferType()
                0x0800cfcc                udp_colorserver_init(GrizzlyApp*)
                0x0800d018                udp_colorserver_receive_callback
 .text          0x0800d2c4        0x0 ../build/obj/main.o
 .text          0x0800d2c4        0x0 c:/program files (x86)/gnu tools arm embedded/4.8 2013q4/bin/../lib/gcc/arm-none-eabi/4.8.3/../../../../arm-none-eabi/lib/armv7e-m\libm.a(lib_a-w_pow.o)
 .text          0x0800d2c4        0x0 c:/program files (x86)/gnu tools arm embedded/4.8 2013q4/bin/../lib/gcc/arm-none-eabi/4.8.3/../../../../arm-none-eabi/lib/armv7e-m\libm.a(lib_a-e_pow.o)
 .text          0x0800d2c4        0x0 c:/program files (x86)/gnu tools arm embedded/4.8 2013q4/bin/../lib/gcc/arm-none-eabi/4.8.3/../../../../arm-none-eabi/lib/armv7e-m\libm.a(lib_a-e_sqrt.o)
 .text          0x0800d2c4        0x0 c:/program files (x86)/gnu tools arm embedded/4.8 2013q4/bin/../lib/gcc/arm-none-eabi/4.8.3/../../../../arm-none-eabi/lib/armv7e-m\libm.a(lib_a-s_fabs.o)
 .text          0x0800d2c4        0x0 c:/program files (x86)/gnu tools arm embedded/4.8 2013q4/bin/../lib/gcc/arm-none-eabi/4.8.3/../../../../arm-none-eabi/lib/armv7e-m\libm.a(lib_a-s_finite.o)
 .text          0x0800d2c4        0x0 c:/program files (x86)/gnu tools arm embedded/4.8 2013q4/bin/../lib/gcc/arm-none-eabi/4.8.3/../../../../arm-none-eabi/lib/armv7e-m\libm.a(lib_a-s_fpclassify.o)
 .text          0x0800d2c4        0x0 c:/program files (x86)/gnu tools arm embedded/4.8 2013q4/bin/../lib/gcc/arm-none-eabi/4.8.3/../../../../arm-none-eabi/lib/armv7e-m\libm.a(lib_a-s_lib_ver.o)
 .text          0x0800d2c4        0x0 c:/program files (x86)/gnu tools arm embedded/4.8 2013q4/bin/../lib/gcc/arm-none-eabi/4.8.3/../../../../arm-none-eabi/lib/armv7e-m\libm.a(lib_a-s_matherr.o)
 .text          0x0800d2c4        0x0 c:/program files (x86)/gnu tools arm embedded/4.8 2013q4/bin/../lib/gcc/arm-none-eabi/4.8.3/../../../../arm-none-eabi/lib/armv7e-m\libm.a(lib_a-s_nan.o)
 .text          0x0800d2c4        0x0 c:/program files (x86)/gnu tools arm embedded/4.8 2013q4/bin/../lib/gcc/arm-none-eabi/4.8.3/../../../../arm-none-eabi/lib/armv7e-m\libm.a(lib_a-s_rint.o)
 .text          0x0800d2c4        0x0 c:/program files (x86)/gnu tools arm embedded/4.8 2013q4/bin/../lib/gcc/arm-none-eabi/4.8.3/../../../../arm-none-eabi/lib/armv7e-m\libm.a(lib_a-s_scalbn.o)
 .text          0x0800d2c4        0x0 c:/program files (x86)/gnu tools arm embedded/4.8 2013q4/bin/../lib/gcc/arm-none-eabi/4.8.3/../../../../arm-none-eabi/lib/armv7e-m\libm.a(lib_a-s_copysign.o)
 .text          0x0800d2c4        0x0 c:/program files (x86)/gnu tools arm embedded/4.8 2013q4/bin/../lib/gcc/arm-none-eabi/4.8.3/../../../../arm-none-eabi/lib/armv7e-m\libstdc++.a(pointer_type_info.o)
 .text          0x0800d2c4        0x0 c:/program files (x86)/gnu tools arm embedded/4.8 2013q4/bin/../lib/gcc/arm-none-eabi/4.8.3/../../../../arm-none-eabi/lib/armv7e-m\libstdc++.a(fundamental_type_info.o)
 .text          0x0800d2c4        0x0 c:/program files (x86)/gnu tools arm embedded/4.8 2013q4/bin/../lib/gcc/arm-none-eabi/4.8.3/../../../../arm-none-eabi/lib/armv7e-m\libstdc++.a(si_class_type_info.o)
 .text          0x0800d2c4        0x0 c:/program files (x86)/gnu tools arm embedded/4.8 2013q4/bin/../lib/gcc/arm-none-eabi/4.8.3/../../../../arm-none-eabi/lib/armv7e-m\libstdc++.a(pure.o)
 .text          0x0800d2c4        0x0 c:/program files (x86)/gnu tools arm embedded/4.8 2013q4/bin/../lib/gcc/arm-none-eabi/4.8.3/../../../../arm-none-eabi/lib/armv7e-m\libstdc++.a(pbase_type_info.o)
 .text          0x0800d2c4        0x0 c:/program files (x86)/gnu tools arm embedded/4.8 2013q4/bin/../lib/gcc/arm-none-eabi/4.8.3/../../../../arm-none-eabi/lib/armv7e-m\libstdc++.a(eh_exception.o)
 .text          0x0800d2c4        0x0 c:/program files (x86)/gnu tools arm embedded/4.8 2013q4/bin/../lib/gcc/arm-none-eabi/4.8.3/../../../../arm-none-eabi/lib/armv7e-m\libstdc++.a(del_op.o)
 .text          0x0800d2c4        0x0 c:/program files (x86)/gnu tools arm embedded/4.8 2013q4/bin/../lib/gcc/arm-none-eabi/4.8.3/../../../../arm-none-eabi/lib/armv7e-m\libstdc++.a(class_type_info.o)
 .text          0x0800d2c4        0x0 c:/program files (x86)/gnu tools arm embedded/4.8 2013q4/bin/../lib/gcc/arm-none-eabi/4.8.3/../../../../arm-none-eabi/lib/armv7e-m\libstdc++.a(atexit_arm.o)
 .text          0x0800d2c4        0x0 c:/program files (x86)/gnu tools arm embedded/4.8 2013q4/bin/../lib/gcc/arm-none-eabi/4.8.3/../../../../arm-none-eabi/lib/armv7e-m\libstdc++.a(eh_throw.o)
 .text          0x0800d2c4        0x0 c:/program files (x86)/gnu tools arm embedded/4.8 2013q4/bin/../lib/gcc/arm-none-eabi/4.8.3/../../../../arm-none-eabi/lib/armv7e-m\libstdc++.a(new_op.o)
 .text          0x0800d2c4        0x0 c:/program files (x86)/gnu tools arm embedded/4.8 2013q4/bin/../lib/gcc/arm-none-eabi/4.8.3/../../../../arm-none-eabi/lib/armv7e-m\libstdc++.a(eh_personality.o)
 .text          0x0800d2c4        0x0 c:/program files (x86)/gnu tools arm embedded/4.8 2013q4/bin/../lib/gcc/arm-none-eabi/4.8.3/../../../../arm-none-eabi/lib/armv7e-m\libstdc++.a(eh_term_handler.o)
 .text          0x0800d2c4        0x0 c:/program files (x86)/gnu tools arm embedded/4.8 2013q4/bin/../lib/gcc/arm-none-eabi/4.8.3/../../../../arm-none-eabi/lib/armv7e-m\libstdc++.a(eh_alloc.o)
 .text          0x0800d2c4        0x0 c:/program files (x86)/gnu tools arm embedded/4.8 2013q4/bin/../lib/gcc/arm-none-eabi/4.8.3/../../../../arm-none-eabi/lib/armv7e-m\libstdc++.a(function_type_info.o)
 .text          0x0800d2c4        0x0 c:/program files (x86)/gnu tools arm embedded/4.8 2013q4/bin/../lib/gcc/arm-none-eabi/4.8.3/../../../../arm-none-eabi/lib/armv7e-m\libstdc++.a(eh_terminate.o)
 .text          0x0800d2c4        0x0 c:/program files (x86)/gnu tools arm embedded/4.8 2013q4/bin/../lib/gcc/arm-none-eabi/4.8.3/../../../../arm-none-eabi/lib/armv7e-m\libstdc++.a(tinfo.o)
 .text          0x0800d2c4        0x0 c:/program files (x86)/gnu tools arm embedded/4.8 2013q4/bin/../lib/gcc/arm-none-eabi/4.8.3/../../../../arm-none-eabi/lib/armv7e-m\libstdc++.a(eh_unex_handler.o)
 .text          0x0800d2c4        0x0 c:/program files (x86)/gnu tools arm embedded/4.8 2013q4/bin/../lib/gcc/arm-none-eabi/4.8.3/../../../../arm-none-eabi/lib/armv7e-m\libstdc++.a(string-inst.o)
 .text          0x0800d2c4        0x0 c:/program files (x86)/gnu tools arm embedded/4.8 2013q4/bin/../lib/gcc/arm-none-eabi/4.8.3/../../../../arm-none-eabi/lib/armv7e-m\libstdc++.a(hashtable_c++0x.o)
 .text          0x0800d2c4        0x0 c:/program files (x86)/gnu tools arm embedded/4.8 2013q4/bin/../lib/gcc/arm-none-eabi/4.8.3/../../../../arm-none-eabi/lib/armv7e-m\libstdc++.a(functexcept.o)
 .text          0x0800d2c4        0x0 c:/program files (x86)/gnu tools arm embedded/4.8 2013q4/bin/../lib/gcc/arm-none-eabi/4.8.3/../../../../arm-none-eabi/lib/armv7e-m\libstdc++.a(functional.o)
 .text          0x0800d2c4        0x0 c:/program files (x86)/gnu tools arm embedded/4.8 2013q4/bin/../lib/gcc/arm-none-eabi/4.8.3/../../../../arm-none-eabi/lib/armv7e-m\libstdc++.a(eh_call.o)
 .text          0x0800d2c4        0x0 c:/program files (x86)/gnu tools arm embedded/4.8 2013q4/bin/../lib/gcc/arm-none-eabi/4.8.3/../../../../arm-none-eabi/lib/armv7e-m\libstdc++.a(eh_arm.o)
 .text          0x0800d2c4        0x0 c:/program files (x86)/gnu tools arm embedded/4.8 2013q4/bin/../lib/gcc/arm-none-eabi/4.8.3/../../../../arm-none-eabi/lib/armv7e-m\libstdc++.a(new_handler.o)
 .text          0x0800d2c4        0x0 c:/program files (x86)/gnu tools arm embedded/4.8 2013q4/bin/../lib/gcc/arm-none-eabi/4.8.3/../../../../arm-none-eabi/lib/armv7e-m\libstdc++.a(bad_alloc.o)
 .text          0x0800d2c4        0x0 c:/program files (x86)/gnu tools arm embedded/4.8 2013q4/bin/../lib/gcc/arm-none-eabi/4.8.3/../../../../arm-none-eabi/lib/armv7e-m\libstdc++.a(eh_aux_runtime.o)
 .text          0x0800d2c4        0x0 c:/program files (x86)/gnu tools arm embedded/4.8 2013q4/bin/../lib/gcc/arm-none-eabi/4.8.3/../../../../arm-none-eabi/lib/armv7e-m\libstdc++.a(eh_globals.o)
 .text          0x0800d2c4        0x0 c:/program files (x86)/gnu tools arm embedded/4.8 2013q4/bin/../lib/gcc/arm-none-eabi/4.8.3/../../../../arm-none-eabi/lib/armv7e-m\libstdc++.a(bad_cast.o)
 .text          0x0800d2c4        0x0 c:/program files (x86)/gnu tools arm embedded/4.8 2013q4/bin/../lib/gcc/arm-none-eabi/4.8.3/../../../../arm-none-eabi/lib/armv7e-m\libstdc++.a(eh_catch.o)
 .text          0x0800d2c4        0x0 c:/program files (x86)/gnu tools arm embedded/4.8 2013q4/bin/../lib/gcc/arm-none-eabi/4.8.3/../../../../arm-none-eabi/lib/armv7e-m\libstdc++.a(vterminate.o)
 .text          0x0800d2c4        0x0 c:/program files (x86)/gnu tools arm embedded/4.8 2013q4/bin/../lib/gcc/arm-none-eabi/4.8.3/../../../../arm-none-eabi/lib/armv7e-m\libstdc++.a(eh_type.o)
 .text          0x0800d2c4        0x0 c:/program files (x86)/gnu tools arm embedded/4.8 2013q4/bin/../lib/gcc/arm-none-eabi/4.8.3/../../../../arm-none-eabi/lib/armv7e-m\libstdc++.a(bad_typeid.o)
 .text          0x0800d2c4        0x0 c:/program files (x86)/gnu tools arm embedded/4.8 2013q4/bin/../lib/gcc/arm-none-eabi/4.8.3/../../../../arm-none-eabi/lib/armv7e-m\libstdc++.a(ios_failure.o)
 .text          0x0800d2c4        0x0 c:/program files (x86)/gnu tools arm embedded/4.8 2013q4/bin/../lib/gcc/arm-none-eabi/4.8.3/../../../../arm-none-eabi/lib/armv7e-m\libstdc++.a(stdexcept.o)
 .text          0x0800d2c4        0x0 c:/program files (x86)/gnu tools arm embedded/4.8 2013q4/bin/../lib/gcc/arm-none-eabi/4.8.3/../../../../arm-none-eabi/lib/armv7e-m\libstdc++.a(system_error.o)
 .text          0x0800d2c4        0x0 c:/program files (x86)/gnu tools arm embedded/4.8 2013q4/bin/../lib/gcc/arm-none-eabi/4.8.3/../../../../arm-none-eabi/lib/armv7e-m\libstdc++.a(future.o)
 .text          0x0800d2c4        0x0 c:/program files (x86)/gnu tools arm embedded/4.8 2013q4/bin/../lib/gcc/arm-none-eabi/4.8.3/../../../../arm-none-eabi/lib/armv7e-m\libstdc++.a(regex.o)
 .text          0x0800d2c4        0x0 c:/program files (x86)/gnu tools arm embedded/4.8 2013q4/bin/../lib/gcc/arm-none-eabi/4.8.3/../../../../arm-none-eabi/lib/armv7e-m\libstdc++.a(guard.o)
 .text          0x0800d2c4     0x57d8 c:/program files (x86)/gnu tools arm embedded/4.8 2013q4/bin/../lib/gcc/arm-none-eabi/4.8.3/../../../../arm-none-eabi/lib/armv7e-m\libstdc++.a(cp-demangle.o)
                0x080129bc                __cxa_demangle
                0x08012a80                __gcclibcxx_demangle_callback
 .text          0x08012a9c        0x0 c:/program files (x86)/gnu tools arm embedded/4.8 2013q4/bin/../lib/gcc/arm-none-eabi/4.8.3/../../../../arm-none-eabi/lib/armv7e-m\libstdc++.a(guard_error.o)
 .text          0x08012a9c      0x370 c:/program files (x86)/gnu tools arm embedded/4.8 2013q4/bin/../lib/gcc/arm-none-eabi/4.8.3/armv7e-m\libgcc.a(_arm_addsubdf3.o)
                0x08012a9c                __aeabi_drsub
                0x08012aa4                __aeabi_dsub
                0x08012aa4                __subdf3
                0x08012aa8                __aeabi_dadd
                0x08012aa8                __adddf3
                0x08012d20                __floatunsidf
                0x08012d20                __aeabi_ui2d
                0x08012d40                __floatsidf
                0x08012d40                __aeabi_i2d
                0x08012d64                __aeabi_f2d
                0x08012d64                __extendsfdf2
                0x08012da0                __floatundidf
                0x08012da0                __aeabi_ul2d
                0x08012db0                __floatdidf
                0x08012db0                __aeabi_l2d
 .text          0x08012e0c      0x424 c:/program files (x86)/gnu tools arm embedded/4.8 2013q4/bin/../lib/gcc/arm-none-eabi/4.8.3/armv7e-m\libgcc.a(_arm_muldivdf3.o)
                0x08012e0c                __aeabi_dmul
                0x08012e0c                __muldf3
                0x08013060                __divdf3
                0x08013060                __aeabi_ddiv
 .text          0x08013230      0x110 c:/program files (x86)/gnu tools arm embedded/4.8 2013q4/bin/../lib/gcc/arm-none-eabi/4.8.3/armv7e-m\libgcc.a(_arm_cmpdf2.o)
                0x08013230                __gtdf2
                0x08013230                __gedf2
                0x08013238                __ltdf2
                0x08013238                __ledf2
                0x08013240                __nedf2
                0x08013240                __eqdf2
                0x08013240                __cmpdf2
                0x080132bc                __aeabi_cdrcmple
                0x080132cc                __aeabi_cdcmpeq
                0x080132cc                __aeabi_cdcmple
                0x080132dc                __aeabi_dcmpeq
                0x080132f0                __aeabi_dcmplt
                0x08013304                __aeabi_dcmple
                0x08013318                __aeabi_dcmpge
                0x0801332c                __aeabi_dcmpgt
 .text          0x08013340       0x50 c:/program files (x86)/gnu tools arm embedded/4.8 2013q4/bin/../lib/gcc/arm-none-eabi/4.8.3/armv7e-m\libgcc.a(_arm_fixdfsi.o)
                0x08013340                __aeabi_d2iz
                0x08013340                __fixdfsi
 .text          0x08013390       0x40 c:/program files (x86)/gnu tools arm embedded/4.8 2013q4/bin/../lib/gcc/arm-none-eabi/4.8.3/armv7e-m\libgcc.a(_arm_fixunsdfsi.o)
                0x08013390                __aeabi_d2uiz
                0x08013390                __fixunsdfsi
 .text          0x080133d0      0xa1c c:/program files (x86)/gnu tools arm embedded/4.8 2013q4/bin/../lib/gcc/arm-none-eabi/4.8.3/armv7e-m\libgcc.a(unwind-arm.o)
                0x080136b4                _Unwind_GetCFA
                0x080136b8                __gnu_Unwind_RaiseException
                0x08013718                __gnu_Unwind_ForcedUnwind
                0x0801372c                __gnu_Unwind_Resume
                0x08013770                __gnu_Unwind_Resume_or_Rethrow
                0x08013780                _Unwind_Complete
                0x08013784                _Unwind_DeleteException
                0x08013794                _Unwind_VRS_Get
                0x080137e4                _Unwind_VRS_Set
                0x08013834                __gnu_Unwind_Backtrace
                0x08013b88                __aeabi_unwind_cpp_pr0
                0x08013b90                __aeabi_unwind_cpp_pr1
                0x08013b98                __aeabi_unwind_cpp_pr2
                0x08013ba0                _Unwind_VRS_Pop
 .text          0x08013dec      0x1ac c:/program files (x86)/gnu tools arm embedded/4.8 2013q4/bin/../lib/gcc/arm-none-eabi/4.8.3/armv7e-m\libgcc.a(libunwind.o)
                0x08013dec                __restore_core_regs
                0x08013dec                restore_core_regs
                0x08013e04                __gnu_Unwind_Restore_VFP
                0x08013e0c                __gnu_Unwind_Save_VFP
                0x08013e14                __gnu_Unwind_Restore_VFP_D
                0x08013e1c                __gnu_Unwind_Save_VFP_D
                0x08013e24                __gnu_Unwind_Restore_VFP_D_16_to_31
                0x08013e2c                __gnu_Unwind_Save_VFP_D_16_to_31
                0x08013e34                __gnu_Unwind_Restore_WMMXD
                0x08013e78                __gnu_Unwind_Save_WMMXD
                0x08013ebc                __gnu_Unwind_Restore_WMMXC
                0x08013ed0                __gnu_Unwind_Save_WMMXC
                0x08013ee4                ___Unwind_RaiseException
                0x08013ee4                _Unwind_RaiseException
                0x08013f08                _Unwind_Resume
                0x08013f08                ___Unwind_Resume
                0x08013f2c                _Unwind_Resume_or_Rethrow
                0x08013f2c                ___Unwind_Resume_or_Rethrow
                0x08013f50                _Unwind_ForcedUnwind
                0x08013f50                ___Unwind_ForcedUnwind
                0x08013f74                ___Unwind_Backtrace
                0x08013f74                _Unwind_Backtrace
 .text          0x08013f98      0x33c c:/program files (x86)/gnu tools arm embedded/4.8 2013q4/bin/../lib/gcc/arm-none-eabi/4.8.3/armv7e-m\libgcc.a(pr-support.o)
                0x08013fec                __gnu_unwind_execute
                0x08014278                __gnu_unwind_frame
                0x080142a4                _Unwind_GetRegionStart
                0x080142b0                _Unwind_GetLanguageSpecificData
                0x080142c4                _Unwind_GetDataRelBase
                0x080142cc                _Unwind_GetTextRelBase
 .text          0x080142d4        0x0 c:/program files (x86)/gnu tools arm embedded/4.8 2013q4/bin/../lib/gcc/arm-none-eabi/4.8.3/../../../../arm-none-eabi/lib/armv7e-m\libc.a(lib_a-abort.o)
 .text          0x080142d4        0x0 c:/program files (x86)/gnu tools arm embedded/4.8 2013q4/bin/../lib/gcc/arm-none-eabi/4.8.3/../../../../arm-none-eabi/lib/armv7e-m\libc.a(lib_a-assert.o)
 .text          0x080142d4        0x0 c:/program files (x86)/gnu tools arm embedded/4.8 2013q4/bin/../lib/gcc/arm-none-eabi/4.8.3/../../../../arm-none-eabi/lib/armv7e-m\libc.a(lib_a-ctype_.o)
 .text          0x080142d4        0x0 c:/program files (x86)/gnu tools arm embedded/4.8 2013q4/bin/../lib/gcc/arm-none-eabi/4.8.3/../../../../arm-none-eabi/lib/armv7e-m\libc.a(lib_a-cxa_atexit.o)
 .text          0x080142d4        0x0 c:/program files (x86)/gnu tools arm embedded/4.8 2013q4/bin/../lib/gcc/arm-none-eabi/4.8.3/../../../../arm-none-eabi/lib/armv7e-m\libc.a(lib_a-errno.o)
 .text          0x080142d4        0x0 c:/program files (x86)/gnu tools arm embedded/4.8 2013q4/bin/../lib/gcc/arm-none-eabi/4.8.3/../../../../arm-none-eabi/lib/armv7e-m\libc.a(lib_a-exit.o)
 .text          0x080142d4        0x0 c:/program files (x86)/gnu tools arm embedded/4.8 2013q4/bin/../lib/gcc/arm-none-eabi/4.8.3/../../../../arm-none-eabi/lib/armv7e-m\libc.a(lib_a-fiprintf.o)
 .text          0x080142d4        0x0 c:/program files (x86)/gnu tools arm embedded/4.8 2013q4/bin/../lib/gcc/arm-none-eabi/4.8.3/../../../../arm-none-eabi/lib/armv7e-m\libc.a(lib_a-fputc.o)
 .text          0x080142d4        0x0 c:/program files (x86)/gnu tools arm embedded/4.8 2013q4/bin/../lib/gcc/arm-none-eabi/4.8.3/../../../../arm-none-eabi/lib/armv7e-m\libc.a(lib_a-fputs.o)
 .text          0x080142d4        0x0 c:/program files (x86)/gnu tools arm embedded/4.8 2013q4/bin/../lib/gcc/arm-none-eabi/4.8.3/../../../../arm-none-eabi/lib/armv7e-m\libc.a(lib_a-fvwrite.o)
 .text          0x080142d4        0x0 c:/program files (x86)/gnu tools arm embedded/4.8 2013q4/bin/../lib/gcc/arm-none-eabi/4.8.3/../../../../arm-none-eabi/lib/armv7e-m\libc.a(lib_a-fwrite.o)
 .text          0x080142d4        0x0 c:/program files (x86)/gnu tools arm embedded/4.8 2013q4/bin/../lib/gcc/arm-none-eabi/4.8.3/../../../../arm-none-eabi/lib/armv7e-m\libc.a(lib_a-impure.o)
 .text          0x080142d4        0x0 c:/program files (x86)/gnu tools arm embedded/4.8 2013q4/bin/../lib/gcc/arm-none-eabi/4.8.3/../../../../arm-none-eabi/lib/armv7e-m\libc.a(lib_a-init.o)
 .text          0x080142d4        0x0 c:/program files (x86)/gnu tools arm embedded/4.8 2013q4/bin/../lib/gcc/arm-none-eabi/4.8.3/../../../../arm-none-eabi/lib/armv7e-m\libc.a(lib_a-mallocr.o)
 .text          0x080142d4        0x0 c:/program files (x86)/gnu tools arm embedded/4.8 2013q4/bin/../lib/gcc/arm-none-eabi/4.8.3/../../../../arm-none-eabi/lib/armv7e-m\libc.a(lib_a-memchr-stub.o)
 .text          0x080142d4        0x0 c:/program files (x86)/gnu tools arm embedded/4.8 2013q4/bin/../lib/gcc/arm-none-eabi/4.8.3/../../../../arm-none-eabi/lib/armv7e-m\libc.a(lib_a-memcmp.o)
 .text          0x080142d4      0x134 c:/program files (x86)/gnu tools arm embedded/4.8 2013q4/bin/../lib/gcc/arm-none-eabi/4.8.3/../../../../arm-none-eabi/lib/armv7e-m\libc.a(lib_a-memcpy.o)
                0x080142d4                memcpy
 .text          0x08014408        0x0 c:/program files (x86)/gnu tools arm embedded/4.8 2013q4/bin/../lib/gcc/arm-none-eabi/4.8.3/../../../../arm-none-eabi/lib/armv7e-m\libc.a(lib_a-memmove.o)
 .text          0x08014408        0x0 c:/program files (x86)/gnu tools arm embedded/4.8 2013q4/bin/../lib/gcc/arm-none-eabi/4.8.3/../../../../arm-none-eabi/lib/armv7e-m\libc.a(lib_a-memset.o)
 .text          0x08014408        0x0 c:/program files (x86)/gnu tools arm embedded/4.8 2013q4/bin/../lib/gcc/arm-none-eabi/4.8.3/../../../../arm-none-eabi/lib/armv7e-m\libc.a(lib_a-mlock.o)
 .text          0x08014408        0x0 c:/program files (x86)/gnu tools arm embedded/4.8 2013q4/bin/../lib/gcc/arm-none-eabi/4.8.3/../../../../arm-none-eabi/lib/armv7e-m\libc.a(lib_a-printf.o)
 .text          0x08014408        0x0 c:/program files (x86)/gnu tools arm embedded/4.8 2013q4/bin/../lib/gcc/arm-none-eabi/4.8.3/../../../../arm-none-eabi/lib/armv7e-m\libc.a(lib_a-putc.o)
 .text          0x08014408        0x0 c:/program files (x86)/gnu tools arm embedded/4.8 2013q4/bin/../lib/gcc/arm-none-eabi/4.8.3/../../../../arm-none-eabi/lib/armv7e-m\libc.a(lib_a-puts.o)
 .text          0x08014408        0x0 c:/program files (x86)/gnu tools arm embedded/4.8 2013q4/bin/../lib/gcc/arm-none-eabi/4.8.3/../../../../arm-none-eabi/lib/armv7e-m\libc.a(lib_a-realloc.o)
 .text          0x08014408        0x0 c:/program files (x86)/gnu tools arm embedded/4.8 2013q4/bin/../lib/gcc/arm-none-eabi/4.8.3/../../../../arm-none-eabi/lib/armv7e-m\libc.a(lib_a-reallocr.o)
 .text          0x08014408        0x0 c:/program files (x86)/gnu tools arm embedded/4.8 2013q4/bin/../lib/gcc/arm-none-eabi/4.8.3/../../../../arm-none-eabi/lib/armv7e-m\libc.a(lib_a-reent.o)
 .text          0x08014408        0x0 c:/program files (x86)/gnu tools arm embedded/4.8 2013q4/bin/../lib/gcc/arm-none-eabi/4.8.3/../../../../arm-none-eabi/lib/armv7e-m\libc.a(lib_a-sbrkr.o)
 .text          0x08014408        0x0 c:/program files (x86)/gnu tools arm embedded/4.8 2013q4/bin/../lib/gcc/arm-none-eabi/4.8.3/../../../../arm-none-eabi/lib/armv7e-m\libc.a(lib_a-signal.o)
 .text          0x08014408        0x0 c:/program files (x86)/gnu tools arm embedded/4.8 2013q4/bin/../lib/gcc/arm-none-eabi/4.8.3/../../../../arm-none-eabi/lib/armv7e-m\libc.a(lib_a-signalr.o)
 .text          0x08014408        0x0 c:/program files (x86)/gnu tools arm embedded/4.8 2013q4/bin/../lib/gcc/arm-none-eabi/4.8.3/../../../../arm-none-eabi/lib/armv7e-m\libc.a(lib_a-sprintf.o)
 .text          0x08014408      0x21c c:/program files (x86)/gnu tools arm embedded/4.8 2013q4/bin/../lib/gcc/arm-none-eabi/4.8.3/../../../../arm-none-eabi/lib/armv7e-m\libc.a(lib_a-strcmp.o)
                0x08014408                strcmp
 .text          0x08014624        0x0 c:/program files (x86)/gnu tools arm embedded/4.8 2013q4/bin/../lib/gcc/arm-none-eabi/4.8.3/../../../../arm-none-eabi/lib/armv7e-m\libc.a(lib_a-strerror.o)
 .text          0x08014624        0x0 c:/program files (x86)/gnu tools arm embedded/4.8 2013q4/bin/../lib/gcc/arm-none-eabi/4.8.3/../../../../arm-none-eabi/lib/armv7e-m\libc.a(lib_a-strlen.o)
 .text          0x08014624        0x0 c:/program files (x86)/gnu tools arm embedded/4.8 2013q4/bin/../lib/gcc/arm-none-eabi/4.8.3/../../../../arm-none-eabi/lib/armv7e-m\libc.a(lib_a-strncmp.o)
 .text          0x08014624        0x0 c:/program files (x86)/gnu tools arm embedded/4.8 2013q4/bin/../lib/gcc/arm-none-eabi/4.8.3/../../../../arm-none-eabi/lib/armv7e-m\libc.a(lib_a-svfprintf.o)
 .text          0x08014624        0x0 c:/program files (x86)/gnu tools arm embedded/4.8 2013q4/bin/../lib/gcc/arm-none-eabi/4.8.3/../../../../arm-none-eabi/lib/armv7e-m\libc.a(lib_a-syswrite.o)
 .text          0x08014624        0x0 c:/program files (x86)/gnu tools arm embedded/4.8 2013q4/bin/../lib/gcc/arm-none-eabi/4.8.3/../../../../arm-none-eabi/lib/armv7e-m\libc.a(lib_a-u_strerr.o)
 .text          0x08014624        0x0 c:/program files (x86)/gnu tools arm embedded/4.8 2013q4/bin/../lib/gcc/arm-none-eabi/4.8.3/../../../../arm-none-eabi/lib/armv7e-m\libc.a(lib_a-vfiprintf.o)
 .text          0x08014624        0x0 c:/program files (x86)/gnu tools arm embedded/4.8 2013q4/bin/../lib/gcc/arm-none-eabi/4.8.3/../../../../arm-none-eabi/lib/armv7e-m\libc.a(lib_a-vfprintf.o)
 .text          0x08014624        0x0 c:/program files (x86)/gnu tools arm embedded/4.8 2013q4/bin/../lib/gcc/arm-none-eabi/4.8.3/../../../../arm-none-eabi/lib/armv7e-m\libc.a(lib_a-wbuf.o)
 .text          0x08014624        0x0 c:/program files (x86)/gnu tools arm embedded/4.8 2013q4/bin/../lib/gcc/arm-none-eabi/4.8.3/../../../../arm-none-eabi/lib/armv7e-m\libc.a(lib_a-writer.o)
 .text          0x08014624        0x0 c:/program files (x86)/gnu tools arm embedded/4.8 2013q4/bin/../lib/gcc/arm-none-eabi/4.8.3/../../../../arm-none-eabi/lib/armv7e-m\libc.a(lib_a-wsetup.o)
 .text          0x08014624        0x0 c:/program files (x86)/gnu tools arm embedded/4.8 2013q4/bin/../lib/gcc/arm-none-eabi/4.8.3/../../../../arm-none-eabi/lib/armv7e-m\libc.a(lib_a-__atexit.o)
 .text          0x08014624        0x0 c:/program files (x86)/gnu tools arm embedded/4.8 2013q4/bin/../lib/gcc/arm-none-eabi/4.8.3/../../../../arm-none-eabi/lib/armv7e-m\libc.a(lib_a-__call_atexit.o)
 .text          0x08014624        0x0 c:/program files (x86)/gnu tools arm embedded/4.8 2013q4/bin/../lib/gcc/arm-none-eabi/4.8.3/../../../../arm-none-eabi/lib/armv7e-m\libc.a(lib_a-atexit.o)
 .text          0x08014624        0x0 c:/program files (x86)/gnu tools arm embedded/4.8 2013q4/bin/../lib/gcc/arm-none-eabi/4.8.3/../../../../arm-none-eabi/lib/armv7e-m\libc.a(lib_a-dtoa.o)
 .text          0x08014624        0x0 c:/program files (x86)/gnu tools arm embedded/4.8 2013q4/bin/../lib/gcc/arm-none-eabi/4.8.3/../../../../arm-none-eabi/lib/armv7e-m\libc.a(lib_a-fflush.o)
 .text          0x08014624        0x0 c:/program files (x86)/gnu tools arm embedded/4.8 2013q4/bin/../lib/gcc/arm-none-eabi/4.8.3/../../../../arm-none-eabi/lib/armv7e-m\libc.a(lib_a-findfp.o)
 .text          0x08014624        0x0 c:/program files (x86)/gnu tools arm embedded/4.8 2013q4/bin/../lib/gcc/arm-none-eabi/4.8.3/../../../../arm-none-eabi/lib/armv7e-m\libc.a(lib_a-fini.o)
 .text          0x08014624        0x0 c:/program files (x86)/gnu tools arm embedded/4.8 2013q4/bin/../lib/gcc/arm-none-eabi/4.8.3/../../../../arm-none-eabi/lib/armv7e-m\libc.a(lib_a-fputwc.o)
 .text          0x08014624        0x0 c:/program files (x86)/gnu tools arm embedded/4.8 2013q4/bin/../lib/gcc/arm-none-eabi/4.8.3/../../../../arm-none-eabi/lib/armv7e-m\libc.a(lib_a-freer.o)
 .text          0x08014624        0x0 c:/program files (x86)/gnu tools arm embedded/4.8 2013q4/bin/../lib/gcc/arm-none-eabi/4.8.3/../../../../arm-none-eabi/lib/armv7e-m\libc.a(lib_a-fwalk.o)
 .text          0x08014624        0x0 c:/program files (x86)/gnu tools arm embedded/4.8 2013q4/bin/../lib/gcc/arm-none-eabi/4.8.3/../../../../arm-none-eabi/lib/armv7e-m\libc.a(lib_a-locale.o)
 .text          0x08014624        0x0 c:/program files (x86)/gnu tools arm embedded/4.8 2013q4/bin/../lib/gcc/arm-none-eabi/4.8.3/../../../../arm-none-eabi/lib/armv7e-m\libc.a(lib_a-makebuf.o)
 .text          0x08014624        0x0 c:/program files (x86)/gnu tools arm embedded/4.8 2013q4/bin/../lib/gcc/arm-none-eabi/4.8.3/../../../../arm-none-eabi/lib/armv7e-m\libc.a(lib_a-mprec.o)
 .text          0x08014624        0x0 c:/program files (x86)/gnu tools arm embedded/4.8 2013q4/bin/../lib/gcc/arm-none-eabi/4.8.3/../../../../arm-none-eabi/lib/armv7e-m\libc.a(lib_a-stdio.o)
 .text          0x08014624        0x0 c:/program files (x86)/gnu tools arm embedded/4.8 2013q4/bin/../lib/gcc/arm-none-eabi/4.8.3/../../../../arm-none-eabi/lib/armv7e-m\libc.a(lib_a-svfiprintf.o)
 .text          0x08014624        0x0 c:/program files (x86)/gnu tools arm embedded/4.8 2013q4/bin/../lib/gcc/arm-none-eabi/4.8.3/../../../../arm-none-eabi/lib/armv7e-m\libc.a(lib_a-wcrtomb.o)
 .text          0x08014624        0x0 c:/program files (x86)/gnu tools arm embedded/4.8 2013q4/bin/../lib/gcc/arm-none-eabi/4.8.3/../../../../arm-none-eabi/lib/armv7e-m\libc.a(lib_a-wctomb_r.o)
 .text          0x08014624        0x0 c:/program files (x86)/gnu tools arm embedded/4.8 2013q4/bin/../lib/gcc/arm-none-eabi/4.8.3/../../../../arm-none-eabi/lib/armv7e-m\libc.a(lib_a-callocr.o)
 .text          0x08014624        0x0 c:/program files (x86)/gnu tools arm embedded/4.8 2013q4/bin/../lib/gcc/arm-none-eabi/4.8.3/../../../../arm-none-eabi/lib/armv7e-m\libc.a(lib_a-closer.o)
 .text          0x08014624        0x0 c:/program files (x86)/gnu tools arm embedded/4.8 2013q4/bin/../lib/gcc/arm-none-eabi/4.8.3/../../../../arm-none-eabi/lib/armv7e-m\libc.a(lib_a-fclose.o)
 .text          0x08014624        0x0 c:/program files (x86)/gnu tools arm embedded/4.8 2013q4/bin/../lib/gcc/arm-none-eabi/4.8.3/../../../../arm-none-eabi/lib/armv7e-m\libc.a(lib_a-fstatr.o)
 .text          0x08014624        0x0 c:/program files (x86)/gnu tools arm embedded/4.8 2013q4/bin/../lib/gcc/arm-none-eabi/4.8.3/../../../../arm-none-eabi/lib/armv7e-m\libc.a(lib_a-isattyr.o)
 .text          0x08014624        0x0 c:/program files (x86)/gnu tools arm embedded/4.8 2013q4/bin/../lib/gcc/arm-none-eabi/4.8.3/../../../../arm-none-eabi/lib/armv7e-m\libc.a(lib_a-lseekr.o)
 .text          0x08014624        0x0 c:/program files (x86)/gnu tools arm embedded/4.8 2013q4/bin/../lib/gcc/arm-none-eabi/4.8.3/../../../../arm-none-eabi/lib/armv7e-m\libc.a(lib_a-readr.o)
 .text          0x08014624       0x2c c:/program files (x86)/gnu tools arm embedded/4.8 2013q4/bin/../lib/gcc/arm-none-eabi/4.8.3/armv7e-m\libgcc.a(_aeabi_uldivmod.o)
                0x08014624                __aeabi_uldivmod
 .text          0x08014650       0x60 c:/program files (x86)/gnu tools arm embedded/4.8 2013q4/bin/../lib/gcc/arm-none-eabi/4.8.3/armv7e-m\libgcc.a(bpabi.o)
                0x08014650                __gnu_ldivmod_helper
                0x08014680                __gnu_uldivmod_helper
 .text          0x080146b0        0x4 c:/program files (x86)/gnu tools arm embedded/4.8 2013q4/bin/../lib/gcc/arm-none-eabi/4.8.3/armv7e-m\libgcc.a(_dvmd_tls.o)
                0x080146b0                __aeabi_idiv0
                0x080146b0                __aeabi_ldiv0
 .text          0x080146b4      0x298 c:/program files (x86)/gnu tools arm embedded/4.8 2013q4/bin/../lib/gcc/arm-none-eabi/4.8.3/armv7e-m\libgcc.a(_divdi3.o)
                0x080146b4                __divdi3
 .text          0x0801494c      0x284 c:/program files (x86)/gnu tools arm embedded/4.8 2013q4/bin/../lib/gcc/arm-none-eabi/4.8.3/armv7e-m\libgcc.a(_udivdi3.o)
                0x0801494c                __udivdi3
 .text          0x08014bd0        0x0 c:/program files (x86)/gnu tools arm embedded/4.8 2013q4/bin/../lib/gcc/arm-none-eabi/4.8.3/armv7e-m/crtend.o
 .text          0x08014bd0        0x0 c:/program files (x86)/gnu tools arm embedded/4.8 2013q4/bin/../lib/gcc/arm-none-eabi/4.8.3/armv7e-m/crtn.o
 .text          0x08014bd0        0x0 c:/program files (x86)/gnu tools arm embedded/4.8 2013q4/bin/../lib/gcc/arm-none-eabi/4.8.3/../../../../arm-none-eabi/lib/armv7e-m\libm.a(lib_a-s_ceil.o)
 .text          0x08014bd0        0x0 c:/program files (x86)/gnu tools arm embedded/4.8 2013q4/bin/../lib/gcc/arm-none-eabi/4.8.3/../../../../arm-none-eabi/lib/armv7e-m\libm.a(lib_a-s_floor.o)
 *(.text*)
 .text.Reset_Handler
                0x08014bd0       0x4c ../build/obj/startup_stm32f4xx.o
                0x08014bd0                Reset_Handler
 .text.Default_Handler
                0x08014c1c        0x4 ../build/obj/startup_stm32f4xx.o
                0x08014c1c                RTC_Alarm_IRQHandler
                0x08014c1c                HASH_RNG_IRQHandler
                0x08014c1c                EXTI2_IRQHandler
                0x08014c1c                TIM8_CC_IRQHandler
                0x08014c1c                TIM1_CC_IRQHandler
                0x08014c1c                DMA1_Stream5_IRQHandler
                0x08014c1c                PVD_IRQHandler
                0x08014c1c                SDIO_IRQHandler
                0x08014c1c                TAMP_STAMP_IRQHandler
                0x08014c1c                PendSV_Handler
                0x08014c1c                CAN2_RX1_IRQHandler
                0x08014c1c                EXTI3_IRQHandler
                0x08014c1c                TIM8_TRG_COM_TIM14_IRQHandler
                0x08014c1c                TIM1_UP_TIM10_IRQHandler
                0x08014c1c                TIM8_UP_TIM13_IRQHandler
                0x08014c1c                I2C3_ER_IRQHandler
                0x08014c1c                EXTI0_IRQHandler
                0x08014c1c                I2C2_EV_IRQHandler
                0x08014c1c                DMA1_Stream2_IRQHandler
                0x08014c1c                CAN1_RX0_IRQHandler
                0x08014c1c                FPU_IRQHandler
                0x08014c1c                OTG_HS_WKUP_IRQHandler
                0x08014c1c                CAN2_SCE_IRQHandler
                0x08014c1c                DMA2_Stream2_IRQHandler
                0x08014c1c                SPI1_IRQHandler
                0x08014c1c                TIM6_DAC_IRQHandler
                0x08014c1c                TIM1_BRK_TIM9_IRQHandler
                0x08014c1c                DCMI_IRQHandler
                0x08014c1c                CAN2_RX0_IRQHandler
                0x08014c1c                DMA2_Stream3_IRQHandler
                0x08014c1c                USART6_IRQHandler
                0x08014c1c                USART3_IRQHandler
                0x08014c1c                CRYP_IRQHandler
                0x08014c1c                CAN1_RX1_IRQHandler
                0x08014c1c                UART5_IRQHandler
                0x08014c1c                TIM4_IRQHandler
                0x08014c1c                I2C1_EV_IRQHandler
                0x08014c1c                DMA1_Stream6_IRQHandler
                0x08014c1c                DMA1_Stream1_IRQHandler
                0x08014c1c                UART4_IRQHandler
                0x08014c1c                TIM3_IRQHandler
                0x08014c1c                RCC_IRQHandler
                0x08014c1c                TIM8_BRK_TIM12_IRQHandler
                0x08014c1c                Default_Handler
                0x08014c1c                ADC_IRQHandler
                0x08014c1c                DMA1_Stream7_IRQHandler
                0x08014c1c                TIM7_IRQHandler
                0x08014c1c                CAN2_TX_IRQHandler
                0x08014c1c                TIM5_IRQHandler
                0x08014c1c                DMA2_Stream7_IRQHandler
                0x08014c1c                I2C3_EV_IRQHandler
                0x08014c1c                EXTI9_5_IRQHandler
                0x08014c1c                RTC_WKUP_IRQHandler
                0x08014c1c                ETH_WKUP_IRQHandler
                0x08014c1c                SPI2_IRQHandler
                0x08014c1c                OTG_HS_EP1_IN_IRQHandler
                0x08014c1c                DMA1_Stream0_IRQHandler
                0x08014c1c                CAN1_TX_IRQHandler
                0x08014c1c                SVC_Handler
                0x08014c1c                EXTI4_IRQHandler
                0x08014c1c                FSMC_IRQHandler
                0x08014c1c                ETH_IRQHandler
                0x08014c1c                OTG_HS_EP1_OUT_IRQHandler
                0x08014c1c                WWDG_IRQHandler
                0x08014c1c                OTG_FS_WKUP_IRQHandler
                0x08014c1c                TIM1_TRG_COM_TIM11_IRQHandler
                0x08014c1c                OTG_HS_IRQHandler
                0x08014c1c                EXTI1_IRQHandler
                0x08014c1c                USART2_IRQHandler
                0x08014c1c                I2C2_ER_IRQHandler
                0x08014c1c                DMA2_Stream1_IRQHandler
                0x08014c1c                CAN1_SCE_IRQHandler
                0x08014c1c                FLASH_IRQHandler
                0x08014c1c                DMA2_Stream4_IRQHandler
                0x08014c1c                USART1_IRQHandler
                0x08014c1c                OTG_FS_IRQHandler
                0x08014c1c                SPI3_IRQHandler
                0x08014c1c                DMA1_Stream4_IRQHandler
                0x08014c1c                I2C1_ER_IRQHandler
                0x08014c1c                DMA2_Stream6_IRQHandler
                0x08014c1c                DMA1_Stream3_IRQHandler
 .text._ZNK3osc9Exception4whatEv
                0x08014c20        0x4 ../build/obj/oscreceivedelements.o
                0x08014c20                osc::Exception::what() const
 .text._ZN3osc9ExceptionD2Ev
                0x08014c24       0x14 ../build/obj/oscreceivedelements.o
                0x08014c24                osc::Exception::~Exception()
                0x08014c24                osc::Exception::~Exception()
 .text._ZN3osc24MissingArgumentExceptionD2Ev
                0x08014c38       0x14 ../build/obj/oscreceivedelements.o
                0x08014c38                osc::MissingArgumentException::~MissingArgumentException()
                0x08014c38                osc::MissingArgumentException::~MissingArgumentException()
 .text._ZN3osc26WrongArgumentTypeExceptionD2Ev
                0x08014c4c       0x14 ../build/obj/oscreceivedelements.o
                0x08014c4c                osc::WrongArgumentTypeException::~WrongArgumentTypeException()
                0x08014c4c                osc::WrongArgumentTypeException::~WrongArgumentTypeException()
 .text._ZN3osc24MalformedBundleExceptionD2Ev
                0x08014c60       0x14 ../build/obj/oscreceivedelements.o
                0x08014c60                osc::MalformedBundleException::~MalformedBundleException()
                0x08014c60                osc::MalformedBundleException::~MalformedBundleException()
 .text._ZN3osc25MalformedMessageExceptionD2Ev
                0x08014c74       0x14 ../build/obj/oscreceivedelements.o
                0x08014c74                osc::MalformedMessageException::~MalformedMessageException()
                0x08014c74                osc::MalformedMessageException::~MalformedMessageException()
 .text._ZN3osc9ExceptionD0Ev
                0x08014c88       0x12 ../build/obj/oscreceivedelements.o
                0x08014c88                osc::Exception::~Exception()
 .text._ZN3osc24MissingArgumentExceptionD0Ev
                0x08014c9a       0x12 ../build/obj/oscreceivedelements.o
                0x08014c9a                osc::MissingArgumentException::~MissingArgumentException()
 .text._ZN3osc26WrongArgumentTypeExceptionD0Ev
                0x08014cac       0x12 ../build/obj/oscreceivedelements.o
                0x08014cac                osc::WrongArgumentTypeException::~WrongArgumentTypeException()
 .text._ZN3osc24MalformedBundleExceptionD0Ev
                0x08014cbe       0x12 ../build/obj/oscreceivedelements.o
                0x08014cbe                osc::MalformedBundleException::~MalformedBundleException()
 .text._ZN3osc25MalformedMessageExceptionD0Ev
                0x08014cd0       0x12 ../build/obj/oscreceivedelements.o
                0x08014cd0                osc::MalformedMessageException::~MalformedMessageException()
 *fill*         0x08014ce2        0x2 
 .text.startup  0x08014ce4       0x10 ../build/obj/osctypes.o
 .text._ZNSt16_Sp_counted_baseILN9__gnu_cxx12_Lock_policyE0EE10_M_destroyEv
                0x08014cf4        0xc ../build/obj/udp_color_server.o
                0x08014cf4                std::_Sp_counted_base<(__gnu_cxx::_Lock_policy)0>::_M_destroy()
 .text._ZNSt16_Sp_counted_baseILN9__gnu_cxx12_Lock_policyE0EED2Ev
                0x08014d00        0xc ../build/obj/udp_color_server.o
                0x08014d00                std::_Sp_counted_base<(__gnu_cxx::_Lock_policy)0>::~_Sp_counted_base()
                0x08014d00                std::_Sp_counted_base<(__gnu_cxx::_Lock_policy)0>::~_Sp_counted_base()
 .text._ZNSt23_Sp_counted_ptr_inplaceIN10GrizzlyLib13ElementBufferINS0_10ARGBFormatEEESaIS3_ELN9__gnu_cxx12_Lock_policyE0EED2Ev
                0x08014d0c        0xc ../build/obj/udp_color_server.o
                0x08014d0c                std::_Sp_counted_ptr_inplace<GrizzlyLib::ElementBuffer<GrizzlyLib::ARGBFormat>, std::allocator<GrizzlyLib::ElementBuffer<GrizzlyLib::ARGBFormat> >, (__gnu_cxx::_Lock_policy)0>::~_Sp_counted_ptr_inplace()
                0x08014d0c                std::_Sp_counted_ptr_inplace<GrizzlyLib::ElementBuffer<GrizzlyLib::ARGBFormat>, std::allocator<GrizzlyLib::ElementBuffer<GrizzlyLib::ARGBFormat> >, (__gnu_cxx::_Lock_policy)0>::~_Sp_counted_ptr_inplace()
 .text._ZNSt23_Sp_counted_ptr_inplaceIN10GrizzlyLib13ElementBufferINS0_10ARGBFormatEEESaIS3_ELN9__gnu_cxx12_Lock_policyE0EE10_M_disposeEv
                0x08014d18        0x2 ../build/obj/udp_color_server.o
                0x08014d18                std::_Sp_counted_ptr_inplace<GrizzlyLib::ElementBuffer<GrizzlyLib::ARGBFormat>, std::allocator<GrizzlyLib::ElementBuffer<GrizzlyLib::ARGBFormat> >, (__gnu_cxx::_Lock_policy)0>::_M_dispose()
 *fill*         0x08014d1a        0x2 
 .text._ZNSt23_Sp_counted_ptr_inplaceIN10GrizzlyLib9ObjectPtrESaIS1_ELN9__gnu_cxx12_Lock_policyE0EED2Ev
                0x08014d1c        0xc ../build/obj/udp_color_server.o
                0x08014d1c                std::_Sp_counted_ptr_inplace<GrizzlyLib::ObjectPtr, std::allocator<GrizzlyLib::ObjectPtr>, (__gnu_cxx::_Lock_policy)0>::~_Sp_counted_ptr_inplace()
                0x08014d1c                std::_Sp_counted_ptr_inplace<GrizzlyLib::ObjectPtr, std::allocator<GrizzlyLib::ObjectPtr>, (__gnu_cxx::_Lock_policy)0>::~_Sp_counted_ptr_inplace()
 .text._ZNSt19_Sp_counted_deleterIP4pbufPFhS1_ESaIiELN9__gnu_cxx12_Lock_policyE0EED2Ev
                0x08014d28        0xc ../build/obj/udp_color_server.o
                0x08014d28                std::_Sp_counted_deleter<pbuf*, unsigned char (*)(pbuf*), std::allocator<int>, (__gnu_cxx::_Lock_policy)0>::~_Sp_counted_deleter()
                0x08014d28                std::_Sp_counted_deleter<pbuf*, unsigned char (*)(pbuf*), std::allocator<int>, (__gnu_cxx::_Lock_policy)0>::~_Sp_counted_deleter()
 .text._ZNSt19_Sp_counted_deleterIP4pbufPFhS1_ESaIiELN9__gnu_cxx12_Lock_policyE0EE10_M_disposeEv
                0x08014d34        0xa ../build/obj/udp_color_server.o
                0x08014d34                std::_Sp_counted_deleter<pbuf*, unsigned char (*)(pbuf*), std::allocator<int>, (__gnu_cxx::_Lock_policy)0>::_M_dispose()
 *fill*         0x08014d3e        0x2 
 .text._ZNSt16_Sp_counted_baseILN9__gnu_cxx12_Lock_policyE0EED0Ev
                0x08014d40       0x14 ../build/obj/udp_color_server.o
                0x08014d40                std::_Sp_counted_base<(__gnu_cxx::_Lock_policy)0>::~_Sp_counted_base()
 .text._ZNSt19_Sp_counted_deleterIP4pbufPFhS1_ESaIiELN9__gnu_cxx12_Lock_policyE0EED0Ev
                0x08014d54       0x14 ../build/obj/udp_color_server.o
                0x08014d54                std::_Sp_counted_deleter<pbuf*, unsigned char (*)(pbuf*), std::allocator<int>, (__gnu_cxx::_Lock_policy)0>::~_Sp_counted_deleter()
 .text._ZNSt23_Sp_counted_ptr_inplaceIN10GrizzlyLib9ObjectPtrESaIS1_ELN9__gnu_cxx12_Lock_policyE0EED0Ev
                0x08014d68       0x14 ../build/obj/udp_color_server.o
                0x08014d68                std::_Sp_counted_ptr_inplace<GrizzlyLib::ObjectPtr, std::allocator<GrizzlyLib::ObjectPtr>, (__gnu_cxx::_Lock_policy)0>::~_Sp_counted_ptr_inplace()
 .text._ZNSt23_Sp_counted_ptr_inplaceIN10GrizzlyLib13ElementBufferINS0_10ARGBFormatEEESaIS3_ELN9__gnu_cxx12_Lock_policyE0EED0Ev
                0x08014d7c       0x14 ../build/obj/udp_color_server.o
                0x08014d7c                std::_Sp_counted_ptr_inplace<GrizzlyLib::ElementBuffer<GrizzlyLib::ARGBFormat>, std::allocator<GrizzlyLib::ElementBuffer<GrizzlyLib::ARGBFormat> >, (__gnu_cxx::_Lock_policy)0>::~_Sp_counted_ptr_inplace()
 .text._ZNSt23_Sp_counted_ptr_inplaceIN10GrizzlyLib13ElementBufferINS0_10ARGBFormatEEESaIS3_ELN9__gnu_cxx12_Lock_policyE0EE10_M_destroyEv
                0x08014d90        0xc ../build/obj/udp_color_server.o
                0x08014d90                std::_Sp_counted_ptr_inplace<GrizzlyLib::ElementBuffer<GrizzlyLib::ARGBFormat>, std::allocator<GrizzlyLib::ElementBuffer<GrizzlyLib::ARGBFormat> >, (__gnu_cxx::_Lock_policy)0>::_M_destroy()
 .text._ZNSt23_Sp_counted_ptr_inplaceIN10GrizzlyLib9ObjectPtrESaIS1_ELN9__gnu_cxx12_Lock_policyE0EE10_M_destroyEv
                0x08014d9c        0xc ../build/obj/udp_color_server.o
                0x08014d9c                std::_Sp_counted_ptr_inplace<GrizzlyLib::ObjectPtr, std::allocator<GrizzlyLib::ObjectPtr>, (__gnu_cxx::_Lock_policy)0>::_M_destroy()
 .text._ZNSt19_Sp_counted_deleterIP4pbufPFhS1_ESaIiELN9__gnu_cxx12_Lock_policyE0EE10_M_destroyEv
                0x08014da8        0xc ../build/obj/udp_color_server.o
                0x08014da8                std::_Sp_counted_deleter<pbuf*, unsigned char (*)(pbuf*), std::allocator<int>, (__gnu_cxx::_Lock_policy)0>::_M_destroy()
 .text._ZNSt23_Sp_counted_ptr_inplaceIN10GrizzlyLib13ElementBufferINS0_10ARGBFormatEEESaIS3_ELN9__gnu_cxx12_Lock_policyE0EE14_M_get_deleterERKSt9type_info
                0x08014db4       0x18 ../build/obj/udp_color_server.o
                0x08014db4                std::_Sp_counted_ptr_inplace<GrizzlyLib::ElementBuffer<GrizzlyLib::ARGBFormat>, std::allocator<GrizzlyLib::ElementBuffer<GrizzlyLib::ARGBFormat> >, (__gnu_cxx::_Lock_policy)0>::_M_get_deleter(std::type_info const&)
 .text._ZNSt23_Sp_counted_ptr_inplaceIN10GrizzlyLib9ObjectPtrESaIS1_ELN9__gnu_cxx12_Lock_policyE0EE14_M_get_deleterERKSt9type_info
                0x08014dcc       0x18 ../build/obj/udp_color_server.o
                0x08014dcc                std::_Sp_counted_ptr_inplace<GrizzlyLib::ObjectPtr, std::allocator<GrizzlyLib::ObjectPtr>, (__gnu_cxx::_Lock_policy)0>::_M_get_deleter(std::type_info const&)
 .text._ZNSt19_Sp_counted_deleterIP4pbufPFhS1_ESaIiELN9__gnu_cxx12_Lock_policyE0EE14_M_get_deleterERKSt9type_info
                0x08014de4       0x18 ../build/obj/udp_color_server.o
                0x08014de4                std::_Sp_counted_deleter<pbuf*, unsigned char (*)(pbuf*), std::allocator<int>, (__gnu_cxx::_Lock_policy)0>::_M_get_deleter(std::type_info const&)
 .text._ZNSt14__shared_countILN9__gnu_cxx12_Lock_policyE0EEC2ERKS2_
                0x08014dfc        0xe ../build/obj/udp_color_server.o
                0x08014dfc                std::__shared_count<(__gnu_cxx::_Lock_policy)0>::__shared_count(std::__shared_count<(__gnu_cxx::_Lock_policy)0> const&)
                0x08014dfc                std::__shared_count<(__gnu_cxx::_Lock_policy)0>::__shared_count(std::__shared_count<(__gnu_cxx::_Lock_policy)0> const&)
 .text._ZNSt14__shared_countILN9__gnu_cxx12_Lock_policyE0EED2Ev
                0x08014e0a       0x30 ../build/obj/udp_color_server.o
                0x08014e0a                std::__shared_count<(__gnu_cxx::_Lock_policy)0>::~__shared_count()
                0x08014e0a                std::__shared_count<(__gnu_cxx::_Lock_policy)0>::~__shared_count()
 .text._ZNSt23_Sp_counted_ptr_inplaceIN10GrizzlyLib9ObjectPtrESaIS1_ELN9__gnu_cxx12_Lock_policyE0EE10_M_disposeEv
                0x08014e3a       0x16 ../build/obj/udp_color_server.o
                0x08014e3a                std::_Sp_counted_ptr_inplace<GrizzlyLib::ObjectPtr, std::allocator<GrizzlyLib::ObjectPtr>, (__gnu_cxx::_Lock_policy)0>::_M_dispose()
 .text._ZNSt10_HashtableImSt4pairIKmS0_ISsmEESaIS3_ENSt8__detail10_Select1stESt8equal_toImESt4hashImENS5_18_Mod_range_hashingENS5_20_Default_ranged_hashENS5_20_Prime_rehash_policyENS5_17_Hashtable_traitsILb0ELb0ELb1EEEE21_M_insert_unique_nodeEjjPNS5_10_Hash_nodeIS3_Lb0EEE
                0x08014e50       0xe4 ../build/obj/udp_color_server.o
                0x08014e50                std::_Hashtable<unsigned long, std::pair<unsigned long const, std::pair<std::string, unsigned long> >, std::allocator<std::pair<unsigned long const, std::pair<std::string, unsigned long> > >, std::__detail::_Select1st, std::equal_to<unsigned long>, std::hash<unsigned long>, std::__detail::_Mod_range_hashing, std::__detail::_Default_ranged_hash, std::__detail::_Prime_rehash_policy, std::__detail::_Hashtable_traits<false, false, true> >::_M_insert_unique_node(unsigned int, unsigned int, std::__detail::_Hash_node<std::pair<unsigned long const, std::pair<std::string, unsigned long> >, false>*)
 .text._ZNSt10_HashtableImSt4pairIKmSt10shared_ptrIN10GrizzlyLib9ObjectPtrEEESaIS6_ENSt8__detail10_Select1stESt8equal_toImESt4hashImENS8_18_Mod_range_hashingENS8_20_Default_ranged_hashENS8_20_Prime_rehash_policyENS8_17_Hashtable_traitsILb0ELb0ELb1EEEE21_M_insert_unique_nodeEjjPNS8_10_Hash_nodeIS6_Lb0EEE
                0x08014f34       0xe4 ../build/obj/udp_color_server.o
                0x08014f34                std::_Hashtable<unsigned long, std::pair<unsigned long const, std::shared_ptr<GrizzlyLib::ObjectPtr> >, std::allocator<std::pair<unsigned long const, std::shared_ptr<GrizzlyLib::ObjectPtr> > >, std::__detail::_Select1st, std::equal_to<unsigned long>, std::hash<unsigned long>, std::__detail::_Mod_range_hashing, std::__detail::_Default_ranged_hash, std::__detail::_Prime_rehash_policy, std::__detail::_Hashtable_traits<false, false, true> >::_M_insert_unique_node(unsigned int, unsigned int, std::__detail::_Hash_node<std::pair<unsigned long const, std::shared_ptr<GrizzlyLib::ObjectPtr> >, false>*)
 .text._ZNKSt14__shared_countILN9__gnu_cxx12_Lock_policyE0EE14_M_get_deleterERKSt9type_info
                0x08015018        0xe ../build/obj/udp_color_server.o
                0x08015018                std::__shared_count<(__gnu_cxx::_Lock_policy)0>::_M_get_deleter(std::type_info const&) const
 *fill*         0x08015026        0x2 
 .text._ZNSt23_Sp_counted_ptr_inplaceIN10GrizzlyLib9ObjectPtrESaIS1_ELN9__gnu_cxx12_Lock_policyE0EEC2IIRmRKSsRSt10shared_ptrIvESC_EEES2_DpOT_
                0x08015028       0x6c ../build/obj/udp_color_server.o
                0x08015028                std::_Sp_counted_ptr_inplace<GrizzlyLib::ObjectPtr, std::allocator<GrizzlyLib::ObjectPtr>, (__gnu_cxx::_Lock_policy)0>::_Sp_counted_ptr_inplace<unsigned long&, std::string const&, std::shared_ptr<void>&, std::shared_ptr<void>&>(std::allocator<GrizzlyLib::ObjectPtr>, unsigned long&, std::string const&, std::shared_ptr<void>&, std::shared_ptr<void>&)
                0x08015028                std::_Sp_counted_ptr_inplace<GrizzlyLib::ObjectPtr, std::allocator<GrizzlyLib::ObjectPtr>, (__gnu_cxx::_Lock_policy)0>::_Sp_counted_ptr_inplace<unsigned long&, std::string const&, std::shared_ptr<void>&, std::shared_ptr<void>&>(std::allocator<GrizzlyLib::ObjectPtr>, unsigned long&, std::string const&, std::shared_ptr<void>&, std::shared_ptr<void>&)
                0x08015028                std::_Sp_counted_ptr_inplace<GrizzlyLib::ObjectPtr, std::allocator<GrizzlyLib::ObjectPtr>, (__gnu_cxx::_Lock_policy)0>::_Sp_counted_ptr_inplace<unsigned long&, std::string const&, std::shared_ptr<void>&, std::shared_ptr<void>&>(std::allocator<GrizzlyLib::ObjectPtr>, unsigned long&, std::string const&, std::shared_ptr<void>&, std::shared_ptr<void>&)
                0x08015028                std::_Sp_counted_ptr_inplace<GrizzlyLib::ObjectPtr, std::allocator<GrizzlyLib::ObjectPtr>, (__gnu_cxx::_Lock_policy)0>::_Sp_counted_ptr_inplace<unsigned long&, std::string const&, std::shared_ptr<void>&, std::shared_ptr<void>&>(std::allocator<GrizzlyLib::ObjectPtr>, unsigned long&, std::string const&, std::shared_ptr<void>&, std::shared_ptr<void>&)
 .text._ZN10GrizzlyLib13BufferFactoryINS_10ARGBFormatEE14allocateBufferEPNS_13ObjectManagerESt10shared_ptrIvEPKvS8_
                0x08015094      0x160 ../build/obj/udp_color_server.o
                0x08015094                GrizzlyLib::BufferFactory<GrizzlyLib::ARGBFormat>::allocateBuffer(GrizzlyLib::ObjectManager*, std::shared_ptr<void>, void const*, void const*)
 .text.startup  0x080151f4       0xb8 ../build/obj/udp_color_server.o
 .text.startup  0x080152ac       0x7c ../build/obj/main.o
                0x080152ac                main
 .text.pow      0x08015328      0x2f8 c:/program files (x86)/gnu tools arm embedded/4.8 2013q4/bin/../lib/gcc/arm-none-eabi/4.8.3/../../../../arm-none-eabi/lib/armv7e-m\libm.a(lib_a-w_pow.o)
                0x08015328                pow
 .text.__ieee754_pow
                0x08015620      0xa78 c:/program files (x86)/gnu tools arm embedded/4.8 2013q4/bin/../lib/gcc/arm-none-eabi/4.8.3/../../../../arm-none-eabi/lib/armv7e-m\libm.a(lib_a-e_pow.o)
                0x08015620                __ieee754_pow
 .text.__ieee754_sqrt
                0x08016098      0x180 c:/program files (x86)/gnu tools arm embedded/4.8 2013q4/bin/../lib/gcc/arm-none-eabi/4.8.3/../../../../arm-none-eabi/lib/armv7e-m\libm.a(lib_a-e_sqrt.o)
                0x08016098                __ieee754_sqrt
 .text.fabs     0x08016218        0x8 c:/program files (x86)/gnu tools arm embedded/4.8 2013q4/bin/../lib/gcc/arm-none-eabi/4.8.3/../../../../arm-none-eabi/lib/armv7e-m\libm.a(lib_a-s_fabs.o)
                0x08016218                fabs
 .text.finite   0x08016220        0xc c:/program files (x86)/gnu tools arm embedded/4.8 2013q4/bin/../lib/gcc/arm-none-eabi/4.8.3/../../../../arm-none-eabi/lib/armv7e-m\libm.a(lib_a-s_finite.o)
                0x08016220                finite
 .text.__fpclassifyd
                0x0801622c       0x50 c:/program files (x86)/gnu tools arm embedded/4.8 2013q4/bin/../lib/gcc/arm-none-eabi/4.8.3/../../../../arm-none-eabi/lib/armv7e-m\libm.a(lib_a-s_fpclassify.o)
                0x0801622c                __fpclassifyd
 .text.matherr  0x0801627c        0x4 c:/program files (x86)/gnu tools arm embedded/4.8 2013q4/bin/../lib/gcc/arm-none-eabi/4.8.3/../../../../arm-none-eabi/lib/armv7e-m\libm.a(lib_a-s_matherr.o)
                0x0801627c                matherr
 .text.nan      0x08016280        0xc c:/program files (x86)/gnu tools arm embedded/4.8 2013q4/bin/../lib/gcc/arm-none-eabi/4.8.3/../../../../arm-none-eabi/lib/armv7e-m\libm.a(lib_a-s_nan.o)
                0x08016280                nan
 .text.rint     0x0801628c      0x118 c:/program files (x86)/gnu tools arm embedded/4.8 2013q4/bin/../lib/gcc/arm-none-eabi/4.8.3/../../../../arm-none-eabi/lib/armv7e-m\libm.a(lib_a-s_rint.o)
                0x0801628c                rint
 *fill*         0x080163a4        0x4 
 .text.scalbn   0x080163a8      0x118 c:/program files (x86)/gnu tools arm embedded/4.8 2013q4/bin/../lib/gcc/arm-none-eabi/4.8.3/../../../../arm-none-eabi/lib/armv7e-m\libm.a(lib_a-s_scalbn.o)
                0x080163a8                scalbn
 .text.copysign
                0x080164c0       0x14 c:/program files (x86)/gnu tools arm embedded/4.8 2013q4/bin/../lib/gcc/arm-none-eabi/4.8.3/../../../../arm-none-eabi/lib/armv7e-m\libm.a(lib_a-s_copysign.o)