Archive member included because of file (symbol)

c:/program files (x86)/gnu tools arm embedded/4.8 2013q4/bin/../lib/gcc/arm-none-eabi/4.8.3/../../../../arm-none-eabi/lib/armv7e-m\libm.a(lib_a-w_pow.o)
                              ../build/obj/bget.o (pow)
c:/program files (x86)/gnu tools arm embedded/4.8 2013q4/bin/../lib/gcc/arm-none-eabi/4.8.3/../../../../arm-none-eabi/lib/armv7e-m\libm.a(lib_a-e_pow.o)
                              c:/program files (x86)/gnu tools arm embedded/4.8 2013q4/bin/../lib/gcc/arm-none-eabi/4.8.3/../../../../arm-none-eabi/lib/armv7e-m\libm.a(lib_a-w_pow.o) (__ieee754_pow)
c:/program files (x86)/gnu tools arm embedded/4.8 2013q4/bin/../lib/gcc/arm-none-eabi/4.8.3/../../../../arm-none-eabi/lib/armv7e-m\libm.a(lib_a-e_sqrt.o)
                              c:/program files (x86)/gnu tools arm embedded/4.8 2013q4/bin/../lib/gcc/arm-none-eabi/4.8.3/../../../../arm-none-eabi/lib/armv7e-m\libm.a(lib_a-e_pow.o) (__ieee754_sqrt)
c:/program files (x86)/gnu tools arm embedded/4.8 2013q4/bin/../lib/gcc/arm-none-eabi/4.8.3/../../../../arm-none-eabi/lib/armv7e-m\libm.a(lib_a-s_fabs.o)
                              c:/program files (x86)/gnu tools arm embedded/4.8 2013q4/bin/../lib/gcc/arm-none-eabi/4.8.3/../../../../arm-none-eabi/lib/armv7e-m\libm.a(lib_a-e_pow.o) (fabs)
c:/program files (x86)/gnu tools arm embedded/4.8 2013q4/bin/../lib/gcc/arm-none-eabi/4.8.3/../../../../arm-none-eabi/lib/armv7e-m\libm.a(lib_a-s_finite.o)
                              c:/program files (x86)/gnu tools arm embedded/4.8 2013q4/bin/../lib/gcc/arm-none-eabi/4.8.3/../../../../arm-none-eabi/lib/armv7e-m\libm.a(lib_a-w_pow.o) (finite)
c:/program files (x86)/gnu tools arm embedded/4.8 2013q4/bin/../lib/gcc/arm-none-eabi/4.8.3/../../../../arm-none-eabi/lib/armv7e-m\libm.a(lib_a-s_fpclassify.o)
                              c:/program files (x86)/gnu tools arm embedded/4.8 2013q4/bin/../lib/gcc/arm-none-eabi/4.8.3/../../../../arm-none-eabi/lib/armv7e-m\libm.a(lib_a-w_pow.o) (__fpclassifyd)
c:/program files (x86)/gnu tools arm embedded/4.8 2013q4/bin/../lib/gcc/arm-none-eabi/4.8.3/../../../../arm-none-eabi/lib/armv7e-m\libm.a(lib_a-s_lib_ver.o)
                              c:/program files (x86)/gnu tools arm embedded/4.8 2013q4/bin/../lib/gcc/arm-none-eabi/4.8.3/../../../../arm-none-eabi/lib/armv7e-m\libm.a(lib_a-w_pow.o) (__fdlib_version)
c:/program files (x86)/gnu tools arm embedded/4.8 2013q4/bin/../lib/gcc/arm-none-eabi/4.8.3/../../../../arm-none-eabi/lib/armv7e-m\libm.a(lib_a-s_matherr.o)
                              c:/program files (x86)/gnu tools arm embedded/4.8 2013q4/bin/../lib/gcc/arm-none-eabi/4.8.3/../../../../arm-none-eabi/lib/armv7e-m\libm.a(lib_a-w_pow.o) (matherr)
c:/program files (x86)/gnu tools arm embedded/4.8 2013q4/bin/../lib/gcc/arm-none-eabi/4.8.3/../../../../arm-none-eabi/lib/armv7e-m\libm.a(lib_a-s_nan.o)
                              c:/program files (x86)/gnu tools arm embedded/4.8 2013q4/bin/../lib/gcc/arm-none-eabi/4.8.3/../../../../arm-none-eabi/lib/armv7e-m\libm.a(lib_a-e_pow.o) (nan)
c:/program files (x86)/gnu tools arm embedded/4.8 2013q4/bin/../lib/gcc/arm-none-eabi/4.8.3/../../../../arm-none-eabi/lib/armv7e-m\libm.a(lib_a-s_rint.o)
                              c:/program files (x86)/gnu tools arm embedded/4.8 2013q4/bin/../lib/gcc/arm-none-eabi/4.8.3/../../../../arm-none-eabi/lib/armv7e-m\libm.a(lib_a-w_pow.o) (rint)
c:/program files (x86)/gnu tools arm embedded/4.8 2013q4/bin/../lib/gcc/arm-none-eabi/4.8.3/../../../../arm-none-eabi/lib/armv7e-m\libm.a(lib_a-s_scalbn.o)
                              c:/program files (x86)/gnu tools arm embedded/4.8 2013q4/bin/../lib/gcc/arm-none-eabi/4.8.3/../../../../arm-none-eabi/lib/armv7e-m\libm.a(lib_a-e_pow.o) (scalbn)
c:/program files (x86)/gnu tools arm embedded/4.8 2013q4/bin/../lib/gcc/arm-none-eabi/4.8.3/../../../../arm-none-eabi/lib/armv7e-m\libm.a(lib_a-s_copysign.o)
                              c:/program files (x86)/gnu tools arm embedded/4.8 2013q4/bin/../lib/gcc/arm-none-eabi/4.8.3/../../../../arm-none-eabi/lib/armv7e-m\libm.a(lib_a-s_scalbn.o) (copysign)
c:/program files (x86)/gnu tools arm embedded/4.8 2013q4/bin/../lib/gcc/arm-none-eabi/4.8.3/../../../../arm-none-eabi/lib/armv7e-m\libstdc++.a(atexit_arm.o)
                              ../build/obj/main.o (__aeabi_atexit)
c:/program files (x86)/gnu tools arm embedded/4.8 2013q4/bin/../lib/gcc/arm-none-eabi/4.8.3/../../../../arm-none-eabi/lib/armv7e-m\libstdc++.a(new_op.o)
                              ../build/obj/main.o (operator new(unsigned int))
c:/program files (x86)/gnu tools arm embedded/4.8 2013q4/bin/../lib/gcc/arm-none-eabi/4.8.3/../../../../arm-none-eabi/lib/armv7e-m\libstdc++.a(eh_personality.o)
                              c:/program files (x86)/gnu tools arm embedded/4.8 2013q4/bin/../lib/gcc/arm-none-eabi/4.8.3/../../../../arm-none-eabi/lib/armv7e-m\libstdc++.a(new_op.o) (__gxx_personality_v0)
[...]
Memory Configuration

Name             Origin             Length             Attributes
FLASH            0x08000000         0x00100000         xr
RAM              0x20000000         0x00020000         xrw
CCMRAM           0x10000000         0x00010000         rw
*default*        0x00000000         0xffffffff

Linker script and memory map

LOAD c:/program files (x86)/gnu tools arm embedded/4.8 2013q4/bin/../lib/gcc/arm-none-eabi/4.8.3/armv7e-m/crti.o
LOAD c:/program files (x86)/gnu tools arm embedded/4.8 2013q4/bin/../lib/gcc/arm-none-eabi/4.8.3/armv7e-m/crtbegin.o
LOAD c:/program files (x86)/gnu tools arm embedded/4.8 2013q4/bin/../lib/gcc/arm-none-eabi/4.8.3/../../../../arm-none-eabi/lib/armv7e-m/crt0.o
LOAD ../build/obj/system_stm32f4xx.o
LOAD ../build/obj/bget.o
LOAD ../build/obj/api_lib.o
LOAD ../build/obj/api_msg.o
LOAD ../build/obj/err.o
LOAD ../build/obj/netbuf.o
LOAD ../build/obj/netdb.o
LOAD ../build/obj/netifapi.o
LOAD ../build/obj/sockets.o
LOAD ../build/obj/tcpip.o
LOAD ../build/obj/def.o
LOAD ../build/obj/dhcp.o
LOAD ../build/obj/dns.o
LOAD ../build/obj/init.o
LOAD ../build/obj/mem.o
LOAD ../build/obj/memp.o
LOAD ../build/obj/netif.o
LOAD ../build/obj/pbuf.o
LOAD ../build/obj/raw.o
LOAD ../build/obj/stats.o
LOAD ../build/obj/sys.o
LOAD ../build/obj/tcp.o
LOAD ../build/obj/tcp_in.o
LOAD ../build/obj/tcp_out.o
LOAD ../build/obj/timers.o
LOAD ../build/obj/udp.o
LOAD ../build/obj/autoip.o
LOAD ../build/obj/icmp.o
LOAD ../build/obj/igmp.o
LOAD ../build/obj/inet.o
LOAD ../build/obj/inet_chksum.o
LOAD ../build/obj/ip.o
LOAD ../build/obj/ip_addr.o
LOAD ../build/obj/ip_frag.o
LOAD ../build/obj/etharp.o
LOAD ../build/obj/slipif.o
LOAD ../build/obj/ethernetif.o
LOAD ../build/obj/stm32f4x7_eth_bsp.o
LOAD ../build/obj/stm32f4x7_eth.o
LOAD ../build/obj/misc.o
LOAD ../build/obj/stm32f4xx_dma.o
LOAD ../build/obj/stm32f4xx_exti.o
LOAD ../build/obj/stm32f4xx_gpio.o
LOAD ../build/obj/stm32f4xx_rcc.o
LOAD ../build/obj/stm32f4xx_syscfg.o
LOAD ../build/obj/stm32f4xx_tim.o
LOAD ../build/obj/netconf.o
LOAD ../build/obj/startup_stm32f4xx.o
LOAD ../build/obj/buffs_iram1.o
LOAD ../build/obj/buffs_iram2.o
LOAD ../build/obj/syscalls.o
LOAD ../build/obj/main.o
LOAD ../build/obj/grizzlyapp.o
LOAD ../build/obj/stm32f4xx_it.o
LOAD ../build/obj/udp_color_server.o
LOAD c:/program files (x86)/gnu tools arm embedded/4.8 2013q4/bin/../lib/gcc/arm-none-eabi/4.8.3/../../../../arm-none-eabi/lib/armv7e-m\libm.a
LOAD c:/program files (x86)/gnu tools arm embedded/4.8 2013q4/bin/../lib/gcc/arm-none-eabi/4.8.3/../../../../arm-none-eabi/lib/armv7e-m\libstdc++.a
START GROUP
LOAD c:/program files (x86)/gnu tools arm embedded/4.8 2013q4/bin/../lib/gcc/arm-none-eabi/4.8.3/armv7e-m\libgcc.a
LOAD c:/program files (x86)/gnu tools arm embedded/4.8 2013q4/bin/../lib/gcc/arm-none-eabi/4.8.3/../../../../arm-none-eabi/lib/armv7e-m\libc.a
END GROUP
LOAD c:/program files (x86)/gnu tools arm embedded/4.8 2013q4/bin/../lib/gcc/arm-none-eabi/4.8.3/armv7e-m/crtend.o
LOAD c:/program files (x86)/gnu tools arm embedded/4.8 2013q4/bin/../lib/gcc/arm-none-eabi/4.8.3/armv7e-m/crtn.o
                0x2001ffff                _estack = 0x2001ffff
                0x00000000                _Min_Heap_Size = 0x0
                0x00000400                _Min_Stack_Size = 0x400

.isr_vector     0x08000000      0x188
                0x08000000                . = ALIGN (0x4)
 *(.isr_vector)
 .isr_vector    0x08000000      0x188 ../build/obj/startup_stm32f4xx.o
                0x08000000                g_pfnVectors
                0x08000188                . = ALIGN (0x4)

.text           0x08000188    0x220dc
                0x08000188                . = ALIGN (0x4)
 *(.text)
 .text          0x08000188        0x0 c:/program files (x86)/gnu tools arm embedded/4.8 2013q4/bin/../lib/gcc/arm-none-eabi/4.8.3/armv7e-m/crti.o
 .text          0x08000188       0x54 c:/program files (x86)/gnu tools arm embedded/4.8 2013q4/bin/../lib/gcc/arm-none-eabi/4.8.3/armv7e-m/crtbegin.o
 .text          0x080001dc       0x74 c:/program files (x86)/gnu tools arm embedded/4.8 2013q4/bin/../lib/gcc/arm-none-eabi/4.8.3/../../../../arm-none-eabi/lib/armv7e-m/crt0.o
                0x080001dc                _start
                0x080001dc                _mainCRTStartup
 .text          0x08000250      0x194 ../build/obj/system_stm32f4xx.o
                0x08000250                SystemInit
                0x08000358                SystemCoreClockUpdate
 *fill*         0x080003e4        0x4 
 .text          0x080003e8      0xb70 ../build/obj/bget.o
                0x08000404                brel
                0x08000628                bectl
                0x08000640                bpool
                0x080006f4                bget
                0x08000890                bgetz
                0x080008d0                bgetr
                0x08000928                bstats
                0x080009c4                bstatse
                0x08000a74                bufdump
                0x08000b6c                bpoold
                0x08000c34                bpoolv
                0x08000cdc                rand
                0x08000d54                srand
                0x08000d60                main_mem_test
 .text          0x08000f58        0x0 ../build/obj/api_lib.o
 .text          0x08000f58        0x0 ../build/obj/api_msg.o
 .text          0x08000f58        0x0 ../build/obj/err.o
 .text          0x08000f58        0x0 ../build/obj/netbuf.o
 .text          0x08000f58        0x0 ../build/obj/netdb.o
 .text          0x08000f58        0x0 ../build/obj/netifapi.o
 .text          0x08000f58        0x0 ../build/obj/sockets.o
 .text          0x08000f58        0x0 ../build/obj/tcpip.o
 .text          0x08000f58       0x38 ../build/obj/def.o
                0x08000f58                lwip_htons
                0x08000f64                lwip_ntohs
                0x08000f70                lwip_htonl
                0x08000f88                lwip_ntohl
 .text          0x08000f90      0xff4 ../build/obj/dhcp.o
                0x08001ab8                dhcp_set_struct
                0x08001acc                dhcp_cleanup
                0x08001ae0                dhcp_inform
                0x08001b7c                dhcp_network_changed
                0x08001bb4                dhcp_arp_reply
                0x08001c38                dhcp_renew
                0x08001ccc                dhcp_coarse_tmr
                0x08001d28                dhcp_release
                0x08001ddc                dhcp_fine_tmr
                0x08001ea0                dhcp_stop
                0x08001ecc                dhcp_start
 .text          0x08001f84        0x0 ../build/obj/dns.o
 .text          0x08001f84       0x18 ../build/obj/init.o
                0x08001f84                lwip_init
 .text          0x08001f9c      0x32c ../build/obj/mem.o
                0x08001f9c                mem_init
                0x08001fdc                mem_free
                0x0800208c                mem_trim
                0x08002190                mem_malloc
                0x080022a4                mem_calloc
 .text          0x080022c8      0x12c ../build/obj/memp.o
                0x080022c8                memp_init
                0x0800234c                memp_malloc
                0x080023c4                memp_free
 .text          0x080023f4      0x1f8 ../build/obj/netif.o
                0x080023f4                netif_init
                0x080023f8                netif_set_addr
                0x08002420                netif_add
                0x0800246c                netif_find
                0x080024b8                netif_set_ipaddr
                0x080024c4                netif_set_gw
                0x080024d0                netif_set_netmask
                0x080024dc                netif_set_default
                0x080024e8                netif_set_up
                0x08002510                netif_set_down
                0x08002530                netif_remove
                0x0800258c                netif_set_link_up
                0x080025c8                netif_set_link_down
                0x080025e4                netif_set_link_callback
 .text          0x080025ec      0x630 ../build/obj/pbuf.o
                0x080025ec                pbuf_alloced_custom
                0x0800264c                pbuf_header
                0x080026c8                pbuf_free
                0x0800272c                pbuf_alloc
                0x0800285c                pbuf_realloc
                0x080028ac                pbuf_clen
                0x080028c4                pbuf_ref
                0x080028d0                pbuf_cat
                0x08002900                pbuf_chain
                0x08002910                pbuf_dechain
                0x0800293c                pbuf_copy
                0x080029e8                pbuf_copy_partial
                0x08002a60                pbuf_take
                0x08002ab4                pbuf_coalesce
                0x08002ae0                pbuf_get_at
                0x08002b08                pbuf_memcmp
                0x08002b7c                pbuf_memfind
                0x08002bd4                pbuf_strstr
 .text          0x08002c1c      0x1c0 ../build/obj/raw.o
                0x08002c1c                raw_input
                0x08002c98                raw_bind
                0x08002ca8                raw_connect
                0x08002cb8                raw_recv
                0x08002cc0                raw_sendto
                0x08002d6c                raw_send
                0x08002d78                raw_remove
                0x08002db0                raw_new
 .text          0x08002ddc        0x4 ../build/obj/stats.o
                0x08002ddc                stats_init
 .text          0x08002de0        0x0 ../build/obj/sys.o
 .text          0x08002de0        0x0 ../build/obj/tcp.o
 .text          0x08002de0        0x0 ../build/obj/tcp_in.o
 .text          0x08002de0        0x0 ../build/obj/tcp_out.o
 .text          0x08002de0        0x4 ../build/obj/timers.o
                0x08002de0                tcp_timer_needed
 .text          0x08002de4      0x4f0 ../build/obj/udp.o
                0x08002de4                udp_init
                0x08002de8                udp_input
                0x0800300c                udp_bind
                0x080030ec                udp_sendto_if
                0x080031c4                udp_sendto
                0x08003200                udp_send
                0x0800320c                udp_connect
                0x08003268                udp_disconnect
                0x08003278                udp_recv
                0x08003280                udp_remove
                0x080032b8                udp_new
 .text          0x080032d4        0x0 ../build/obj/autoip.o
 .text          0x080032d4      0x258 ../build/obj/icmp.o
                0x08003380                icmp_input
                0x08003514                icmp_dest_unreach
                0x08003520                icmp_time_exceeded
 .text          0x0800352c        0x0 ../build/obj/igmp.o
 .text          0x0800352c        0x0 ../build/obj/inet.o
 .text          0x0800352c      0x220 ../build/obj/inet_chksum.o
                0x080035a4                inet_chksum_pseudo
                0x08003634                inet_chksum_pseudo_partial
                0x080036f0                inet_chksum
                0x080036fc                inet_chksum_pbuf
 .text          0x0800374c      0x368 ../build/obj/ip.o
                0x0800374c                ip_route
                0x080037a4                ip_input
                0x080039a0                ip_output_if
                0x08003a6c                ip_output
 .text          0x08003ab4      0x2ac ../build/obj/ip_addr.o
                0x08003ab4                ip4_addr_isbroadcast
                0x08003af4                ip4_addr_netmask_valid
                0x08003b28                ipaddr_aton
                0x08003c78                ipaddr_addr
                0x08003c94                ipaddr_ntoa_r
                0x08003d50                ipaddr_ntoa
 .text          0x08003d60      0x698 ../build/obj/ip_frag.o
                0x08003e80                ip_reass_tmr
                0x08003eac                ip_reass
                0x08004224                ip_frag
 .text          0x080043f8      0x800 ../build/obj/etharp.o
                0x08004568                etharp_tmr
                0x080045a8                etharp_cleanup_netif
                0x080045d0                etharp_find_addr
                0x08004618                etharp_request
                0x0800472c                etharp_query
                0x08004874                etharp_output
                0x080049a0                ethernet_input
 .text          0x08004bf8        0x0 ../build/obj/slipif.o
 .text          0x08004bf8      0x288 ../build/obj/ethernetif.o
                0x08004ce0                ethernetif_input
                0x08004ddc                ethernetif_init
 .text          0x08004e80      0x42c ../build/obj/stm32f4x7_eth_bsp.o
                0x08004e80                Eth_Link_PHYITConfig
                0x08004ebc                Eth_Link_EXTIConfig
                0x08004f2c                ETH_BSP_Config
                0x0800518c                Eth_Link_ITHandler
                0x080051c0                ETH_link_callback
 .text          0x080052ac     0x1ae0 ../build/obj/stm32f4x7_eth.o
                0x080052ac                ETH_DeInit
                0x080052c4                ETH_StructInit
                0x0800536c                ETH_MACTransmissionCmd
                0x080053b8                ETH_MACReceptionCmd
                0x08005404                ETH_GetFlowControlBusyStatus
                0x08005414                ETH_InitiatePauseControlFrame
                0x0800543c                ETH_BackPressureActivationCmd
                0x08005488                ETH_GetMACFlagStatus
                0x080054c4                ETH_GetMACITStatus
                0x08005500                ETH_MACITConfig
                0x08005548                ETH_MACAddressConfig
                0x08005594                ETH_GetMACAddress
                0x080055d8                ETH_MACAddressPerfectFilterCmd
                0x0800563c                ETH_MACAddressFilterConfig
                0x080056a8                ETH_MACAddressMaskBytesFilterConfig
                0x08005730                ETH_Get_Received_Frame
                0x08005760                ETH_Get_Received_Frame_interrupt
                0x08005818                ETH_Prepare_Transmit_Descriptors
                0x080058f0                ETH_DMARxDescChainInit
                0x08005950                ETH_CheckFrameReceived
                0x080059ec                ETH_DMATxDescChainInit
                0x08005a34                ETH_GetDMATxDescFlagStatus
                0x08005ad8                ETH_GetDMATxDescCollisionCount
                0x08005ae0                ETH_SetDMATxDescOwnBit
                0x08005aec                ETH_DMATxDescTransmitITConfig
                0x08005b1c                ETH_DMATxDescFrameSegmentConfig
                0x08005b44                ETH_DMATxDescChecksumInsertionConfig
                0x08005b6c                ETH_DMATxDescCRCCmd
                0x08005b9c                ETH_DMATxDescSecondAddressChainedCmd
                0x08005bcc                ETH_DMATxDescShortFramePaddingCmd
                0x08005bfc                ETH_DMATxDescBufferSizeConfig
                0x08005c34                ETH_GetDMARxDescFlagStatus
                0x08005cb0                ETH_GetDMAPTPRxDescExtendedFlagStatus
                0x08005cf8                ETH_SetDMARxDescOwnBit
                0x08005d04                ETH_GetDMARxDescFrameLength
                0x08005d0c                ETH_DMARxDescReceiveITConfig
                0x08005d3c                ETH_GetDMARxDescBufferSize
                0x08005d68                ETH_GetRxPktSize
                0x08005d94                ETH_EnhancedDescriptorCmd
                0x08005de0                ETH_SoftwareReset
                0x08005df0                ETH_GetSoftwareResetStatus
                0x08005e00                ETH_GetDMAFlagStatus
                0x08005e84                ETH_DMAClearFlag
                0x08005eb0                ETH_DMAITConfig
                0x08005f04                ETH_GetDMAITStatus
                0x08005f88                ETH_DMAClearITPendingBit
                0x08005fb4                ETH_GetTransmitProcessState
                0x08005fc8                ETH_GetReceiveProcessState
                0x08005fdc                ETH_FlushTransmitFIFO
                0x08006008                ETH_GetFlushTransmitFIFOStatus
                0x0800601c                ETH_DMATransmissionCmd
                0x08006058                ETH_DMAReceptionCmd
                0x08006094                ETH_Start
                0x080060b4                ETH_Stop
                0x080060d4                ETH_GetDMAOverflowStatus
                0x08006104                ETH_GetRxOverflowMissedFrameCounter
                0x08006114                ETH_GetBufferUnavailableMissedFrameCounter
                0x08006120                ETH_GetCurrentTxDescStartAddress
                0x08006130                ETH_GetCurrentRxDescStartAddress
                0x08006140                ETH_GetCurrentTxBufferAddress
                0x08006150                ETH_GetCurrentRxBufferAddress
                0x08006160                ETH_ResumeDMATransmission
                0x08006170                ETH_ResumeDMAReception
                0x08006180                ETH_SetReceiveWatchdogTimer
                0x08006190                ETH_ReadPHYRegister
                0x080061ec                ETH_WritePHYRegister
                0x08006248                ETH_Init
                0x0800692c                ETH_PHYLoopBackCmd
                0x0800697c                ETH_ResetWakeUpFrameFilterRegisterPointer
                0x080069a4                ETH_SetWakeUpFrameFilterRegister
                0x080069d4                ETH_GlobalUnicastWakeUpCmd
                0x08006a20                ETH_GetPMTFlagStatus
                0x08006a4c                ETH_WakeUpFrameDetectionCmd
                0x08006a98                ETH_MagicPacketDetectionCmd
                0x08006ae4                ETH_PowerDownCmd
                0x08006b30                ETH_MMCCounterFullPreset
                0x08006b44                ETH_MMCCounterHalfPreset
                0x08006b64                ETH_MMCCounterFreezeCmd
                0x08006ba0                ETH_MMCResetOnReadCmd
                0x08006bdc                ETH_MMCCounterRolloverCmd
                0x08006c18                ETH_MMCCountersReset
                0x08006c2c                ETH_MMCITConfig
                0x08006cb0                ETH_GetMMCITStatus
                0x08006d34                ETH_GetMMCRegister
 .text          0x08006d8c      0x198 ../build/obj/misc.o
                0x08006d8c                NVIC_PriorityGroupConfig
                0x08006dc8                NVIC_Init
                0x08006e64                NVIC_SetVectorTable
                0x08006ea8                NVIC_SystemLPConfig
                0x08006ef0                SysTick_CLKSourceConfig
 .text          0x08006f24     0x122c ../build/obj/stm32f4xx_dma.o
                0x08006f24                DMA_DeInit
                0x08007248                DMA_Init
                0x08007434                DMA_StructInit
                0x08007458                DMA_Cmd
                0x080074f8                DMA_PeriphIncOffsetSizeConfig
                0x08007598                DMA_FlowControllerConfig
                0x08007638                DMA_SetCurrDataCounter
                0x080076b8                DMA_GetCurrDataCounter
                0x08007738                DMA_DoubleBufferModeConfig
                0x080077e0                DMA_DoubleBufferModeCmd
                0x08007880                DMA_MemoryTargetConfig
                0x08007918                DMA_GetCurrentMemoryTarget
                0x08007998                DMA_GetCmdStatus
                0x08007a18                DMA_GetFIFOStatus
                0x08007a98                DMA_GetFlagStatus
                0x08007c7c                DMA_ClearFlag
                0x08007d48                DMA_ITConfig
                0x08007e28                DMA_GetITStatus
                0x08008084                DMA_ClearITPendingBit
 .text          0x08008150      0x2b8 ../build/obj/stm32f4xx_exti.o
                0x08008150                EXTI_DeInit
                0x0800816c                EXTI_Init
                0x08008244                EXTI_StructInit
                0x08008254                EXTI_GenerateSWInterrupt
                0x0800827c                EXTI_GetFlagStatus
                0x08008318                EXTI_ClearFlag
                0x0800833c                EXTI_GetITStatus
                0x080083e4                EXTI_ClearITPendingBit
 .text          0x08008408      0x858 ../build/obj/stm32f4xx_gpio.o
                0x08008408                GPIO_DeInit
                0x08008508                GPIO_Init
                0x08008648                GPIO_StructInit
                0x0800865c                GPIO_PinLockConfig
                0x080086ec                GPIO_ReadInputDataBit
                0x080087b0                GPIO_ReadInputData
                0x08008814                GPIO_ReadOutputDataBit
                0x080088d8                GPIO_ReadOutputData
                0x0800893c                GPIO_SetBits
                0x080089ac                GPIO_ResetBits
                0x08008a1c                GPIO_WriteBit
                0x08008af0                GPIO_Write
                0x08008b54                GPIO_ToggleBits
                0x08008bbc                GPIO_PinAFConfig
 .text          0x08008c60      0xb98 ../build/obj/stm32f4xx_rcc.o
                0x08008c60                RCC_DeInit
                0x08008c9c                RCC_HSEConfig
                0x08008cc4                RCC_AdjustHSICalibrationValue
                0x08008cf0                RCC_HSICmd
                0x08008d10                RCC_LSEConfig
                0x08008d5c                RCC_LSICmd
                0x08008d7c                RCC_PLLConfig
                0x08008e08                RCC_PLLCmd
                0x08008e28                RCC_PLLI2SConfig
                0x08008e68                RCC_PLLI2SCmd
                0x08008e88                RCC_ClockSecuritySystemCmd
                0x08008ea8                RCC_MCO1Config
                0x08008efc                RCC_MCO2Config
                0x08008f50                RCC_SYSCLKConfig
                0x08008f78                RCC_GetSYSCLKSource
                0x08008f88                RCC_HCLKConfig
                0x08008fd0                RCC_PCLK1Config
                0x0800900c                RCC_PCLK2Config
                0x08009048                RCC_GetClocksFreq
                0x08009100                RCC_RTCCLKConfig
                0x080091cc                RCC_RTCCLKCmd
                0x080091ec                RCC_BackupResetCmd
                0x0800920c                RCC_I2SCLKConfig
                0x0800922c                RCC_TIMCLKPresConfig
                0x0800924c                RCC_AHB1PeriphClockCmd
                0x08009298                RCC_AHB2PeriphClockCmd
                0x080092e0                RCC_AHB3PeriphClockCmd
                0x08009328                RCC_APB1PeriphClockCmd
                0x08009374                RCC_APB2PeriphClockCmd
                0x080093c0                RCC_AHB1PeriphResetCmd
                0x0800940c                RCC_AHB2PeriphResetCmd
                0x08009454                RCC_AHB3PeriphResetCmd
                0x0800949c                RCC_APB1PeriphResetCmd
                0x080094e8                RCC_APB2PeriphResetCmd
                0x08009534                RCC_AHB1PeriphClockLPModeCmd
                0x08009580                RCC_AHB2PeriphClockLPModeCmd
                0x080095c8                RCC_AHB3PeriphClockLPModeCmd
                0x08009610                RCC_APB1PeriphClockLPModeCmd
                0x0800965c                RCC_APB2PeriphClockLPModeCmd
                0x080096a8                RCC_ITConfig
                0x080096f0                RCC_GetFlagStatus
                0x08009750                RCC_WaitForHSEStartUp
                0x08009784                RCC_ClearFlag
                0x08009794                RCC_GetITStatus
                0x080097d4                RCC_ClearITPendingBit
 .text          0x080097f8       0xd4 ../build/obj/stm32f4xx_syscfg.o
                0x080097f8                SYSCFG_DeInit
                0x08009810                SYSCFG_MemoryRemapConfig
                0x08009830                SYSCFG_EXTILineConfig
                0x0800987c                SYSCFG_ETH_MediaInterfaceConfig
                0x0800989c                SYSCFG_CompensationCellCmd
                0x080098bc                SYSCFG_GetCompensationCellStatus
 .text          0x080098cc     0x332c ../build/obj/stm32f4xx_tim.o
                0x0800993c                TIM_DeInit
                0x08009ad8                TIM_TimeBaseInit
                0x08009c1c                TIM_TimeBaseStructInit
                0x08009c30                TIM_PrescalerConfig
                0x08009ccc                TIM_CounterModeConfig
                0x08009d40                TIM_SetCounter
                0x08009dc8                TIM_SetAutoreload
                0x08009e50                TIM_GetCounter
                0x08009ed8                TIM_GetPrescaler
                0x08009f60                TIM_UpdateDisableConfig
                0x0800a010                TIM_UpdateRequestConfig
                0x0800a0c0                TIM_ARRPreloadConfig
                0x0800a170                TIM_SelectOnePulseMode
                0x0800a21c                TIM_SetClockDivision
                0x0800a2c0                TIM_Cmd
                0x0800a370                TIM_OC1Init
                0x0800a4e8                TIM_OC2Init
                0x0800a658                TIM_OC3Init
                0x0800a7b4                TIM_OC4Init
                0x0800a8b8                TIM_OCStructInit
                0x0800a8cc                TIM_SelectOCxM
                0x0800a9c4                TIM_SetCompare1
                0x0800aa3c                TIM_SetCompare2
                0x0800aa94                TIM_SetCompare3
                0x0800aadc                TIM_SetCompare4
                0x0800ab24                TIM_ForcedOC1Config
                0x0800abbc                TIM_ForcedOC2Config
                0x0800ac38                TIM_ForcedOC3Config
                0x0800aca0                TIM_ForcedOC4Config
                0x0800ad0c                TIM_OC1PreloadConfig
                0x0800ada4                TIM_OC2PreloadConfig
                0x0800ae20                TIM_OC3PreloadConfig
                0x0800ae88                TIM_OC4PreloadConfig
                0x0800aef4                TIM_OC1FastConfig
                0x0800af8c                TIM_OC2FastConfig
                0x0800b008                TIM_OC3FastConfig
                0x0800b070                TIM_OC4FastConfig
                0x0800b0dc                TIM_ClearOC1Ref
                0x0800b174                TIM_ClearOC2Ref
                0x0800b1ec                TIM_ClearOC3Ref
                0x0800b254                TIM_ClearOC4Ref
                0x0800b2bc                TIM_OC1PolarityConfig
                0x0800b354                TIM_OC1NPolarityConfig
                0x0800b39c                TIM_OC2PolarityConfig
                0x0800b418                TIM_OC2NPolarityConfig
                0x0800b464                TIM_OC3PolarityConfig
                0x0800b4d0                TIM_OC3NPolarityConfig
                0x0800b51c                TIM_OC4PolarityConfig
                0x0800b588                TIM_CCxCmd
                0x0800b640                TIM_CCxNCmd
                0x0800b6ac                TIM_ICStructInit
                0x0800b6bc                TIM_GetCapture1
                0x0800b734                TIM_GetCapture2
                0x0800b78c                TIM_GetCapture3
                0x0800b7d4                TIM_GetCapture4
                0x0800b81c                TIM_SetIC1Prescaler
                0x0800b8bc                TIM_SetIC2Prescaler
                0x0800b940                TIM_PWMIConfig
                0x0800b9fc                TIM_SetIC3Prescaler
                0x0800ba6c                TIM_SetIC4Prescaler
                0x0800bae0                TIM_ICInit
                0x0800bd1c                TIM_BDTRConfig
                0x0800bde4                TIM_BDTRStructInit
                0x0800bdf8                TIM_CtrlPWMOutputs
                0x0800be50                TIM_SelectCOM
                0x0800bea0                TIM_CCPreloadControl
                0x0800bef0                TIM_ITConfig
                0x0800bfb0                TIM_GenerateEvent
                0x0800c04c                TIM_GetFlagStatus
                0x0800c120                TIM_ClearFlag
                0x0800c1ac                TIM_GetITStatus
                0x0800c274                TIM_ClearITPendingBit
                0x0800c300                TIM_DMAConfig
                0x0800c3a0                TIM_DMACmd
                0x0800c430                TIM_SelectCCDMA
                0x0800c4a0                TIM_InternalClockConfig
                0x0800c500                TIM_SelectInputTrigger
                0x0800c5a4                TIM_ITRxExternalClockConfig
                0x0800c624                TIM_TIxExternalClockConfig
                0x0800c6f4                TIM_SelectOutputTrigger
                0x0800c77c                TIM_SelectSlaveMode
                0x0800c7f8                TIM_SelectMasterSlaveMode
                0x0800c874                TIM_ETRConfig
                0x0800c904                TIM_ETRClockMode1Config
                0x0800c9a0                TIM_ETRClockMode2Config
                0x0800ca38                TIM_EncoderInterfaceConfig
                0x0800cb14                TIM_SelectHallSensor
                0x0800cb94                TIM_RemapConfig
 .text          0x0800cbf8       0xc0 ../build/obj/netconf.o
                0x0800cbf8                LwIP_Init
                0x0800cc7c                LwIP_Pkt_Handle
                0x0800cc8c                LwIP_Periodic_Handle
 .text          0x0800ccb8       0x14 ../build/obj/startup_stm32f4xx.o
 .text          0x0800cccc        0x0 ../build/obj/buffs_iram1.o
 .text          0x0800cccc        0x0 ../build/obj/buffs_iram2.o
 .text          0x0800cccc       0xf0 ../build/obj/syscalls.o
                0x0800cccc                initialise_monitor_handles
                0x0800ccd0                _getpid
                0x0800ccd4                _kill
                0x0800cce4                _exit
                0x0800ccf0                _write
                0x0800ccf4                _sbrk
                0x0800cd2c                _close
                0x0800cd34                _fstat
                0x0800cd40                _isatty
                0x0800cd44                _lseek
                0x0800cd48                _read
                0x0800cd4c                _open
                0x0800cd58                _wait
                0x0800cd68                _unlink
                0x0800cd78                _times
                0x0800cd80                _stat
                0x0800cd8c                _link
                0x0800cd9c                _fork
                0x0800cdac                _execve
 .text          0x0800cdbc      0x3c8 ../build/obj/main.o
                0x0800cdbc                Delay
                0x0800cdd4                Time_Update
                0x0800cde4                assert_failed
                0x0800cde8                malloc
                0x0800cdf0                free
                0x0800cdf8                GrizzyLib::ElementBuffer<GrizzyLib::ARGBFormat>::bufferType()
                0x0800ce00                GrizzyLib::ElementBuffer<GrizzyLib::RGBFormat>::bufferType()
                0x0800ce08                GrizzyLib::ElementBuffer<GrizzyLib::XYZFormat>::bufferType()
                0x0800ce10                GrizzyLib::ElementBuffer<GrizzyLib::SlowXYZFormat>::bufferType()
                0x0800ce18                GrizzyLib::ElementBuffer<GrizzyLib::DMAFormat>::bufferType()
                0x0800ce20                GrizzyLib::ElementBuffer<GrizzyLib::SlowDMAFormat>::bufferType()
                0x0800ce28                GrizzyLib::ElementConverter<GrizzyLib::RGBFormat, GrizzyLib::SlowDMAFormat>::convertElements(unsigned long, unsigned long)
                0x0800cee0                GrizzyLib::ElementConverter<GrizzyLib::ARGBFormat, GrizzyLib::SlowDMAFormat>::convertElements(unsigned long, unsigned long)
                0x0800cf94                main
 .text          0x0800d184      0x61c ../build/obj/grizzlyapp.o
                0x0800d184                GrizzlyApp::sysConfigRCC()
                0x0800d204                GrizzlyApp::sysConfigSysTick()
                0x0800d274                GrizzlyApp::sysConfigDebug(unsigned char)
                0x0800d294                GrizzlyApp::sysDisablePHY()
                0x0800d2a4                GrizzlyApp::sysEnablePHY()
                0x0800d2b4                GrizzlyApp::gpioConfigEthernet()
                0x0800d3c8                GrizzlyApp::gpioConfigLEDOutput()
                0x0800d4b4                GrizzlyApp::initReceivers()
                0x0800d4b8                GrizzlyApp::runReceivers()
                0x0800d4bc                GrizzlyApp::dmaInitializeRGBData()
                0x0800d578                GrizzlyApp::dmaInitializeClockRising()
                0x0800d618                GrizzlyApp::dmaInitializeClockFalling()
                0x0800d6b8                GrizzlyApp::dmaSendRGBFrame()
                0x0800d720                GrizzlyApp::dmaInitLEDFrameTimer()
                0x0800d778                GrizzlyApp::dmaStartLEDFrameTimer()
                0x0800d78c                GrizzlyApp::dmaStopLEDFrameTimer()
 .text          0x0800d7a0       0xe4 ../build/obj/stm32f4xx_it.o
                0x0800d7a0                NMI_Handler
                0x0800d7a4                HardFault_Handler
                0x0800d7a8                MemManage_Handler
                0x0800d7ac                BusFault_Handler
                0x0800d7b0                UsageFault_Handler
                0x0800d7b4                DebugMon_Handler
                0x0800d7b8                SysTick_Handler
                0x0800d7c0                EXTI15_10_IRQHandler
                0x0800d7dc                TIM2_IRQHandler
                0x0800d7f8                DMA2_Stream0_IRQHandler
                0x0800d818                DMA2_Stream5_IRQHandler
 .text          0x0800d884       0x5c ../build/obj/udp_color_server.o
                0x0800d884                udp_colorserver_receive_callback
                0x0800d898                udp_colorserver_init
 .text          0x0800d8e0        0x0 c:/program files (x86)/gnu tools arm embedded/4.8 2013q4/bin/../lib/gcc/arm-none-eabi/4.8.3/../../../../arm-none-eabi/lib/armv7e-m\libm.a(lib_a-w_pow.o)
 .text          0x0800d8e0        0x0 c:/program files (x86)/gnu tools arm embedded/4.8 2013q4/bin/../lib/gcc/arm-none-eabi/4.8.3/../../../../arm-none-eabi/lib/armv7e-m\libm.a(lib_a-e_pow.o)
 .text          0x0800d8e0        0x0 c:/program files (x86)/gnu tools arm embedded/4.8 2013q4/bin/../lib/gcc/arm-none-eabi/4.8.3/../../../../arm-none-eabi/lib/armv7e-m\libm.a(lib_a-e_sqrt.o)
 .text          0x0800d8e0        0x0 c:/program files (x86)/gnu tools arm embedded/4.8 2013q4/bin/../lib/gcc/arm-none-eabi/4.8.3/../../../../arm-none-eabi/lib/armv7e-m\libm.a(lib_a-s_fabs.o)
 .text          0x0800d8e0        0x0 c:/program files (x86)/gnu tools arm embedded/4.8 2013q4/bin/../lib/gcc/arm-none-eabi/4.8.3/../../../../arm-none-eabi/lib/armv7e-m\libm.a(lib_a-s_finite.o)
 .text          0x0800d8e0        0x0 c:/program files (x86)/gnu tools arm embedded/4.8 2013q4/bin/../lib/gcc/arm-none-eabi/4.8.3/../../../../arm-none-eabi/lib/armv7e-m\libm.a(lib_a-s_fpclassify.o)
 .text          0x0800d8e0        0x0 c:/program files (x86)/gnu tools arm embedded/4.8 2013q4/bin/../lib/gcc/arm-none-eabi/4.8.3/../../../../arm-none-eabi/lib/armv7e-m\libm.a(lib_a-s_lib_ver.o)
 .text          0x0800d8e0        0x0 c:/program files (x86)/gnu tools arm embedded/4.8 2013q4/bin/../lib/gcc/arm-none-eabi/4.8.3/../../../../arm-none-eabi/lib/armv7e-m\libm.a(lib_a-s_matherr.o)
 .text          0x0800d8e0        0x0 c:/program files (x86)/gnu tools arm embedded/4.8 2013q4/bin/../lib/gcc/arm-none-eabi/4.8.3/../../../../arm-none-eabi/lib/armv7e-m\libm.a(lib_a-s_nan.o)
 .text          0x0800d8e0        0x0 c:/program files (x86)/gnu tools arm embedded/4.8 2013q4/bin/../lib/gcc/arm-none-eabi/4.8.3/../../../../arm-none-eabi/lib/armv7e-m\libm.a(lib_a-s_rint.o)
 .text          0x0800d8e0        0x0 c:/program files (x86)/gnu tools arm embedded/4.8 2013q4/bin/../lib/gcc/arm-none-eabi/4.8.3/../../../../arm-none-eabi/lib/armv7e-m\libm.a(lib_a-s_scalbn.o)
 .text          0x0800d8e0        0x0 c:/program files (x86)/gnu tools arm embedded/4.8 2013q4/bin/../lib/gcc/arm-none-eabi/4.8.3/../../../../arm-none-eabi/lib/armv7e-m\libm.a(lib_a-s_copysign.o)
 .text          0x0800d8e0        0x0 c:/program files (x86)/gnu tools arm embedded/4.8 2013q4/bin/../lib/gcc/arm-none-eabi/4.8.3/../../../../arm-none-eabi/lib/armv7e-m\libstdc++.a(atexit_arm.o)
 .text          0x0800d8e0        0x0 c:/program files (x86)/gnu tools arm embedded/4.8 2013q4/bin/../lib/gcc/arm-none-eabi/4.8.3/../../../../arm-none-eabi/lib/armv7e-m\libstdc++.a(new_op.o)
 .text          0x0800d8e0        0x0 c:/program files (x86)/gnu tools arm embedded/4.8 2013q4/bin/../lib/gcc/arm-none-eabi/4.8.3/../../../../arm-none-eabi/lib/armv7e-m\libstdc++.a(eh_personality.o)
 .text          0x0800d8e0        0x0 c:/program files (x86)/gnu tools arm embedded/4.8 2013q4/bin/../lib/gcc/arm-none-eabi/4.8.3/../../../../arm-none-eabi/lib/armv7e-m\libstdc++.a(eh_alloc.o)
 .text          0x0800d8e0        0x0 c:/program files (x86)/gnu tools arm embedded/4.8 2013q4/bin/../lib/gcc/arm-none-eabi/4.8.3/../../../../arm-none-eabi/lib/armv7e-m\libstdc++.a(eh_terminate.o)
 .text          0x0800d8e0        0x0 c:/program files (x86)/gnu tools arm embedded/4.8 2013q4/bin/../lib/gcc/arm-none-eabi/4.8.3/../../../../arm-none-eabi/lib/armv7e-m\libstdc++.a(eh_unex_handler.o)
 .text          0x0800d8e0        0x0 c:/program files (x86)/gnu tools arm embedded/4.8 2013q4/bin/../lib/gcc/arm-none-eabi/4.8.3/../../../../arm-none-eabi/lib/armv7e-m\libstdc++.a(string-inst.o)
 .text          0x0800d8e0        0x0 c:/program files (x86)/gnu tools arm embedded/4.8 2013q4/bin/../lib/gcc/arm-none-eabi/4.8.3/../../../../arm-none-eabi/lib/armv7e-m\libstdc++.a(functexcept.o)
 .text          0x0800d8e0        0x0 c:/program files (x86)/gnu tools arm embedded/4.8 2013q4/bin/../lib/gcc/arm-none-eabi/4.8.3/../../../../arm-none-eabi/lib/armv7e-m\libstdc++.a(functional.o)
 .text          0x0800d8e0        0x0 c:/program files (x86)/gnu tools arm embedded/4.8 2013q4/bin/../lib/gcc/arm-none-eabi/4.8.3/../../../../arm-none-eabi/lib/armv7e-m\libstdc++.a(si_class_type_info.o)
 .text          0x0800d8e0        0x0 c:/program files (x86)/gnu tools arm embedded/4.8 2013q4/bin/../lib/gcc/arm-none-eabi/4.8.3/../../../../arm-none-eabi/lib/armv7e-m\libstdc++.a(eh_call.o)
 .text          0x0800d8e0        0x0 c:/program files (x86)/gnu tools arm embedded/4.8 2013q4/bin/../lib/gcc/arm-none-eabi/4.8.3/../../../../arm-none-eabi/lib/armv7e-m\libstdc++.a(eh_arm.o)
 .text          0x0800d8e0        0x0 c:/program files (x86)/gnu tools arm embedded/4.8 2013q4/bin/../lib/gcc/arm-none-eabi/4.8.3/../../../../arm-none-eabi/lib/armv7e-m\libstdc++.a(new_handler.o)
 .text          0x0800d8e0        0x0 c:/program files (x86)/gnu tools arm embedded/4.8 2013q4/bin/../lib/gcc/arm-none-eabi/4.8.3/../../../../arm-none-eabi/lib/armv7e-m\libstdc++.a(bad_alloc.o)
 .text          0x0800d8e0        0x0 c:/program files (x86)/gnu tools arm embedded/4.8 2013q4/bin/../lib/gcc/arm-none-eabi/4.8.3/../../../../arm-none-eabi/lib/armv7e-m\libstdc++.a(eh_globals.o)
 .text          0x0800d8e0        0x0 c:/program files (x86)/gnu tools arm embedded/4.8 2013q4/bin/../lib/gcc/arm-none-eabi/4.8.3/../../../../arm-none-eabi/lib/armv7e-m\libstdc++.a(bad_cast.o)
 .text          0x0800d8e0        0x0 c:/program files (x86)/gnu tools arm embedded/4.8 2013q4/bin/../lib/gcc/arm-none-eabi/4.8.3/../../../../arm-none-eabi/lib/armv7e-m\libstdc++.a(eh_catch.o)
 .text          0x0800d8e0        0x0 c:/program files (x86)/gnu tools arm embedded/4.8 2013q4/bin/../lib/gcc/arm-none-eabi/4.8.3/../../../../arm-none-eabi/lib/armv7e-m\libstdc++.a(eh_exception.o)
 .text          0x0800d8e0        0x0 c:/program files (x86)/gnu tools arm embedded/4.8 2013q4/bin/../lib/gcc/arm-none-eabi/4.8.3/../../../../arm-none-eabi/lib/armv7e-m\libstdc++.a(del_op.o)
 .text          0x0800d8e0        0x0 c:/program files (x86)/gnu tools arm embedded/4.8 2013q4/bin/../lib/gcc/arm-none-eabi/4.8.3/../../../../arm-none-eabi/lib/armv7e-m\libstdc++.a(class_type_info.o)
 .text          0x0800d8e0        0x0 c:/program files (x86)/gnu tools arm embedded/4.8 2013q4/bin/../lib/gcc/arm-none-eabi/4.8.3/../../../../arm-none-eabi/lib/armv7e-m\libstdc++.a(eh_throw.o)
 .text          0x0800d8e0        0x0 c:/program files (x86)/gnu tools arm embedded/4.8 2013q4/bin/../lib/gcc/arm-none-eabi/4.8.3/../../../../arm-none-eabi/lib/armv7e-m\libstdc++.a(eh_term_handler.o)
 .text          0x0800d8e0        0x0 c:/program files (x86)/gnu tools arm embedded/4.8 2013q4/bin/../lib/gcc/arm-none-eabi/4.8.3/../../../../arm-none-eabi/lib/armv7e-m\libstdc++.a(bad_typeid.o)
 .text          0x0800d8e0        0x0 c:/program files (x86)/gnu tools arm embedded/4.8 2013q4/bin/../lib/gcc/arm-none-eabi/4.8.3/../../../../arm-none-eabi/lib/armv7e-m\libstdc++.a(tinfo.o)
 .text          0x0800d8e0        0x0 c:/program files (x86)/gnu tools arm embedded/4.8 2013q4/bin/../lib/gcc/arm-none-eabi/4.8.3/../../../../arm-none-eabi/lib/armv7e-m\libstdc++.a(ios_failure.o)
 .text          0x0800d8e0        0x0 c:/program files (x86)/gnu tools arm embedded/4.8 2013q4/bin/../lib/gcc/arm-none-eabi/4.8.3/../../../../arm-none-eabi/lib/armv7e-m\libstdc++.a(stdexcept.o)
 .text          0x0800d8e0        0x0 c:/program files (x86)/gnu tools arm embedded/4.8 2013q4/bin/../lib/gcc/arm-none-eabi/4.8.3/../../../../arm-none-eabi/lib/armv7e-m\libstdc++.a(system_error.o)
 .text          0x0800d8e0        0x0 c:/program files (x86)/gnu tools arm embedded/4.8 2013q4/bin/../lib/gcc/arm-none-eabi/4.8.3/../../../../arm-none-eabi/lib/armv7e-m\libstdc++.a(future.o)
 .text          0x0800d8e0        0x0 c:/program files (x86)/gnu tools arm embedded/4.8 2013q4/bin/../lib/gcc/arm-none-eabi/4.8.3/../../../../arm-none-eabi/lib/armv7e-m\libstdc++.a(regex.o)
 .text          0x0800d8e0        0x0 c:/program files (x86)/gnu tools arm embedded/4.8 2013q4/bin/../lib/gcc/arm-none-eabi/4.8.3/../../../../arm-none-eabi/lib/armv7e-m\libstdc++.a(pure.o)
 .text          0x0800d8e0        0x0 c:/program files (x86)/gnu tools arm embedded/4.8 2013q4/bin/../lib/gcc/arm-none-eabi/4.8.3/../../../../arm-none-eabi/lib/armv7e-m\libstdc++.a(guard.o)
 .text          0x0800d8e0        0x0 c:/program files (x86)/gnu tools arm embedded/4.8 2013q4/bin/../lib/gcc/arm-none-eabi/4.8.3/../../../../arm-none-eabi/lib/armv7e-m\libstdc++.a(vterminate.o)
 .text          0x0800d8e0        0x0 c:/program files (x86)/gnu tools arm embedded/4.8 2013q4/bin/../lib/gcc/arm-none-eabi/4.8.3/../../../../arm-none-eabi/lib/armv7e-m\libstdc++.a(eh_type.o)
 .text          0x0800d8e0        0x0 c:/program files (x86)/gnu tools arm embedded/4.8 2013q4/bin/../lib/gcc/arm-none-eabi/4.8.3/../../../../arm-none-eabi/lib/armv7e-m\libstdc++.a(guard_error.o)
 .text          0x0800d8e0     0x57d8 c:/program files (x86)/gnu tools arm embedded/4.8 2013q4/bin/../lib/gcc/arm-none-eabi/4.8.3/../../../../arm-none-eabi/lib/armv7e-m\libstdc++.a(cp-demangle.o)
                0x08012fd8                __cxa_demangle
                0x0801309c                __gcclibcxx_demangle_callback
 .text          0x080130b8      0x370 c:/program files (x86)/gnu tools arm embedded/4.8 2013q4/bin/../lib/gcc/arm-none-eabi/4.8.3/armv7e-m\libgcc.a(_arm_addsubdf3.o)
                0x080130b8                __aeabi_drsub
                0x080130c0                __aeabi_dsub
                0x080130c0                __subdf3
                0x080130c4                __aeabi_dadd
                0x080130c4                __adddf3
                0x0801333c                __floatunsidf
                0x0801333c                __aeabi_ui2d
                0x0801335c                __floatsidf
                0x0801335c                __aeabi_i2d
                0x08013380                __aeabi_f2d
                0x08013380                __extendsfdf2
                0x080133bc                __floatundidf
                0x080133bc                __aeabi_ul2d
                0x080133cc                __floatdidf
                0x080133cc                __aeabi_l2d
 .text          0x08013428      0x424 c:/program files (x86)/gnu tools arm embedded/4.8 2013q4/bin/../lib/gcc/arm-none-eabi/4.8.3/armv7e-m\libgcc.a(_arm_muldivdf3.o)
                0x08013428                __aeabi_dmul
                0x08013428                __muldf3
                0x0801367c                __divdf3
                0x0801367c                __aeabi_ddiv
 .text          0x0801384c      0x110 c:/program files (x86)/gnu tools arm embedded/4.8 2013q4/bin/../lib/gcc/arm-none-eabi/4.8.3/armv7e-m\libgcc.a(_arm_cmpdf2.o)
                0x0801384c                __gtdf2
                0x0801384c                __gedf2
                0x08013854                __ltdf2
                0x08013854                __ledf2
                0x0801385c                __nedf2
                0x0801385c                __eqdf2
                0x0801385c                __cmpdf2
                0x080138d8                __aeabi_cdrcmple
                0x080138e8                __aeabi_cdcmpeq
                0x080138e8                __aeabi_cdcmple
                0x080138f8                __aeabi_dcmpeq
                0x0801390c                __aeabi_dcmplt
                0x08013920                __aeabi_dcmple
                0x08013934                __aeabi_dcmpge
                0x08013948                __aeabi_dcmpgt
 .text          0x0801395c       0x50 c:/program files (x86)/gnu tools arm embedded/4.8 2013q4/bin/../lib/gcc/arm-none-eabi/4.8.3/armv7e-m\libgcc.a(_arm_fixdfsi.o)
                0x0801395c                __aeabi_d2iz
                0x0801395c                __fixdfsi
 .text          0x080139ac      0xa1c c:/program files (x86)/gnu tools arm embedded/4.8 2013q4/bin/../lib/gcc/arm-none-eabi/4.8.3/armv7e-m\libgcc.a(unwind-arm.o)
                0x08013c90                _Unwind_GetCFA
                0x08013c94                __gnu_Unwind_RaiseException
                0x08013cf4                __gnu_Unwind_ForcedUnwind
                0x08013d08                __gnu_Unwind_Resume
                0x08013d4c                __gnu_Unwind_Resume_or_Rethrow
                0x08013d5c                _Unwind_Complete
                0x08013d60                _Unwind_DeleteException
                0x08013d70                _Unwind_VRS_Get
                0x08013dc0                _Unwind_VRS_Set
                0x08013e10                __gnu_Unwind_Backtrace
                0x08014164                __aeabi_unwind_cpp_pr0
                0x0801416c                __aeabi_unwind_cpp_pr1
                0x08014174                __aeabi_unwind_cpp_pr2
                0x0801417c                _Unwind_VRS_Pop
 .text          0x080143c8      0x1ac c:/program files (x86)/gnu tools arm embedded/4.8 2013q4/bin/../lib/gcc/arm-none-eabi/4.8.3/armv7e-m\libgcc.a(libunwind.o)
                0x080143c8                __restore_core_regs
                0x080143c8                restore_core_regs
                0x080143e0                __gnu_Unwind_Restore_VFP
                0x080143e8                __gnu_Unwind_Save_VFP
                0x080143f0                __gnu_Unwind_Restore_VFP_D
                0x080143f8                __gnu_Unwind_Save_VFP_D
                0x08014400                __gnu_Unwind_Restore_VFP_D_16_to_31
                0x08014408                __gnu_Unwind_Save_VFP_D_16_to_31
                0x08014410                __gnu_Unwind_Restore_WMMXD
                0x08014454                __gnu_Unwind_Save_WMMXD
                0x08014498                __gnu_Unwind_Restore_WMMXC
                0x080144ac                __gnu_Unwind_Save_WMMXC
                0x080144c0                ___Unwind_RaiseException
                0x080144c0                _Unwind_RaiseException
                0x080144e4                _Unwind_Resume
                0x080144e4                ___Unwind_Resume
                0x08014508                _Unwind_Resume_or_Rethrow
                0x08014508                ___Unwind_Resume_or_Rethrow
                0x0801452c                _Unwind_ForcedUnwind
                0x0801452c                ___Unwind_ForcedUnwind
                0x08014550                ___Unwind_Backtrace
                0x08014550                _Unwind_Backtrace
 .text          0x08014574      0x33c c:/program files (x86)/gnu tools arm embedded/4.8 2013q4/bin/../lib/gcc/arm-none-eabi/4.8.3/armv7e-m\libgcc.a(pr-support.o)
                0x080145c8                __gnu_unwind_execute
                0x08014854                __gnu_unwind_frame
                0x08014880                _Unwind_GetRegionStart
                0x0801488c                _Unwind_GetLanguageSpecificData
                0x080148a0                _Unwind_GetDataRelBase
                0x080148a8                _Unwind_GetTextRelBase
 .text          0x080148b0        0x0 c:/program files (x86)/gnu tools arm embedded/4.8 2013q4/bin/../lib/gcc/arm-none-eabi/4.8.3/../../../../arm-none-eabi/lib/armv7e-m\libc.a(lib_a-abort.o)
 .text          0x080148b0        0x0 c:/program files (x86)/gnu tools arm embedded/4.8 2013q4/bin/../lib/gcc/arm-none-eabi/4.8.3/../../../../arm-none-eabi/lib/armv7e-m\libc.a(lib_a-ctype_.o)
 .text          0x080148b0        0x0 c:/program files (x86)/gnu tools arm embedded/4.8 2013q4/bin/../lib/gcc/arm-none-eabi/4.8.3/../../../../arm-none-eabi/lib/armv7e-m\libc.a(lib_a-cxa_atexit.o)
 .text          0x080148b0        0x0 c:/program files (x86)/gnu tools arm embedded/4.8 2013q4/bin/../lib/gcc/arm-none-eabi/4.8.3/../../../../arm-none-eabi/lib/armv7e-m\libc.a(lib_a-errno.o)
 .text          0x080148b0        0x0 c:/program files (x86)/gnu tools arm embedded/4.8 2013q4/bin/../lib/gcc/arm-none-eabi/4.8.3/../../../../arm-none-eabi/lib/armv7e-m\libc.a(lib_a-exit.o)
 .text          0x080148b0        0x0 c:/program files (x86)/gnu tools arm embedded/4.8 2013q4/bin/../lib/gcc/arm-none-eabi/4.8.3/../../../../arm-none-eabi/lib/armv7e-m\libc.a(lib_a-fputc.o)
 .text          0x080148b0        0x0 c:/program files (x86)/gnu tools arm embedded/4.8 2013q4/bin/../lib/gcc/arm-none-eabi/4.8.3/../../../../arm-none-eabi/lib/armv7e-m\libc.a(lib_a-fputs.o)
 .text          0x080148b0        0x0 c:/program files (x86)/gnu tools arm embedded/4.8 2013q4/bin/../lib/gcc/arm-none-eabi/4.8.3/../../../../arm-none-eabi/lib/armv7e-m\libc.a(lib_a-fvwrite.o)
 .text          0x080148b0        0x0 c:/program files (x86)/gnu tools arm embedded/4.8 2013q4/bin/../lib/gcc/arm-none-eabi/4.8.3/../../../../arm-none-eabi/lib/armv7e-m\libc.a(lib_a-fwrite.o)
 .text          0x080148b0        0x0 c:/program files (x86)/gnu tools arm embedded/4.8 2013q4/bin/../lib/gcc/arm-none-eabi/4.8.3/../../../../arm-none-eabi/lib/armv7e-m\libc.a(lib_a-impure.o)
 .text          0x080148b0        0x0 c:/program files (x86)/gnu tools arm embedded/4.8 2013q4/bin/../lib/gcc/arm-none-eabi/4.8.3/../../../../arm-none-eabi/lib/armv7e-m\libc.a(lib_a-init.o)
 .text          0x080148b0        0x0 c:/program files (x86)/gnu tools arm embedded/4.8 2013q4/bin/../lib/gcc/arm-none-eabi/4.8.3/../../../../arm-none-eabi/lib/armv7e-m\libc.a(lib_a-mallocr.o)
 .text          0x080148b0        0x0 c:/program files (x86)/gnu tools arm embedded/4.8 2013q4/bin/../lib/gcc/arm-none-eabi/4.8.3/../../../../arm-none-eabi/lib/armv7e-m\libc.a(lib_a-memchr-stub.o)
 .text          0x080148b0        0x0 c:/program files (x86)/gnu tools arm embedded/4.8 2013q4/bin/../lib/gcc/arm-none-eabi/4.8.3/../../../../arm-none-eabi/lib/armv7e-m\libc.a(lib_a-memcmp.o)
 .text          0x080148b0      0x134 c:/program files (x86)/gnu tools arm embedded/4.8 2013q4/bin/../lib/gcc/arm-none-eabi/4.8.3/../../../../arm-none-eabi/lib/armv7e-m\libc.a(lib_a-memcpy.o)
                0x080148b0                memcpy
 .text          0x080149e4        0x0 c:/program files (x86)/gnu tools arm embedded/4.8 2013q4/bin/../lib/gcc/arm-none-eabi/4.8.3/../../../../arm-none-eabi/lib/armv7e-m\libc.a(lib_a-memmove.o)
 .text          0x080149e4        0x0 c:/program files (x86)/gnu tools arm embedded/4.8 2013q4/bin/../lib/gcc/arm-none-eabi/4.8.3/../../../../arm-none-eabi/lib/armv7e-m\libc.a(lib_a-memset.o)
 .text          0x080149e4        0x0 c:/program files (x86)/gnu tools arm embedded/4.8 2013q4/bin/../lib/gcc/arm-none-eabi/4.8.3/../../../../arm-none-eabi/lib/armv7e-m\libc.a(lib_a-mlock.o)
 .text          0x080149e4        0x0 c:/program files (x86)/gnu tools arm embedded/4.8 2013q4/bin/../lib/gcc/arm-none-eabi/4.8.3/../../../../arm-none-eabi/lib/armv7e-m\libc.a(lib_a-printf.o)
 .text          0x080149e4        0x0 c:/program files (x86)/gnu tools arm embedded/4.8 2013q4/bin/../lib/gcc/arm-none-eabi/4.8.3/../../../../arm-none-eabi/lib/armv7e-m\libc.a(lib_a-putc.o)
 .text          0x080149e4        0x0 c:/program files (x86)/gnu tools arm embedded/4.8 2013q4/bin/../lib/gcc/arm-none-eabi/4.8.3/../../../../arm-none-eabi/lib/armv7e-m\libc.a(lib_a-puts.o)
 .text          0x080149e4        0x0 c:/program files (x86)/gnu tools arm embedded/4.8 2013q4/bin/../lib/gcc/arm-none-eabi/4.8.3/../../../../arm-none-eabi/lib/armv7e-m\libc.a(lib_a-realloc.o)
 .text          0x080149e4        0x0 c:/program files (x86)/gnu tools arm embedded/4.8 2013q4/bin/../lib/gcc/arm-none-eabi/4.8.3/../../../../arm-none-eabi/lib/armv7e-m\libc.a(lib_a-reallocr.o)
 .text          0x080149e4        0x0 c:/program files (x86)/gnu tools arm embedded/4.8 2013q4/bin/../lib/gcc/arm-none-eabi/4.8.3/../../../../arm-none-eabi/lib/armv7e-m\libc.a(lib_a-reent.o)
 .text          0x080149e4        0x0 c:/program files (x86)/gnu tools arm embedded/4.8 2013q4/bin/../lib/gcc/arm-none-eabi/4.8.3/../../../../arm-none-eabi/lib/armv7e-m\libc.a(lib_a-sbrkr.o)
 .text          0x080149e4        0x0 c:/program files (x86)/gnu tools arm embedded/4.8 2013q4/bin/../lib/gcc/arm-none-eabi/4.8.3/../../../../arm-none-eabi/lib/armv7e-m\libc.a(lib_a-signal.o)
 .text          0x080149e4        0x0 c:/program files (x86)/gnu tools arm embedded/4.8 2013q4/bin/../lib/gcc/arm-none-eabi/4.8.3/../../../../arm-none-eabi/lib/armv7e-m\libc.a(lib_a-signalr.o)
 .text          0x080149e4        0x0 c:/program files (x86)/gnu tools arm embedded/4.8 2013q4/bin/../lib/gcc/arm-none-eabi/4.8.3/../../../../arm-none-eabi/lib/armv7e-m\libc.a(lib_a-sprintf.o)
 .text          0x080149e4      0x21c c:/program files (x86)/gnu tools arm embedded/4.8 2013q4/bin/../lib/gcc/arm-none-eabi/4.8.3/../../../../arm-none-eabi/lib/armv7e-m\libc.a(lib_a-strcmp.o)
                0x080149e4                strcmp
 .text          0x08014c00        0x0 c:/program files (x86)/gnu tools arm embedded/4.8 2013q4/bin/../lib/gcc/arm-none-eabi/4.8.3/../../../../arm-none-eabi/lib/armv7e-m\libc.a(lib_a-strerror.o)
 .text          0x08014c00        0x0 c:/program files (x86)/gnu tools arm embedded/4.8 2013q4/bin/../lib/gcc/arm-none-eabi/4.8.3/../../../../arm-none-eabi/lib/armv7e-m\libc.a(lib_a-strlen.o)
 .text          0x08014c00        0x0 c:/program files (x86)/gnu tools arm embedded/4.8 2013q4/bin/../lib/gcc/arm-none-eabi/4.8.3/../../../../arm-none-eabi/lib/armv7e-m\libc.a(lib_a-strncmp.o)
 .text          0x08014c00        0x0 c:/program files (x86)/gnu tools arm embedded/4.8 2013q4/bin/../lib/gcc/arm-none-eabi/4.8.3/../../../../arm-none-eabi/lib/armv7e-m\libc.a(lib_a-svfprintf.o)
 .text          0x08014c00        0x0 c:/program files (x86)/gnu tools arm embedded/4.8 2013q4/bin/../lib/gcc/arm-none-eabi/4.8.3/../../../../arm-none-eabi/lib/armv7e-m\libc.a(lib_a-syswrite.o)
 .text          0x08014c00        0x0 c:/program files (x86)/gnu tools arm embedded/4.8 2013q4/bin/../lib/gcc/arm-none-eabi/4.8.3/../../../../arm-none-eabi/lib/armv7e-m\libc.a(lib_a-u_strerr.o)
 .text          0x08014c00        0x0 c:/program files (x86)/gnu tools arm embedded/4.8 2013q4/bin/../lib/gcc/arm-none-eabi/4.8.3/../../../../arm-none-eabi/lib/armv7e-m\libc.a(lib_a-vfprintf.o)
 .text          0x08014c00        0x0 c:/program files (x86)/gnu tools arm embedded/4.8 2013q4/bin/../lib/gcc/arm-none-eabi/4.8.3/../../../../arm-none-eabi/lib/armv7e-m\libc.a(lib_a-wbuf.o)
 .text          0x08014c00        0x0 c:/program files (x86)/gnu tools arm embedded/4.8 2013q4/bin/../lib/gcc/arm-none-eabi/4.8.3/../../../../arm-none-eabi/lib/armv7e-m\libc.a(lib_a-writer.o)
 .text          0x08014c00        0x0 c:/program files (x86)/gnu tools arm embedded/4.8 2013q4/bin/../lib/gcc/arm-none-eabi/4.8.3/../../../../arm-none-eabi/lib/armv7e-m\libc.a(lib_a-wsetup.o)
 .text          0x08014c00        0x0 c:/program files (x86)/gnu tools arm embedded/4.8 2013q4/bin/../lib/gcc/arm-none-eabi/4.8.3/../../../../arm-none-eabi/lib/armv7e-m\libc.a(lib_a-__atexit.o)
 .text          0x08014c00        0x0 c:/program files (x86)/gnu tools arm embedded/4.8 2013q4/bin/../lib/gcc/arm-none-eabi/4.8.3/../../../../arm-none-eabi/lib/armv7e-m\libc.a(lib_a-__call_atexit.o)
 .text          0x08014c00        0x0 c:/program files (x86)/gnu tools arm embedded/4.8 2013q4/bin/../lib/gcc/arm-none-eabi/4.8.3/../../../../arm-none-eabi/lib/armv7e-m\libc.a(lib_a-atexit.o)
 .text          0x08014c00        0x0 c:/program files (x86)/gnu tools arm embedded/4.8 2013q4/bin/../lib/gcc/arm-none-eabi/4.8.3/../../../../arm-none-eabi/lib/armv7e-m\libc.a(lib_a-dtoa.o)
 .text          0x08014c00        0x0 c:/program files (x86)/gnu tools arm embedded/4.8 2013q4/bin/../lib/gcc/arm-none-eabi/4.8.3/../../../../arm-none-eabi/lib/armv7e-m\libc.a(lib_a-fflush.o)
 .text          0x08014c00        0x0 c:/program files (x86)/gnu tools arm embedded/4.8 2013q4/bin/../lib/gcc/arm-none-eabi/4.8.3/../../../../arm-none-eabi/lib/armv7e-m\libc.a(lib_a-findfp.o)
 .text          0x08014c00        0x0 c:/program files (x86)/gnu tools arm embedded/4.8 2013q4/bin/../lib/gcc/arm-none-eabi/4.8.3/../../../../arm-none-eabi/lib/armv7e-m\libc.a(lib_a-fini.o)
 .text          0x08014c00        0x0 c:/program files (x86)/gnu tools arm embedded/4.8 2013q4/bin/../lib/gcc/arm-none-eabi/4.8.3/../../../../arm-none-eabi/lib/armv7e-m\libc.a(lib_a-freer.o)
 .text          0x08014c00        0x0 c:/program files (x86)/gnu tools arm embedded/4.8 2013q4/bin/../lib/gcc/arm-none-eabi/4.8.3/../../../../arm-none-eabi/lib/armv7e-m\libc.a(lib_a-fwalk.o)
 .text          0x08014c00        0x0 c:/program files (x86)/gnu tools arm embedded/4.8 2013q4/bin/../lib/gcc/arm-none-eabi/4.8.3/../../../../arm-none-eabi/lib/armv7e-m\libc.a(lib_a-locale.o)
 .text          0x08014c00        0x0 c:/program files (x86)/gnu tools arm embedded/4.8 2013q4/bin/../lib/gcc/arm-none-eabi/4.8.3/../../../../arm-none-eabi/lib/armv7e-m\libc.a(lib_a-makebuf.o)
 .text          0x08014c00        0x0 c:/program files (x86)/gnu tools arm embedded/4.8 2013q4/bin/../lib/gcc/arm-none-eabi/4.8.3/../../../../arm-none-eabi/lib/armv7e-m\libc.a(lib_a-mprec.o)
 .text          0x08014c00        0x0 c:/program files (x86)/gnu tools arm embedded/4.8 2013q4/bin/../lib/gcc/arm-none-eabi/4.8.3/../../../../arm-none-eabi/lib/armv7e-m\libc.a(lib_a-stdio.o)
 .text          0x08014c00        0x0 c:/program files (x86)/gnu tools arm embedded/4.8 2013q4/bin/../lib/gcc/arm-none-eabi/4.8.3/../../../../arm-none-eabi/lib/armv7e-m\libc.a(lib_a-svfiprintf.o)
 .text          0x08014c00        0x0 c:/program files (x86)/gnu tools arm embedded/4.8 2013q4/bin/../lib/gcc/arm-none-eabi/4.8.3/../../../../arm-none-eabi/lib/armv7e-m\libc.a(lib_a-vfiprintf.o)
 .text          0x08014c00        0x0 c:/program files (x86)/gnu tools arm embedded/4.8 2013q4/bin/../lib/gcc/arm-none-eabi/4.8.3/../../../../arm-none-eabi/lib/armv7e-m\libc.a(lib_a-callocr.o)
 .text          0x08014c00        0x0 c:/program files (x86)/gnu tools arm embedded/4.8 2013q4/bin/../lib/gcc/arm-none-eabi/4.8.3/../../../../arm-none-eabi/lib/armv7e-m\libc.a(lib_a-closer.o)
 .text          0x08014c00        0x0 c:/program files (x86)/gnu tools arm embedded/4.8 2013q4/bin/../lib/gcc/arm-none-eabi/4.8.3/../../../../arm-none-eabi/lib/armv7e-m\libc.a(lib_a-fclose.o)
 .text          0x08014c00        0x0 c:/program files (x86)/gnu tools arm embedded/4.8 2013q4/bin/../lib/gcc/arm-none-eabi/4.8.3/../../../../arm-none-eabi/lib/armv7e-m\libc.a(lib_a-fputwc.o)
 .text          0x08014c00        0x0 c:/program files (x86)/gnu tools arm embedded/4.8 2013q4/bin/../lib/gcc/arm-none-eabi/4.8.3/../../../../arm-none-eabi/lib/armv7e-m\libc.a(lib_a-fstatr.o)
 .text          0x08014c00        0x0 c:/program files (x86)/gnu tools arm embedded/4.8 2013q4/bin/../lib/gcc/arm-none-eabi/4.8.3/../../../../arm-none-eabi/lib/armv7e-m\libc.a(lib_a-isattyr.o)
 .text          0x08014c00        0x0 c:/program files (x86)/gnu tools arm embedded/4.8 2013q4/bin/../lib/gcc/arm-none-eabi/4.8.3/../../../../arm-none-eabi/lib/armv7e-m\libc.a(lib_a-lseekr.o)
 .text          0x08014c00        0x0 c:/program files (x86)/gnu tools arm embedded/4.8 2013q4/bin/../lib/gcc/arm-none-eabi/4.8.3/../../../../arm-none-eabi/lib/armv7e-m\libc.a(lib_a-readr.o)
 .text          0x08014c00        0x0 c:/program files (x86)/gnu tools arm embedded/4.8 2013q4/bin/../lib/gcc/arm-none-eabi/4.8.3/../../../../arm-none-eabi/lib/armv7e-m\libc.a(lib_a-wcrtomb.o)
 .text          0x08014c00        0x0 c:/program files (x86)/gnu tools arm embedded/4.8 2013q4/bin/../lib/gcc/arm-none-eabi/4.8.3/../../../../arm-none-eabi/lib/armv7e-m\libc.a(lib_a-wctomb_r.o)
 .text          0x08014c00       0x2c c:/program files (x86)/gnu tools arm embedded/4.8 2013q4/bin/../lib/gcc/arm-none-eabi/4.8.3/armv7e-m\libgcc.a(_aeabi_uldivmod.o)
                0x08014c00                __aeabi_uldivmod
 .text          0x08014c2c       0x60 c:/program files (x86)/gnu tools arm embedded/4.8 2013q4/bin/../lib/gcc/arm-none-eabi/4.8.3/armv7e-m\libgcc.a(bpabi.o)
                0x08014c2c                __gnu_ldivmod_helper
                0x08014c5c                __gnu_uldivmod_helper
 .text          0x08014c8c        0x4 c:/program files (x86)/gnu tools arm embedded/4.8 2013q4/bin/../lib/gcc/arm-none-eabi/4.8.3/armv7e-m\libgcc.a(_dvmd_tls.o)
                0x08014c8c                __aeabi_idiv0
                0x08014c8c                __aeabi_ldiv0
 .text          0x08014c90      0x298 c:/program files (x86)/gnu tools arm embedded/4.8 2013q4/bin/../lib/gcc/arm-none-eabi/4.8.3/armv7e-m\libgcc.a(_divdi3.o)
                0x08014c90                __divdi3
 .text          0x08014f28      0x284 c:/program files (x86)/gnu tools arm embedded/4.8 2013q4/bin/../lib/gcc/arm-none-eabi/4.8.3/armv7e-m\libgcc.a(_udivdi3.o)
                0x08014f28                __udivdi3
 .text          0x080151ac        0x0 c:/program files (x86)/gnu tools arm embedded/4.8 2013q4/bin/../lib/gcc/arm-none-eabi/4.8.3/armv7e-m/crtend.o
 .text          0x080151ac        0x0 c:/program files (x86)/gnu tools arm embedded/4.8 2013q4/bin/../lib/gcc/arm-none-eabi/4.8.3/armv7e-m/crtn.o
 *(.text*)
 .text.Reset_Handler
                0x080151ac       0x4c ../build/obj/startup_stm32f4xx.o
                0x080151ac                Reset_Handler
 .text.Default_Handler
                0x080151f8        0x4 ../build/obj/startup_stm32f4xx.o
                0x080151f8                RTC_Alarm_IRQHandler
                0x080151f8                HASH_RNG_IRQHandler
                0x080151f8                EXTI2_IRQHandler
                0x080151f8                TIM8_CC_IRQHandler
                0x080151f8                TIM1_CC_IRQHandler
                0x080151f8                DMA1_Stream5_IRQHandler
                0x080151f8                PVD_IRQHandler
                0x080151f8                SDIO_IRQHandler
                0x080151f8                TAMP_STAMP_IRQHandler
                0x080151f8                PendSV_Handler
                0x080151f8                CAN2_RX1_IRQHandler
                0x080151f8                EXTI3_IRQHandler
                0x080151f8                TIM8_TRG_COM_TIM14_IRQHandler
                0x080151f8                TIM1_UP_TIM10_IRQHandler
                0x080151f8                TIM8_UP_TIM13_IRQHandler
                0x080151f8                I2C3_ER_IRQHandler
                0x080151f8                EXTI0_IRQHandler
                0x080151f8                I2C2_EV_IRQHandler
                0x080151f8                DMA1_Stream2_IRQHandler
                0x080151f8                CAN1_RX0_IRQHandler
                0x080151f8                FPU_IRQHandler
                0x080151f8                OTG_HS_WKUP_IRQHandler
                0x080151f8                CAN2_SCE_IRQHandler
                0x080151f8                DMA2_Stream2_IRQHandler
                0x080151f8                SPI1_IRQHandler
                0x080151f8                TIM6_DAC_IRQHandler
                0x080151f8                TIM1_BRK_TIM9_IRQHandler
                0x080151f8                DCMI_IRQHandler
                0x080151f8                CAN2_RX0_IRQHandler
                0x080151f8                DMA2_Stream3_IRQHandler
                0x080151f8                USART6_IRQHandler
                0x080151f8                USART3_IRQHandler
                0x080151f8                CRYP_IRQHandler
                0x080151f8                CAN1_RX1_IRQHandler
                0x080151f8                UART5_IRQHandler
                0x080151f8                TIM4_IRQHandler
                0x080151f8                I2C1_EV_IRQHandler
                0x080151f8                DMA1_Stream6_IRQHandler
                0x080151f8                DMA1_Stream1_IRQHandler
                0x080151f8                UART4_IRQHandler
                0x080151f8                TIM3_IRQHandler
                0x080151f8                RCC_IRQHandler
                0x080151f8                TIM8_BRK_TIM12_IRQHandler
                0x080151f8                Default_Handler
                0x080151f8                ADC_IRQHandler
                0x080151f8                DMA1_Stream7_IRQHandler
                0x080151f8                TIM7_IRQHandler
                0x080151f8                CAN2_TX_IRQHandler
                0x080151f8                TIM5_IRQHandler
                0x080151f8                DMA2_Stream7_IRQHandler
                0x080151f8                I2C3_EV_IRQHandler
                0x080151f8                EXTI9_5_IRQHandler
                0x080151f8                RTC_WKUP_IRQHandler
                0x080151f8                ETH_WKUP_IRQHandler
                0x080151f8                SPI2_IRQHandler
                0x080151f8                OTG_HS_EP1_IN_IRQHandler
                0x080151f8                DMA1_Stream0_IRQHandler
                0x080151f8                CAN1_TX_IRQHandler
                0x080151f8                SVC_Handler
                0x080151f8                EXTI4_IRQHandler
                0x080151f8                FSMC_IRQHandler
                0x080151f8                ETH_IRQHandler
                0x080151f8                OTG_HS_EP1_OUT_IRQHandler
                0x080151f8                WWDG_IRQHandler
                0x080151f8                OTG_FS_WKUP_IRQHandler
                0x080151f8                TIM1_TRG_COM_TIM11_IRQHandler
                0x080151f8                OTG_HS_IRQHandler
                0x080151f8                EXTI1_IRQHandler
                0x080151f8                USART2_IRQHandler
                0x080151f8                I2C2_ER_IRQHandler
                0x080151f8                DMA2_Stream1_IRQHandler
                0x080151f8                CAN1_SCE_IRQHandler
                0x080151f8                FLASH_IRQHandler
                0x080151f8                DMA2_Stream4_IRQHandler
                0x080151f8                USART1_IRQHandler
                0x080151f8                OTG_FS_IRQHandler
                0x080151f8                SPI3_IRQHandler
                0x080151f8                DMA1_Stream4_IRQHandler
                0x080151f8                I2C1_ER_IRQHandler
                0x080151f8                DMA2_Stream6_IRQHandler
                0x080151f8                DMA1_Stream3_IRQHandler
 .text.pow      0x080151fc      0x2f8 c:/program files (x86)/gnu tools arm embedded/4.8 2013q4/bin/../lib/gcc/arm-none-eabi/4.8.3/../../../../arm-none-eabi/lib/armv7e-m\libm.a(lib_a-w_pow.o)
                0x080151fc                pow
 *fill*         0x080154f4        0x4 
 .text.__ieee754_pow
                0x080154f8      0xa78 c:/program files (x86)/gnu tools arm embedded/4.8 2013q4/bin/../lib/gcc/arm-none-eabi/4.8.3/../../../../arm-none-eabi/lib/armv7e-m\libm.a(lib_a-e_pow.o)
                0x080154f8                __ieee754_pow
 .text.__ieee754_sqrt
                0x08015f70      0x180 c:/program files (x86)/gnu tools arm embedded/4.8 2013q4/bin/../lib/gcc/arm-none-eabi/4.8.3/../../../../arm-none-eabi/lib/armv7e-m\libm.a(lib_a-e_sqrt.o)
                0x08015f70                __ieee754_sqrt
 .text.fabs     0x080160f0        0x8 c:/program files (x86)/gnu tools arm embedded/4.8 2013q4/bin/../lib/gcc/arm-none-eabi/4.8.3/../../../../arm-none-eabi/lib/armv7e-m\libm.a(lib_a-s_fabs.o)
                0x080160f0                fabs
 .text.finite   0x080160f8        0xc c:/program files (x86)/gnu tools arm embedded/4.8 2013q4/bin/../lib/gcc/arm-none-eabi/4.8.3/../../../../arm-none-eabi/lib/armv7e-m\libm.a(lib_a-s_finite.o)
                0x080160f8                finite
 .text.__fpclassifyd
                0x08016104       0x50 c:/program files (x86)/gnu tools arm embedded/4.8 2013q4/bin/../lib/gcc/arm-none-eabi/4.8.3/../../../../arm-none-eabi/lib/armv7e-m\libm.a(lib_a-s_fpclassify.o)
                0x08016104                __fpclassifyd
 .text.matherr  0x08016154        0x4 c:/program files (x86)/gnu tools arm embedded/4.8 2013q4/bin/../lib/gcc/arm-none-eabi/4.8.3/../../../../arm-none-eabi/lib/armv7e-m\libm.a(lib_a-s_matherr.o)
                0x08016154                matherr
 .text.nan      0x08016158        0xc c:/program files (x86)/gnu tools arm embedded/4.8 2013q4/bin/../lib/gcc/arm-none-eabi/4.8.3/../../../../arm-none-eabi/lib/armv7e-m\libm.a(lib_a-s_nan.o)
                0x08016158                nan
 .text.rint     0x08016164      0x118 c:/program files (x86)/gnu tools arm embedded/4.8 2013q4/bin/../lib/gcc/arm-none-eabi/4.8.3/../../../../arm-none-eabi/lib/armv7e-m\libm.a(lib_a-s_rint.o)
                0x08016164                rint
 *fill*         0x0801627c        0x4 
 .text.scalbn   0x08016280      0x118 c:/program files (x86)/gnu tools arm embedded/4.8 2013q4/bin/../lib/gcc/arm-none-eabi/4.8.3/../../../../arm-none-eabi/lib/armv7e-m\libm.a(lib_a-s_scalbn.o)
                0x08016280                scalbn
 .text.copysign
                0x08016398       0x14 c:/program files (x86)/gnu tools arm embedded/4.8 2013q4/bin/../lib/gcc/arm-none-eabi/4.8.3/../../../../arm-none-eabi/lib/armv7e-m\libm.a(lib_a-s_copysign.o)
                0x08016398                copysign
 .text.__aeabi_atexit
                0x080163ac        0xc c:/program files (x86)/gnu tools arm embedded/4.8 2013q4/bin/../lib/gcc/arm-none-eabi/4.8.3/../../../../arm-none-eabi/lib/armv7e-m\libstdc++.a(atexit_arm.o)
                0x080163ac                __aeabi_atexit
 .text._Znwj    0x080163b8       0x58 c:/program files (x86)/gnu tools arm embedded/4.8 2013q4/bin/../lib/gcc/arm-none-eabi/4.8.3/../../../../arm-none-eabi/lib/armv7e-m\libstdc++.a(new_op.o)
                0x080163b8                operator new(unsigned int)
 .text._ZL12read_sleb128PKhPl
                0x08016410       0x34 c:/program files (x86)/gnu tools arm embedded/4.8 2013q4/bin/../lib/gcc/arm-none-eabi/4.8.3/../../../../arm-none-eabi/lib/armv7e-m\libstdc++.a(eh_personality.o)
 .text._ZL28read_encoded_value_with_basehjPKhPj
                0x08016444       0xb0 c:/program files (x86)/gnu tools arm embedded/4.8 2013q4/bin/../lib/gcc/arm-none-eabi/4.8.3/../../../../arm-none-eabi/lib/armv7e-m\libstdc++.a(eh_personality.o)
 .text._ZL21base_of_encoded_valuehP15_Unwind_Context
                0x080164f4       0x4c c:/program files (x86)/gnu tools arm embedded/4.8 2013q4/bin/../lib/gcc/arm-none-eabi/4.8.3/../../../../arm-none-eabi/lib/armv7e-m\libstdc++.a(eh_personality.o)
 .text._ZL17parse_lsda_headerP15_Unwind_ContextPKhP16lsda_header_info
                0x08016540       0x98 c:/program files (x86)/gnu tools arm embedded/4.8 2013q4/bin/../lib/gcc/arm-none-eabi/4.8.3/../../../../arm-none-eabi/lib/armv7e-m\libstdc++.a(eh_personality.o)
 .text.__gxx_personality_v0
                0x080165d8      0x408 c:/program files (x86)/gnu tools arm embedded/4.8 2013q4/bin/../lib/gcc/arm-none-eabi/4.8.3/../../../../arm-none-eabi/lib/armv7e-m\libstdc++.a(eh_personality.o)
                0x080165d8                __gxx_personality_v0
 .text.__cxa_allocate_exception
                0x080169e0       0x60 c:/program files (x86)/gnu tools arm embedded/4.8 2013q4/bin/../lib/gcc/arm-none-eabi/4.8.3/../../../../arm-none-eabi/lib/armv7e-m\libstdc++.a(eh_alloc.o)
                0x080169e0                __cxa_allocate_exception
 .text.__cxa_free_exception
                0x08016a40       0x34 c:/program files (x86)/gnu tools arm embedded/4.8 2013q4/bin/../lib/gcc/arm-none-eabi/4.8.3/../../../../arm-none-eabi/lib/armv7e-m\libstdc++.a(eh_alloc.o)
                0x08016a40                __cxa_free_exception
 .text.__cxa_allocate_dependent_exception
                0x08016a74       0x58 c:/program files (x86)/gnu tools arm embedded/4.8 2013q4/bin/../lib/gcc/arm-none-eabi/4.8.3/../../../../arm-none-eabi/lib/armv7e-m\libstdc++.a(eh_alloc.o)
                0x08016a74                __cxa_allocate_dependent_exception
 .text.__cxa_free_dependent_exception
                0x08016acc       0x3c c:/program files (x86)/gnu tools arm embedded/4.8 2013q4/bin/../lib/gcc/arm-none-eabi/4.8.3/../../../../arm-none-eabi/lib/armv7e-m\libstdc++.a(eh_alloc.o)
                0x08016acc                __cxa_free_dependent_exception
 .text._ZN10__cxxabiv111__terminateEPFvvE
                0x08016b08       0x28 c:/program files (x86)/gnu tools arm embedded/4.8 2013q4/bin/../lib/gcc/arm-none-eabi/4.8.3/../../../../arm-none-eabi/lib/armv7e-m\libstdc++.a(eh_terminate.o)
                0x08016b08                __cxxabiv1::__terminate(void (*)())
 .text._ZSt9terminatev
                0x08016b30       0x10 c:/program files (x86)/gnu tools arm embedded/4.8 2013q4/bin/../lib/gcc/arm-none-eabi/4.8.3/../../../../arm-none-eabi/lib/armv7e-m\libstdc++.a(eh_terminate.o)
                0x08016b30                std::terminate()
 .text._ZN10__cxxabiv112__unexpectedEPFvvE
                0x08016b40        0x8 c:/program files (x86)/gnu tools arm embedded/4.8 2013q4/bin/../lib/gcc/arm-none-eabi/4.8.3/../../../../arm-none-eabi/lib/armv7e-m\libstdc++.a(eh_terminate.o)
                0x08016b40                __cxxabiv1::__unexpected(void (*)())
 .text._ZSt10unexpectedv
                0x08016b48       0x10 c:/program files (x86)/gnu tools arm embedded/4.8 2013q4/bin/../lib/gcc/arm-none-eabi/4.8.3/../../../../arm-none-eabi/lib/armv7e-m\libstdc++.a(eh_terminate.o)
                0x08016b48                std::unexpected()
 .text._ZSt13set_terminatePFvvE
                0x08016b58       0x10 c:/program files (x86)/gnu tools arm embedded/4.8 2013q4/bin/../lib/gcc/arm-none-eabi/4.8.3/../../../../arm-none-eabi/lib/armv7e-m\libstdc++.a(eh_terminate.o)
                0x08016b58                std::set_terminate(void (*)())
 .text._ZSt14set_unexpectedPFvvE
                0x08016b68       0x10 c:/program files (x86)/gnu tools arm embedded/4.8 2013q4/bin/../lib/gcc/arm-none-eabi/4.8.3/../../../../arm-none-eabi/lib/armv7e-m\libstdc++.a(eh_terminate.o)
                0x08016b68                std::set_unexpected(void (*)())
 .text._ZNKSs4dataEv
                0x08016b78        0x4 c:/program files (x86)/gnu tools arm embedded/4.8 2013q4/bin/../lib/gcc/arm-none-eabi/4.8.3/../../../../arm-none-eabi/lib/armv7e-m\libstdc++.a(string-inst.o)
                0x08016b78                std::string::data() const
 .text._ZNKSs6lengthEv
                0x08016b7c        0x8 c:/program files (x86)/gnu tools arm embedded/4.8 2013q4/bin/../lib/gcc/arm-none-eabi/4.8.3/../../../../arm-none-eabi/lib/armv7e-m\libstdc++.a(string-inst.o)
                0x08016b7c                std::string::length() const
 .text._ZNKSs7_M_dataEv
                0x08016b84        0x4 c:/program files (x86)/gnu tools arm embedded/4.8 2013q4/bin/../lib/gcc/arm-none-eabi/4.8.3/../../../../arm-none-eabi/lib/armv7e-m\libstdc++.a(string-inst.o)
                0x08016b84                std::string::_M_data() const
 .text._ZNSs7_M_dataEPc
                0x08016b88        0x8 c:/program files (x86)/gnu tools arm embedded/4.8 2013q4/bin/../lib/gcc/arm-none-eabi/4.8.3/../../../../arm-none-eabi/lib/armv7e-m\libstdc++.a(string-inst.o)
                0x08016b88                std::string::_M_data(char*)
 .text._ZNKSs6_M_repEv
                0x08016b90        0x8 c:/program files (x86)/gnu tools arm embedded/4.8 2013q4/bin/../lib/gcc/arm-none-eabi/4.8.3/../../../../arm-none-eabi/lib/armv7e-m\libstdc++.a(string-inst.o)
                0x08016b90                std::string::_M_rep() const
 .text._ZNKSs9_M_ibeginEv
                0x08016b98        0x4 c:/program files (x86)/gnu tools arm embedded/4.8 2013q4/bin/../lib/gcc/arm-none-eabi/4.8.3/../../../../arm-none-eabi/lib/armv7e-m\libstdc++.a(string-inst.o)
                0x08016b98                std::string::_M_ibegin() const
 .text._ZNKSs7_M_iendEv
                0x08016b9c        0xc c:/program files (x86)/gnu tools arm embedded/4.8 2013q4/bin/../lib/gcc/arm-none-eabi/4.8.3/../../../../arm-none-eabi/lib/armv7e-m\libstdc++.a(string-inst.o)
                0x08016b9c                std::string::_M_iend() const
 .text._ZNKSs8_M_checkEjPKc
                0x08016ba8       0x18 c:/program files (x86)/gnu tools arm embedded/4.8 2013q4/bin/../lib/gcc/arm-none-eabi/4.8.3/../../../../arm-none-eabi/lib/armv7e-m\libstdc++.a(string-inst.o)
                0x08016ba8                std::string::_M_check(unsigned int, char const*) const
 .text._ZNKSs15_M_check_lengthEjjPKc
                0x08016bc0       0x20 c:/program files (x86)/gnu tools arm embedded/4.8 2013q4/bin/../lib/gcc/arm-none-eabi/4.8.3/../../../../arm-none-eabi/lib/armv7e-m\libstdc++.a(string-inst.o)
                0x08016bc0                std::string::_M_check_length(unsigned int, unsigned int, char const*) const
 .text._ZNKSs8_M_limitEjj
                0x08016be0       0x10 c:/program files (x86)/gnu tools arm embedded/4.8 2013q4/bin/../lib/gcc/arm-none-eabi/4.8.3/../../../../arm-none-eabi/lib/armv7e-m\libstdc++.a(string-inst.o)
                0x08016be0                std::string::_M_limit(unsigned int, unsigned int) const
 .text._ZNKSs11_M_disjunctEPKc
                0x08016bf0       0x1c c:/program files (x86)/gnu tools arm embedded/4.8 2013q4/bin/../lib/gcc/arm-none-eabi/4.8.3/../../../../arm-none-eabi/lib/armv7e-m\libstdc++.a(string-inst.o)
                0x08016bf0                std::string::_M_disjunct(char const*) const
 .text._ZNSs7_M_copyEPcPKcj
                0x08016c0c       0x18 c:/program files (x86)/gnu tools arm embedded/4.8 2013q4/bin/../lib/gcc/arm-none-eabi/4.8.3/../../../../arm-none-eabi/lib/armv7e-m\libstdc++.a(string-inst.o)
                0x08016c0c                std::string::_M_copy(char*, char const*, unsigned int)
 .text._ZNSs7_M_moveEPcPKcj
                0x08016c24       0x18 c:/program files (x86)/gnu tools arm embedded/4.8 2013q4/bin/../lib/gcc/arm-none-eabi/4.8.3/../../../../arm-none-eabi/lib/armv7e-m\libstdc++.a(string-inst.o)
                0x08016c24                std::string::_M_move(char*, char const*, unsigned int)
 .text._ZNSs9_M_assignEPcjc
                0x08016c3c       0x14 c:/program files (x86)/gnu tools arm embedded/4.8 2013q4/bin/../lib/gcc/arm-none-eabi/4.8.3/../../../../arm-none-eabi/lib/armv7e-m\libstdc++.a(string-inst.o)
                0x08016c3c                std::string::_M_assign(char*, unsigned int, char)
 .text._ZNSs13_S_copy_charsEPcN9__gnu_cxx17__normal_iteratorIS_SsEES2_
                0x08016c50       0x1c c:/program files (x86)/gnu tools arm embedded/4.8 2013q4/bin/../lib/gcc/arm-none-eabi/4.8.3/../../../../arm-none-eabi/lib/armv7e-m\libstdc++.a(string-inst.o)
                0x08016c50                std::string::_S_copy_chars(char*, __gnu_cxx::__normal_iterator<char*, std::string>, __gnu_cxx::__normal_iterator<char*, std::string>)
 .text._ZNSs13_S_copy_charsEPcN9__gnu_cxx17__normal_iteratorIPKcSsEES4_
                0x08016c6c       0x1c c:/program files (x86)/gnu tools arm embedded/4.8 2013q4/bin/../lib/gcc/arm-none-eabi/4.8.3/../../../../arm-none-eabi/lib/armv7e-m\libstdc++.a(string-inst.o)
                0x08016c6c                std::string::_S_copy_chars(char*, __gnu_cxx::__normal_iterator<char const*, std::string>, __gnu_cxx::__normal_iterator<char const*, std::string>)
 .text._ZNSs13_S_copy_charsEPcS_S_
                0x08016c88       0x1c c:/program files (x86)/gnu tools arm embedded/4.8 2013q4/bin/../lib/gcc/arm-none-eabi/4.8.3/../../../../arm-none-eabi/lib/armv7e-m\libstdc++.a(string-inst.o)
                0x08016c88                std::string::_S_copy_chars(char*, char*, char*)
 .text._ZNSs13_S_copy_charsEPcPKcS1_
                0x08016ca4       0x1c c:/program files (x86)/gnu tools arm embedded/4.8 2013q4/bin/../lib/gcc/arm-none-eabi/4.8.3/../../../../arm-none-eabi/lib/armv7e-m\libstdc++.a(string-inst.o)
                0x08016ca4                std::string::_S_copy_chars(char*, char const*, char const*)
 .text._ZNSs10_S_compareEjj
                0x08016cc0        0x4 c:/program files (x86)/gnu tools arm embedded/4.8 2013q4/bin/../lib/gcc/arm-none-eabi/4.8.3/../../../../arm-none-eabi/lib/armv7e-m\libstdc++.a(string-inst.o)
                0x08016cc0                std::string::_S_compare(unsigned int, unsigned int)
 .text._ZNSs12_S_empty_repEv
                0x08016cc4        0x8 c:/program files (x86)/gnu tools arm embedded/4.8 2013q4/bin/../lib/gcc/arm-none-eabi/4.8.3/../../../../arm-none-eabi/lib/armv7e-m\libstdc++.a(string-inst.o)
                0x08016cc4                std::string::_S_empty_rep()
 .text._ZNSsC2Ev
                0x08016ccc        0xc c:/program files (x86)/gnu tools arm embedded/4.8 2013q4/bin/../lib/gcc/arm-none-eabi/4.8.3/../../../../arm-none-eabi/lib/armv7e-m\libstdc++.a(string-inst.o)
                0x08016ccc                std::basic_string<char, std::char_traits<char>, std::allocator<char> >::basic_string()
                0x08016ccc                std::basic_string<char, std::char_traits<char>, std::allocator<char> >::basic_string()
 .text._ZNSsC2EOSs
                0x08016cd8       0x10 c:/program files (x86)/gnu tools arm embedded/4.8 2013q4/bin/../lib/gcc/arm-none-eabi/4.8.3/../../../../arm-none-eabi/lib/armv7e-m\libstdc++.a(string-inst.o)
                0x08016cd8                std::basic_string<char, std::char_traits<char>, std::allocator<char> >::basic_string(std::string&&)
                0x08016cd8                std::basic_string<char, std::char_traits<char>, std::allocator<char> >::basic_string(std::string&&)
 .text._ZNKSs5beginEv
                0x08016ce8        0x4 c:/program files (x86)/gnu tools arm embedded/4.8 2013q4/bin/../lib/gcc/arm-none-eabi/4.8.3/../../../../arm-none-eabi/lib/armv7e-m\libstdc++.a(string-inst.o)
                0x08016ce8                std::string::begin() const
 .text._ZNKSs3endEv
                0x08016cec        0xc c:/program files (x86)/gnu tools arm embedded/4.8 2013q4/bin/../lib/gcc/arm-none-eabi/4.8.3/../../../../arm-none-eabi/lib/armv7e-m\libstdc++.a(string-inst.o)
                0x08016cec                std::string::end() const
 .text._ZNKSs6rbeginEv
                0x08016cf8        0xc c:/program files (x86)/gnu tools arm embedded/4.8 2013q4/bin/../lib/gcc/arm-none-eabi/4.8.3/../../../../arm-none-eabi/lib/armv7e-m\libstdc++.a(string-inst.o)
                0x08016cf8                std::string::rbegin() const
 .text._ZNKSs4rendEv
                0x08016d04        0x8 c:/program files (x86)/gnu tools arm embedded/4.8 2013q4/bin/../lib/gcc/arm-none-eabi/4.8.3/../../../../arm-none-eabi/lib/armv7e-m\libstdc++.a(string-inst.o)
                0x08016d04                std::string::rend() const
 .text._ZNKSs6cbeginEv
                0x08016d0c        0x4 c:/program files (x86)/gnu tools arm embedded/4.8 2013q4/bin/../lib/gcc/arm-none-eabi/4.8.3/../../../../arm-none-eabi/lib/armv7e-m\libstdc++.a(string-inst.o)
                0x08016d0c                std::string::cbegin() const
 .text._ZNKSs4cendEv
                0x08016d10        0xc c:/program files (x86)/gnu tools arm embedded/4.8 2013q4/bin/../lib/gcc/arm-none-eabi/4.8.3/../../../../arm-none-eabi/lib/armv7e-m\libstdc++.a(string-inst.o)
                0x08016d10                std::string::cend() const
 .text._ZNKSs7crbeginEv
                0x08016d1c        0xc c:/program files (x86)/gnu tools arm embedded/4.8 2013q4/bin/../lib/gcc/arm-none-eabi/4.8.3/../../../../arm-none-eabi/lib/armv7e-m\libstdc++.a(string-inst.o)
                0x08016d1c                std::string::crbegin() const
 .text._ZNKSs5crendEv
                0x08016d28        0x8 c:/program files (x86)/gnu tools arm embedded/4.8 2013q4/bin/../lib/gcc/arm-none-eabi/4.8.3/../../../../arm-none-eabi/lib/armv7e-m\libstdc++.a(string-inst.o)
                0x08016d28                std::string::crend() const
 .text._ZNKSs4sizeEv
                0x08016d30        0x8 c:/program files (x86)/gnu tools arm embedded/4.8 2013q4/bin/../lib/gcc/arm-none-eabi/4.8.3/../../../../arm-none-eabi/lib/armv7e-m\libstdc++.a(string-inst.o)
                0x08016d30                std::string::size() const
 .text._ZNKSs8max_sizeEv
                0x08016d38        0x8 c:/program files (x86)/gnu tools arm embedded/4.8 2013q4/bin/../lib/gcc/arm-none-eabi/4.8.3/../../../../arm-none-eabi/lib/armv7e-m\libstdc++.a(string-inst.o)
                0x08016d38                std::string::max_size() const
 .text._ZNKSs8capacityEv
                0x08016d40        0x8 c:/program files (x86)/gnu tools arm embedded/4.8 2013q4/bin/../lib/gcc/arm-none-eabi/4.8.3/../../../../arm-none-eabi/lib/armv7e-m\libstdc++.a(string-inst.o)
                0x08016d40                std::string::capacity() const
 .text._ZNKSs5emptyEv
                0x08016d48       0x10 c:/program files (x86)/gnu tools arm embedded/4.8 2013q4/bin/../lib/gcc/arm-none-eabi/4.8.3/../../../../arm-none-eabi/lib/armv7e-m\libstdc++.a(string-inst.o)
                0x08016d48                std::string::empty() const
 .text._ZNKSsixEj
                0x08016d58        0x8 c:/program files (x86)/gnu tools arm embedded/4.8 2013q4/bin/../lib/gcc/arm-none-eabi/4.8.3/../../../../arm-none-eabi/lib/armv7e-m\libstdc++.a(string-inst.o)
                0x08016d58                std::string::operator[](unsigned int) const
 .text._ZNKSs2atEj
                0x08016d60       0x1c c:/program files (x86)/gnu tools arm embedded/4.8 2013q4/bin/../lib/gcc/arm-none-eabi/4.8.3/../../../../arm-none-eabi/lib/armv7e-m\libstdc++.a(string-inst.o)
                0x08016d60                std::string::at(unsigned int) const
 .text._ZNKSs5frontEv
                0x08016d7c        0x4 c:/program files (x86)/gnu tools arm embedded/4.8 2013q4/bin/../lib/gcc/arm-none-eabi/4.8.3/../../../../arm-none-eabi/lib/armv7e-m\libstdc++.a(string-inst.o)
                0x08016d7c                std::string::front() const
 .text._ZNKSs4backEv
                0x08016d80        0xc c:/program files (x86)/gnu tools arm embedded/4.8 2013q4/bin/../lib/gcc/arm-none-eabi/4.8.3/../../../../arm-none-eabi/lib/armv7e-m\libstdc++.a(string-inst.o)
                0x08016d80                std::string::back() const
 .text._ZNKSs4copyEPcjj
                0x08016d8c       0x40 c:/program files (x86)/gnu tools arm embedded/4.8 2013q4/bin/../lib/gcc/arm-none-eabi/4.8.3/../../../../arm-none-eabi/lib/armv7e-m\libstdc++.a(string-inst.o)
                0x08016d8c                std::string::copy(char*, unsigned int, unsigned int) const
 .text._ZNSs4swapERSs
                0x08016dcc       0x30 c:/program files (x86)/gnu tools arm embedded/4.8 2013q4/bin/../lib/gcc/arm-none-eabi/4.8.3/../../../../arm-none-eabi/lib/armv7e-m\libstdc++.a(string-inst.o)
                0x08016dcc                std::string::swap(std::string&)
 .text._ZNSsaSEOSs
                0x08016dfc        0xc c:/program files (x86)/gnu tools arm embedded/4.8 2013q4/bin/../lib/gcc/arm-none-eabi/4.8.3/../../../../arm-none-eabi/lib/armv7e-m\libstdc++.a(string-inst.o)
                0x08016dfc                std::string::operator=(std::string&&)
 .text._ZNSs6assignEOSs
                0x08016e08        0xc c:/program files (x86)/gnu tools arm embedded/4.8 2013q4/bin/../lib/gcc/arm-none-eabi/4.8.3/../../../../arm-none-eabi/lib/armv7e-m\libstdc++.a(string-inst.o)
                0x08016e08                std::string::assign(std::string&&)
 .text._ZNKSs5c_strEv
                0x08016e14        0x4 c:/program files (x86)/gnu tools arm embedded/4.8 2013q4/bin/../lib/gcc/arm-none-eabi/4.8.3/../../../../arm-none-eabi/lib/armv7e-m\libstdc++.a(string-inst.o)
                0x08016e14                std::string::c_str() const
 .text._ZNKSs13get_allocatorEv
                0x08016e18        0x4 c:/program files (x86)/gnu tools arm embedded/4.8 2013q4/bin/../lib/gcc/arm-none-eabi/4.8.3/../../../../arm-none-eabi/lib/armv7e-m\libstdc++.a(string-inst.o)
                0x08016e18                std::string::get_allocator() const
 .text._ZNKSs4findEPKcjj
                0x08016e1c       0x68 c:/program files (x86)/gnu tools arm embedded/4.8 2013q4/bin/../lib/gcc/arm-none-eabi/4.8.3/../../../../arm-none-eabi/lib/armv7e-m\libstdc++.a(string-inst.o)
                0x08016e1c                std::string::find(char const*, unsigned int, unsigned int) const
 .text._ZNKSs4findERKSsj
                0x08016e84       0x10 c:/program files (x86)/gnu tools arm embedded/4.8 2013q4/bin/../lib/gcc/arm-none-eabi/4.8.3/../../../../arm-none-eabi/lib/armv7e-m\libstdc++.a(string-inst.o)
                0x08016e84                std::string::find(std::string const&, unsigned int) const
 .text._ZNKSs4findEPKcj
                0x08016e94       0x1c c:/program files (x86)/gnu tools arm embedded/4.8 2013q4/bin/../lib/gcc/arm-none-eabi/4.8.3/../../../../arm-none-eabi/lib/armv7e-m\libstdc++.a(string-inst.o)
                0x08016e94                std::string::find(char const*, unsigned int) const
 .text._ZNKSs4findEcj
                0x08016eb0       0x24 c:/program files (x86)/gnu tools arm embedded/4.8 2013q4/bin/../lib/gcc/arm-none-eabi/4.8.3/../../../../arm-none-eabi/lib/armv7e-m\libstdc++.a(string-inst.o)
                0x08016eb0                std::string::find(char, unsigned int) const
 .text._ZNKSs5rfindEPKcjj
                0x08016ed4       0x3c c:/program files (x86)/gnu tools arm embedded/4.8 2013q4/bin/../lib/gcc/arm-none-eabi/4.8.3/../../../../arm-none-eabi/lib/armv7e-m\libstdc++.a(string-inst.o)
                0x08016ed4                std::string::rfind(char const*, unsigned int, unsigned int) const
 .text._ZNKSs5rfindERKSsj
                0x08016f10       0x10 c:/program files (x86)/gnu tools arm embedded/4.8 2013q4/bin/../lib/gcc/arm-none-eabi/4.8.3/../../../../arm-none-eabi/lib/armv7e-m\libstdc++.a(string-inst.o)
                0x08016f10                std::string::rfind(std::string const&, unsigned int) const
 .text._ZNKSs5rfindEPKcj
                0x08016f20       0x1c c:/program files (x86)/gnu tools arm embedded/4.8 2013q4/bin/../lib/gcc/arm-none-eabi/4.8.3/../../../../arm-none-eabi/lib/armv7e-m\libstdc++.a(string-inst.o)
                0x08016f20                std::string::rfind(char const*, unsigned int) const
 .text._ZNKSs5rfindEcj
                0x08016f3c       0x34 c:/program files (x86)/gnu tools arm embedded/4.8 2013q4/bin/../lib/gcc/arm-none-eabi/4.8.3/../../../../arm-none-eabi/lib/armv7e-m\libstdc++.a(string-inst.o)
                0x08016f3c                std::string::rfind(char, unsigned int) const
 .text._ZNKSs13find_first_ofEPKcjj
                0x08016f70       0x38 c:/program files (x86)/gnu tools arm embedded/4.8 2013q4/bin/../lib/gcc/arm-none-eabi/4.8.3/../../../../arm-none-eabi/lib/armv7e-m\libstdc++.a(string-inst.o)
                0x08016f70                std::string::find_first_of(char const*, unsigned int, unsigned int) const
 .text._ZNKSs13find_first_ofERKSsj
                0x08016fa8       0x10 c:/program files (x86)/gnu tools arm embedded/4.8 2013q4/bin/../lib/gcc/arm-none-eabi/4.8.3/../../../../arm-none-eabi/lib/armv7e-m\libstdc++.a(string-inst.o)
                0x08016fa8                std::string::find_first_of(std::string const&, unsigned int) const
 .text._ZNKSs13find_first_ofEPKcj